192.168.9.87 - - [20/Dec/2017:15:49:00 +0800] "POST /clinic/jky HTTP/1.1" 200 890 "-" "Mozilla/5.0 (Windows NT 6.1; WOW64) AppleWebKit/537.36 (KHTML, like Gecko) Chrome/39.0.2171.95 Safari/537.36"
192.168.9.87 - - [20/Dec/2017:15:49:00 +0800] "POST /clinic/jky HTTP/1.1" 200 901 "-" "Mozilla/5.0 (Windows NT 6.1; WOW64) AppleWebKit/537.36 (KHTML, like Gecko) Chrome/39.0.2171.95 Safari/537.36"
192.168.9.114 - - [20/Dec/2017:15:49:01 +0800] "POST /archive/api/archiveInfo HTTP/1.1" 200 114 "-" "Mozilla/4.0 (compatible; MSIE 6.0; Windows NT 5.1;SV1)"
12.113.50.117 - - [20/Dec/2017:15:49:01 +0800] "POST /clinic/jky HTTP/1.1" 200 1452 "-" "Mozilla/5.0 (Windows NT 6.1; WOW64) AppleWebKit/537.36 (KHTML, like Gecko) Chrome/39.0.2171.95 Safari/537.36"
192.168.9.114 - - [20/Dec/2017:15:49:01 +0800] "POST /archive/api/archiveInfo HTTP/1.1" 200 114 "-" "Mozilla/4.0 (compatible; MSIE 6.0; Windows NT 5.1;SV1)"
192.168.9.114 - - [20/Dec/2017:15:49:01 +0800] "POST /archive/api/archiveInfo HTTP/1.1" 200 114 "-" "Mozilla/4.0 (compatible; MSIE 6.0; Windows NT 5.1;SV1)"
12.113.50.117 - - [20/Dec/2017:15:49:01 +0800] "POST /clinic/jky HTTP/1.1" 200 1452 "-" "Mozilla/5.0 (Windows NT 6.1; WOW64) AppleWebKit/537.36 (KHTML, like Gecko) Chrome/39.0.2171.95 Safari/537.36"
12.113.50.117 - - [20/Dec/2017:15:49:01 +0800] "POST /clinic/jky HTTP/1.1" 200 1452 "-" "Mozilla/5.0 (Windows NT 6.1; WOW64) AppleWebKit/537.36 (KHTML, like Gecko) Chrome/39.0.2171.95 Safari/537.36"
192.168.9.114 - - [20/Dec/2017:15:49:01 +0800] "POST /archive/api/archiveInfo HTTP/1.1" 200 114 "-" "Mozilla/4.0 (compatible; MSIE 6.0; Windows NT 5.1;SV1)"
192.168.9.87 - - [20/Dec/2017:15:49:01 +0800] "POST /clinic/jky HTTP/1.1" 200 1250 "-" "Mozilla/5.0 (Windows NT 6.1; WOW64) AppleWebKit/537.36 (KHTML, like Gecko) Chrome/39.0.2171.95 Safari/537.36"
192.168.9.114 - - [20/Dec/2017:15:49:01 +0800] "POST /archive/api/archiveInfo HTTP/1.1" 200 114 "-" "Mozilla/4.0 (compatible; MSIE 6.0; Windows NT 5.1;SV1)"
192.168.9.114 - - [20/Dec/2017:15:49:01 +0800] "POST /archive/api/archiveInfo HTTP/1.1" 200 114 "-" "Mozilla/4.0 (compatible; MSIE 6.0; Windows NT 5.1;SV1)"
192.168.9.87 - - [20/Dec/2017:15:49:01 +0800] "POST /clinic/jky HTTP/1.1" 200 879 "-" "Mozilla/5.0 (Windows NT 6.1; WOW64) AppleWebKit/537.36 (KHTML, like Gecko) Chrome/39.0.2171.95 Safari/537.36"
192.168.9.87 - - [20/Dec/2017:15:49:01 +0800] "POST /clinic/jky HTTP/1.1" 200 1250 "-" "Mozilla/5.0 (Windows NT 6.1; WOW64) AppleWebKit/537.36 (KHTML, like Gecko) Chrome/39.0.2171.95 Safari/537.36"
192.168.9.114 - - [20/Dec/2017:15:49:01 +0800] "POST /archive/api/get HTTP/1.1" 200 2155 "-" "Mozilla/4.0 (compatible; MSIE 6.0; Windows NT 5.1;SV1)"
10.17.212.5 - - [20/Dec/2017:15:49:01 +0800] "GET /cdc/a/doctor/archive/detail?personcard=310108195806124427&kp=eyJjcmVhdGVSZWNvcmRPcmciOiI0MjUwODEyODAwMCIsImNyZWF0ZVJlY29yZERhdGVGcm9tIjoiIiwiY3JlYXRlUmVjb3JkRGF0ZUVuZCI6IiIsImNyZWF0ZVJlY29yZERvY0lkIjoiIiwicmVjb3JkU3RhdHVzIjoiIiwic2lnblN0YXR1cyI6IiIsImlzVGhyZWVTaWduIjoiIiwiYWRkcmVzc0NvdW50eSI6IiIsImFkZHJlc3NUb3duIjoiIiwiYWRkcmVzc0NvbW1pdHRlZSI6IiIsImdlbmRlciI6IiIsImFnZUZyb20iOiIwIiwiYWdlRW5kIjoiMTIwIiwiaXNEZWF0aCI6IiIsImlzRGlzYWJpbGl0eSI6IiIsIm1hbmFnZXJPcmciOiIiLCJjcmVhdGVSZWNvcmRTeXN0ZW0iOiIiLCJwZW9wbGVUeXBlIjoiIiwia2V5d29yZCI6IjMxMDEwODE5NTgwNjEyNDQyNyIsInBhZ2VTaXplIjoxMCwicGFnZUluZGV4IjowLCJzb3J0RmllbGQiOiIiLCJzb3J0T3JkZXIiOiIifQ%3D%3D HTTP/1.1" 200 24861 "-" "Mozilla/4.0 (compatible; MSIE 8.0; Windows NT 5.1; Trident/4.0; InfoPath.2; .NET4.0C; .NET4.0E)"
192.168.9.114 - - [20/Dec/2017:15:49:01 +0800] "POST /archive/api/archiveInfo HTTP/1.1" 200 114 "-" "Mozilla/4.0 (compatible; MSIE 6.0; Windows NT 5.1;SV1)"
10.17.212.5 - - [20/Dec/2017:15:49:01 +0800] "GET /cdc/static/miniui/vtype.js?0.008717539947254882 HTTP/1.1" 200 14359 "http://192.137.31.69:9071/cdc/a/doctor/archive/detail?personcard=310108195806124427&kp=eyJjcmVhdGVSZWNvcmRPcmciOiI0MjUwODEyODAwMCIsImNyZWF0ZVJlY29yZERhdGVGcm9tIjoiIiwiY3JlYXRlUmVjb3JkRGF0ZUVuZCI6IiIsImNyZWF0ZVJlY29yZERvY0lkIjoiIiwicmVjb3JkU3RhdHVzIjoiIiwic2lnblN0YXR1cyI6IiIsImlzVGhyZWVTaWduIjoiIiwiYWRkcmVzc0NvdW50eSI6IiIsImFkZHJlc3NUb3duIjoiIiwiYWRkcmVzc0NvbW1pdHRlZSI6IiIsImdlbmRlciI6IiIsImFnZUZyb20iOiIwIiwiYWdlRW5kIjoiMTIwIiwiaXNEZWF0aCI6IiIsImlzRGlzYWJpbGl0eSI6IiIsIm1hbmFnZXJPcmciOiIiLCJjcmVhdGVSZWNvcmRTeXN0ZW0iOiIiLCJwZW9wbGVUeXBlIjoiIiwia2V5d29yZCI6IjMxMDEwODE5NTgwNjEyNDQyNyIsInBhZ2VTaXplIjoxMCwicGFnZUluZGV4IjowLCJzb3J0RmllbGQiOiIiLCJzb3J0T3JkZXIiOiIifQ%3D%3D" "Mozilla/4.0 (compatible; MSIE 8.0; Windows NT 5.1; Trident/4.0; InfoPath.2; .NET4.0C; .NET4.0E)"
10.17.212.5 - - [20/Dec/2017:15:49:01 +0800] "GET /cdc/static/miniui/form.js?0.0022963658638197604 HTTP/1.1" 200 23716 "http://192.137.31.69:9071/cdc/a/doctor/archive/detail?personcard=310108195806124427&kp=eyJjcmVhdGVSZWNvcmRPcmciOiI0MjUwODEyODAwMCIsImNyZWF0ZVJlY29yZERhdGVGcm9tIjoiIiwiY3JlYXRlUmVjb3JkRGF0ZUVuZCI6IiIsImNyZWF0ZVJlY29yZERvY0lkIjoiIiwicmVjb3JkU3RhdHVzIjoiIiwic2lnblN0YXR1cyI6IiIsImlzVGhyZWVTaWduIjoiIiwiYWRkcmVzc0NvdW50eSI6IiIsImFkZHJlc3NUb3duIjoiIiwiYWRkcmVzc0NvbW1pdHRlZSI6IiIsImdlbmRlciI6IiIsImFnZUZyb20iOiIwIiwiYWdlRW5kIjoiMTIwIiwiaXNEZWF0aCI6IiIsImlzRGlzYWJpbGl0eSI6IiIsIm1hbmFnZXJPcmciOiIiLCJjcmVhdGVSZWNvcmRTeXN0ZW0iOiIiLCJwZW9wbGVUeXBlIjoiIiwia2V5d29yZCI6IjMxMDEwODE5NTgwNjEyNDQyNyIsInBhZ2VTaXplIjoxMCwicGFnZUluZGV4IjowLCJzb3J0RmllbGQiOiIiLCJzb3J0T3JkZXIiOiIifQ%3D%3D" "Mozilla/4.0 (compatible; MSIE 8.0; Windows NT 5.1; Trident/4.0; InfoPath.2; .NET4.0C; .NET4.0E)"
10.17.212.5 - - [20/Dec/2017:15:49:01 +0800] "GET /cdc/static/common/search.js?0.7505988007893477 HTTP/1.1" 200 2170 "http://192.137.31.69:9071/cdc/a/doctor/archive/detail?personcard=310108195806124427&kp=eyJjcmVhdGVSZWNvcmRPcmciOiI0MjUwODEyODAwMCIsImNyZWF0ZVJlY29yZERhdGVGcm9tIjoiIiwiY3JlYXRlUmVjb3JkRGF0ZUVuZCI6IiIsImNyZWF0ZVJlY29yZERvY0lkIjoiIiwicmVjb3JkU3RhdHVzIjoiIiwic2lnblN0YXR1cyI6IiIsImlzVGhyZWVTaWduIjoiIiwiYWRkcmVzc0NvdW50eSI6IiIsImFkZHJlc3NUb3duIjoiIiwiYWRkcmVzc0NvbW1pdHRlZSI6IiIsImdlbmRlciI6IiIsImFnZUZyb20iOiIwIiwiYWdlRW5kIjoiMTIwIiwiaXNEZWF0aCI6IiIsImlzRGlzYWJpbGl0eSI6IiIsIm1hbmFnZXJPcmciOiIiLCJjcmVhdGVSZWNvcmRTeXN0ZW0iOiIiLCJwZW9wbGVUeXBlIjoiIiwia2V5d29yZCI6IjMxMDEwODE5NTgwNjEyNDQyNyIsInBhZ2VTaXplIjoxMCwicGFnZUluZGV4IjowLCJzb3J0RmllbGQiOiIiLCJzb3J0T3JkZXIiOiIifQ%3D%3D" "Mozilla/4.0 (compatible; MSIE 8.0; Windows NT 5.1; Trident/4.0; InfoPath.2; .NET4.0C; .NET4.0E)"
10.17.212.5 - - [20/Dec/2017:15:49:01 +0800] "GET /cdc/static/main/wd_js/inputSkip.js?0.9325958266609982 HTTP/1.1" 200 21551 "http://192.137.31.69:9071/cdc/a/doctor/archive/detail?personcard=310108195806124427&kp=eyJjcmVhdGVSZWNvcmRPcmciOiI0MjUwODEyODAwMCIsImNyZWF0ZVJlY29yZERhdGVGcm9tIjoiIiwiY3JlYXRlUmVjb3JkRGF0ZUVuZCI6IiIsImNyZWF0ZVJlY29yZERvY0lkIjoiIiwicmVjb3JkU3RhdHVzIjoiIiwic2lnblN0YXR1cyI6IiIsImlzVGhyZWVTaWduIjoiIiwiYWRkcmVzc0NvdW50eSI6IiIsImFkZHJlc3NUb3duIjoiIiwiYWRkcmVzc0NvbW1pdHRlZSI6IiIsImdlbmRlciI6IiIsImFnZUZyb20iOiIwIiwiYWdlRW5kIjoiMTIwIiwiaXNEZWF0aCI6IiIsImlzRGlzYWJpbGl0eSI6IiIsIm1hbmFnZXJPcmciOiIiLCJjcmVhdGVSZWNvcmRTeXN0ZW0iOiIiLCJwZW9wbGVUeXBlIjoiIiwia2V5d29yZCI6IjMxMDEwODE5NTgwNjEyNDQyNyIsInBhZ2VTaXplIjoxMCwicGFnZUluZGV4IjowLCJzb3J0RmllbGQiOiIiLCJzb3J0T3JkZXIiOiIifQ%3D%3D" "Mozilla/4.0 (compatible; MSIE 8.0; Windows NT 5.1; Trident/4.0; InfoPath.2; .NET4.0C; .NET4.0E)"
12.113.50.117 - - [20/Dec/2017:15:49:01 +0800] "POST /clinic/jky HTTP/1.1" 200 1474 "-" "Mozilla/5.0 (Windows NT 6.1; WOW64) AppleWebKit/537.36 (KHTML, like Gecko) Chrome/39.0.2171.95 Safari/537.36"
192.168.9.114 - - [20/Dec/2017:15:49:01 +0800] "POST /archive/api/archiveInfo HTTP/1.1" 200 114 "-" "Mozilla/4.0 (compatible; MSIE 6.0; Windows NT 5.1;SV1)"
192.168.9.114 - - [20/Dec/2017:15:49:01 +0800] "POST /archive/api/archiveInfo HTTP/1.1" 200 114 "-" "Mozilla/4.0 (compatible; MSIE 6.0; Windows NT 5.1;SV1)"
192.168.9.87 - - [20/Dec/2017:15:49:01 +0800] "POST /clinic/jky HTTP/1.1" 200 901 "-" "Mozilla/5.0 (Windows NT 6.1; WOW64) AppleWebKit/537.36 (KHTML, like Gecko) Chrome/39.0.2171.95 Safari/537.36"
192.168.9.114 - - [20/Dec/2017:15:49:01 +0800] "POST /archive/api/archiveInfo HTTP/1.1" 200 114 "-" "Mozilla/4.0 (compatible; MSIE 6.0; Windows NT 5.1;SV1)"
192.168.9.87 - - [20/Dec/2017:15:49:01 +0800] "POST /clinic/jky HTTP/1.1" 200 869 "-" "Mozilla/5.0 (Windows NT 6.1; WOW64) AppleWebKit/537.36 (KHTML, like Gecko) Chrome/39.0.2171.95 Safari/537.36"
192.168.9.87 - - [20/Dec/2017:15:49:01 +0800] "POST /clinic/jky HTTP/1.1" 200 858 "-" "Mozilla/5.0 (Windows NT 6.1; WOW64) AppleWebKit/537.36 (KHTML, like Gecko) Chrome/39.0.2171.95 Safari/537.36"
192.168.9.114 - - [20/Dec/2017:15:49:02 +0800] "POST /archive/api/archiveInfo HTTP/1.1" 200 114 "-" "Mozilla/4.0 (compatible; MSIE 6.0; Windows NT 5.1;SV1)"
192.168.9.87 - - [20/Dec/2017:15:49:02 +0800] "POST /clinic/jky HTTP/1.1" 200 847 "-" "Mozilla/5.0 (Windows NT 6.1; WOW64) AppleWebKit/537.36 (KHTML, like Gecko) Chrome/39.0.2171.95 Safari/537.36"
10.17.212.5 - - [20/Dec/2017:15:49:02 +0800] "GET /cdc/sys/dicArea/query?level=1&interfaceKey=wOz8H2ak2Ftdt8512njBYg&_=1513756529078 HTTP/1.1" 200 3364 "http://192.137.31.69:9071/cdc/a/doctor/archive/detail?personcard=310108195806124427&kp=eyJjcmVhdGVSZWNvcmRPcmciOiI0MjUwODEyODAwMCIsImNyZWF0ZVJlY29yZERhdGVGcm9tIjoiIiwiY3JlYXRlUmVjb3JkRGF0ZUVuZCI6IiIsImNyZWF0ZVJlY29yZERvY0lkIjoiIiwicmVjb3JkU3RhdHVzIjoiIiwic2lnblN0YXR1cyI6IiIsImlzVGhyZWVTaWduIjoiIiwiYWRkcmVzc0NvdW50eSI6IiIsImFkZHJlc3NUb3duIjoiIiwiYWRkcmVzc0NvbW1pdHRlZSI6IiIsImdlbmRlciI6IiIsImFnZUZyb20iOiIwIiwiYWdlRW5kIjoiMTIwIiwiaXNEZWF0aCI6IiIsImlzRGlzYWJpbGl0eSI6IiIsIm1hbmFnZXJPcmciOiIiLCJjcmVhdGVSZWNvcmRTeXN0ZW0iOiIiLCJwZW9wbGVUeXBlIjoiIiwia2V5d29yZCI6IjMxMDEwODE5NTgwNjEyNDQyNyIsInBhZ2VTaXplIjoxMCwicGFnZUluZGV4IjowLCJzb3J0RmllbGQiOiIiLCJzb3J0T3JkZXIiOiIifQ%3D%3D" "Mozilla/4.0 (compatible; MSIE 8.0; Windows NT 5.1; Trident/4.0; InfoPath.2; .NET4.0C; .NET4.0E)"
192.168.9.114 - - [20/Dec/2017:15:49:02 +0800] "POST /archive/api/archiveInfo HTTP/1.1" 200 114 "-" "Mozilla/4.0 (compatible; MSIE 6.0; Windows NT 5.1;SV1)"
12.113.50.117 - - [20/Dec/2017:15:49:02 +0800] "POST /clinic/jky HTTP/1.1" 200 1887 "-" "Mozilla/5.0 (Windows NT 6.1; WOW64) AppleWebKit/537.36 (KHTML, like Gecko) Chrome/39.0.2171.95 Safari/537.36"
10.17.212.5 - - [20/Dec/2017:15:49:02 +0800] "GET /cdc/sys/dicArea/query?level=1&interfaceKey=wOz8H2ak2Ft_4ss40qFy4g&_=1513756529156 HTTP/1.1" 200 3364 "http://192.137.31.69:9071/cdc/a/doctor/archive/detail?personcard=310108195806124427&kp=eyJjcmVhdGVSZWNvcmRPcmciOiI0MjUwODEyODAwMCIsImNyZWF0ZVJlY29yZERhdGVGcm9tIjoiIiwiY3JlYXRlUmVjb3JkRGF0ZUVuZCI6IiIsImNyZWF0ZVJlY29yZERvY0lkIjoiIiwicmVjb3JkU3RhdHVzIjoiIiwic2lnblN0YXR1cyI6IiIsImlzVGhyZWVTaWduIjoiIiwiYWRkcmVzc0NvdW50eSI6IiIsImFkZHJlc3NUb3duIjoiIiwiYWRkcmVzc0NvbW1pdHRlZSI6IiIsImdlbmRlciI6IiIsImFnZUZyb20iOiIwIiwiYWdlRW5kIjoiMTIwIiwiaXNEZWF0aCI6IiIsImlzRGlzYWJpbGl0eSI6IiIsIm1hbmFnZXJPcmciOiIiLCJjcmVhdGVSZWNvcmRTeXN0ZW0iOiIiLCJwZW9wbGVUeXBlIjoiIiwia2V5d29yZCI6IjMxMDEwODE5NTgwNjEyNDQyNyIsInBhZ2VTaXplIjoxMCwicGFnZUluZGV4IjowLCJzb3J0RmllbGQiOiIiLCJzb3J0T3JkZXIiOiIifQ%3D%3D" "Mozilla/4.0 (compatible; MSIE 8.0; Windows NT 5.1; Trident/4.0; InfoPath.2; .NET4.0C; .NET4.0E)"
192.168.9.114 - - [20/Dec/2017:15:49:02 +0800] "POST /archive/api/archiveInfo HTTP/1.1" 200 114 "-" "Mozilla/4.0 (compatible; MSIE 6.0; Windows NT 5.1;SV1)"
192.168.9.114 - - [20/Dec/2017:15:49:02 +0800] "POST /archive/api/archiveInfo HTTP/1.1" 200 114 "-" "Mozilla/4.0 (compatible; MSIE 6.0; Windows NT 5.1;SV1)"
12.113.50.117 - - [20/Dec/2017:15:49:02 +0800] "POST /clinic/jky HTTP/1.1" 200 1420 "-" "Mozilla/5.0 (Windows NT 6.1; WOW64) AppleWebKit/537.36 (KHTML, like Gecko) Chrome/39.0.2171.95 Safari/537.36"
192.168.9.87 - - [20/Dec/2017:15:49:02 +0800] "POST /clinic/jky HTTP/1.1" 200 1876 "-" "Mozilla/5.0 (Windows NT 6.1; WOW64) AppleWebKit/537.36 (KHTML, like Gecko) Chrome/39.0.2171.95 Safari/537.36"
10.17.212.5 - - [20/Dec/2017:15:49:02 +0800] "GET /cdc/sys/dicArea/query?level=2&interfaceKey=wOz8H2ak2FvegmPwVQle_A&pid=310000000000&_=1513756529531 HTTP/1.1" 200 184 "http://192.137.31.69:9071/cdc/a/doctor/archive/detail?personcard=310108195806124427&kp=eyJjcmVhdGVSZWNvcmRPcmciOiI0MjUwODEyODAwMCIsImNyZWF0ZVJlY29yZERhdGVGcm9tIjoiIiwiY3JlYXRlUmVjb3JkRGF0ZUVuZCI6IiIsImNyZWF0ZVJlY29yZERvY0lkIjoiIiwicmVjb3JkU3RhdHVzIjoiIiwic2lnblN0YXR1cyI6IiIsImlzVGhyZWVTaWduIjoiIiwiYWRkcmVzc0NvdW50eSI6IiIsImFkZHJlc3NUb3duIjoiIiwiYWRkcmVzc0NvbW1pdHRlZSI6IiIsImdlbmRlciI6IiIsImFnZUZyb20iOiIwIiwiYWdlRW5kIjoiMTIwIiwiaXNEZWF0aCI6IiIsImlzRGlzYWJpbGl0eSI6IiIsIm1hbmFnZXJPcmciOiIiLCJjcmVhdGVSZWNvcmRTeXN0ZW0iOiIiLCJwZW9wbGVUeXBlIjoiIiwia2V5d29yZCI6IjMxMDEwODE5NTgwNjEyNDQyNyIsInBhZ2VTaXplIjoxMCwicGFnZUluZGV4IjowLCJzb3J0RmllbGQiOiIiLCJzb3J0T3JkZXIiOiIifQ%3D%3D" "Mozilla/4.0 (compatible; MSIE 8.0; Windows NT 5.1; Trident/4.0; InfoPath.2; .NET4.0C; .NET4.0E)"
10.17.212.5 - - [20/Dec/2017:15:49:02 +0800] "GET /cdc/sys/dicArea/query?level=3&interfaceKey=wOz8H2ak2Ft_4ss40qFy4g&pid=310100000000&_=1513756529593 HTTP/1.1" 200 1415 "http://192.137.31.69:9071/cdc/a/doctor/archive/detail?personcard=310108195806124427&kp=eyJjcmVhdGVSZWNvcmRPcmciOiI0MjUwODEyODAwMCIsImNyZWF0ZVJlY29yZERhdGVGcm9tIjoiIiwiY3JlYXRlUmVjb3JkRGF0ZUVuZCI6IiIsImNyZWF0ZVJlY29yZERvY0lkIjoiIiwicmVjb3JkU3RhdHVzIjoiIiwic2lnblN0YXR1cyI6IiIsImlzVGhyZWVTaWduIjoiIiwiYWRkcmVzc0NvdW50eSI6IiIsImFkZHJlc3NUb3duIjoiIiwiYWRkcmVzc0NvbW1pdHRlZSI6IiIsImdlbmRlciI6IiIsImFnZUZyb20iOiIwIiwiYWdlRW5kIjoiMTIwIiwiaXNEZWF0aCI6IiIsImlzRGlzYWJpbGl0eSI6IiIsIm1hbmFnZXJPcmciOiIiLCJjcmVhdGVSZWNvcmRTeXN0ZW0iOiIiLCJwZW9wbGVUeXBlIjoiIiwia2V5d29yZCI6IjMxMDEwODE5NTgwNjEyNDQyNyIsInBhZ2VTaXplIjoxMCwicGFnZUluZGV4IjowLCJzb3J0RmllbGQiOiIiLCJzb3J0T3JkZXIiOiIifQ%3D%3D" "Mozilla/4.0 (compatible; MSIE 8.0; Windows NT 5.1; Trident/4.0; InfoPath.2; .NET4.0C; .NET4.0E)"
10.17.212.5 - - [20/Dec/2017:15:49:02 +0800] "GET /cdc/sys/dicArea/query?level=4&interfaceKey=wOz8H2ak2Ft_4ss40qFy4g&pid=310106000000&_=1513756529656 HTTP/1.1" 200 1532 "http://192.137.31.69:9071/cdc/a/doctor/archive/detail?personcard=310108195806124427&kp=eyJjcmVhdGVSZWNvcmRPcmciOiI0MjUwODEyODAwMCIsImNyZWF0ZVJlY29yZERhdGVGcm9tIjoiIiwiY3JlYXRlUmVjb3JkRGF0ZUVuZCI6IiIsImNyZWF0ZVJlY29yZERvY0lkIjoiIiwicmVjb3JkU3RhdHVzIjoiIiwic2lnblN0YXR1cyI6IiIsImlzVGhyZWVTaWduIjoiIiwiYWRkcmVzc0NvdW50eSI6IiIsImFkZHJlc3NUb3duIjoiIiwiYWRkcmVzc0NvbW1pdHRlZSI6IiIsImdlbmRlciI6IiIsImFnZUZyb20iOiIwIiwiYWdlRW5kIjoiMTIwIiwiaXNEZWF0aCI6IiIsImlzRGlzYWJpbGl0eSI6IiIsIm1hbmFnZXJPcmciOiIiLCJjcmVhdGVSZWNvcmRTeXN0ZW0iOiIiLCJwZW9wbGVUeXBlIjoiIiwia2V5d29yZCI6IjMxMDEwODE5NTgwNjEyNDQyNyIsInBhZ2VTaXplIjoxMCwicGFnZUluZGV4IjowLCJzb3J0RmllbGQiOiIiLCJzb3J0T3JkZXIiOiIifQ%3D%3D" "Mozilla/4.0 (compatible; MSIE 8.0; Windows NT 5.1; Trident/4.0; InfoPath.2; .NET4.0C; .NET4.0E)"
10.17.157.64 - - [20/Dec/2017:15:49:02 +0800] "GET /cdc/apoplexy/facade/saveApoFollow HTTP/1.0" 200 17 "-" "Zabbix"
10.17.212.5 - - [20/Dec/2017:15:49:02 +0800] "GET /cdc/sys/dicArea/query?level=5&interfaceKey=wOz8H2ak2Ft_4ss40qFy4g&pid=310108012000&_=1513756529765 HTTP/1.1" 200 2712 "http://192.137.31.69:9071/cdc/a/doctor/archive/detail?personcard=310108195806124427&kp=eyJjcmVhdGVSZWNvcmRPcmciOiI0MjUwODEyODAwMCIsImNyZWF0ZVJlY29yZERhdGVGcm9tIjoiIiwiY3JlYXRlUmVjb3JkRGF0ZUVuZCI6IiIsImNyZWF0ZVJlY29yZERvY0lkIjoiIiwicmVjb3JkU3RhdHVzIjoiIiwic2lnblN0YXR1cyI6IiIsImlzVGhyZWVTaWduIjoiIiwiYWRkcmVzc0NvdW50eSI6IiIsImFkZHJlc3NUb3duIjoiIiwiYWRkcmVzc0NvbW1pdHRlZSI6IiIsImdlbmRlciI6IiIsImFnZUZyb20iOiIwIiwiYWdlRW5kIjoiMTIwIiwiaXNEZWF0aCI6IiIsImlzRGlzYWJpbGl0eSI6IiIsIm1hbmFnZXJPcmciOiIiLCJjcmVhdGVSZWNvcmRTeXN0ZW0iOiIiLCJwZW9wbGVUeXBlIjoiIiwia2V5d29yZCI6IjMxMDEwODE5NTgwNjEyNDQyNyIsInBhZ2VTaXplIjoxMCwicGFnZUluZGV4IjowLCJzb3J0RmllbGQiOiIiLCJzb3J0T3JkZXIiOiIifQ%3D%3D" "Mozilla/4.0 (compatible; MSIE 8.0; Windows NT 5.1; Trident/4.0; InfoPath.2; .NET4.0C; .NET4.0E)"
192.168.9.114 - - [20/Dec/2017:15:49:02 +0800] "POST /archive/api/archiveInfo HTTP/1.1" 200 114 "-" "Mozilla/4.0 (compatible; MSIE 6.0; Windows NT 5.1;SV1)"
192.168.9.87 - - [20/Dec/2017:15:49:02 +0800] "POST /clinic/jky HTTP/1.1" 200 794 "-" "Mozilla/5.0 (Windows NT 6.1; WOW64) AppleWebKit/537.36 (KHTML, like Gecko) Chrome/39.0.2171.95 Safari/537.36"
10.17.215.5 - - [20/Dec/2017:15:49:02 +0800] "POST /cdc/a/doctor/famPortalUser/data HTTP/1.1" 200 7561 "http://202.202.202.41:9071/cdc/a/doctor/famPortalUser/list" "Mozilla/5.0 (Windows NT 6.1; WOW64) AppleWebKit/537.36 (KHTML, like Gecko) Chrome/50.0.2661.94 Safari/537.36"
10.17.212.5 - - [20/Dec/2017:15:49:03 +0800] "GET /cdc/sys/dicArea/query?level=2&interfaceKey=wOz8H2ak2FvV9O-ONuObLQ&pid=310000000000&_=1513756530218 HTTP/1.1" 200 184 "http://192.137.31.69:9071/cdc/a/doctor/archive/detail?personcard=310108195806124427&kp=eyJjcmVhdGVSZWNvcmRPcmciOiI0MjUwODEyODAwMCIsImNyZWF0ZVJlY29yZERhdGVGcm9tIjoiIiwiY3JlYXRlUmVjb3JkRGF0ZUVuZCI6IiIsImNyZWF0ZVJlY29yZERvY0lkIjoiIiwicmVjb3JkU3RhdHVzIjoiIiwic2lnblN0YXR1cyI6IiIsImlzVGhyZWVTaWduIjoiIiwiYWRkcmVzc0NvdW50eSI6IiIsImFkZHJlc3NUb3duIjoiIiwiYWRkcmVzc0NvbW1pdHRlZSI6IiIsImdlbmRlciI6IiIsImFnZUZyb20iOiIwIiwiYWdlRW5kIjoiMTIwIiwiaXNEZWF0aCI6IiIsImlzRGlzYWJpbGl0eSI6IiIsIm1hbmFnZXJPcmciOiIiLCJjcmVhdGVSZWNvcmRTeXN0ZW0iOiIiLCJwZW9wbGVUeXBlIjoiIiwia2V5d29yZCI6IjMxMDEwODE5NTgwNjEyNDQyNyIsInBhZ2VTaXplIjoxMCwicGFnZUluZGV4IjowLCJzb3J0RmllbGQiOiIiLCJzb3J0T3JkZXIiOiIifQ%3D%3D" "Mozilla/4.0 (compatible; MSIE 8.0; Windows NT 5.1; Trident/4.0; InfoPath.2; .NET4.0C; .NET4.0E)"
192.168.9.114 - - [20/Dec/2017:15:49:03 +0800] "POST /archive/api/archiveInfo HTTP/1.1" 200 114 "-" "Mozilla/4.0 (compatible; MSIE 6.0; Windows NT 5.1;SV1)"
192.168.9.87 - - [20/Dec/2017:15:49:03 +0800] "POST /clinic/jky HTTP/1.1" 200 1876 "-" "Mozilla/5.0 (Windows NT 6.1; WOW64) AppleWebKit/537.36 (KHTML, like Gecko) Chrome/39.0.2171.95 Safari/537.36"
10.17.212.5 - - [20/Dec/2017:15:49:03 +0800] "GET /cdc/sys/dicArea/query?level=3&interfaceKey=wOz8H2ak2FvV9O-ONuObLQ&pid=310100000000&_=1513756530328 HTTP/1.1" 200 1415 "http://192.137.31.69:9071/cdc/a/doctor/archive/detail?personcard=310108195806124427&kp=eyJjcmVhdGVSZWNvcmRPcmciOiI0MjUwODEyODAwMCIsImNyZWF0ZVJlY29yZERhdGVGcm9tIjoiIiwiY3JlYXRlUmVjb3JkRGF0ZUVuZCI6IiIsImNyZWF0ZVJlY29yZERvY0lkIjoiIiwicmVjb3JkU3RhdHVzIjoiIiwic2lnblN0YXR1cyI6IiIsImlzVGhyZWVTaWduIjoiIiwiYWRkcmVzc0NvdW50eSI6IiIsImFkZHJlc3NUb3duIjoiIiwiYWRkcmVzc0NvbW1pdHRlZSI6IiIsImdlbmRlciI6IiIsImFnZUZyb20iOiIwIiwiYWdlRW5kIjoiMTIwIiwiaXNEZWF0aCI6IiIsImlzRGlzYWJpbGl0eSI6IiIsIm1hbmFnZXJPcmciOiIiLCJjcmVhdGVSZWNvcmRTeXN0ZW0iOiIiLCJwZW9wbGVUeXBlIjoiIiwia2V5d29yZCI6IjMxMDEwODE5NTgwNjEyNDQyNyIsInBhZ2VTaXplIjoxMCwicGFnZUluZGV4IjowLCJzb3J0RmllbGQiOiIiLCJzb3J0T3JkZXIiOiIifQ%3D%3D" "Mozilla/4.0 (compatible; MSIE 8.0; Windows NT 5.1; Trident/4.0; InfoPath.2; .NET4.0C; .NET4.0E)"
10.17.212.5 - - [20/Dec/2017:15:49:03 +0800] "GET /cdc/sys/dicArea/query?level=4&interfaceKey=wOz8H2ak2FvV9O-ONuObLQ&pid=310106000000&_=1513756530453 HTTP/1.1" 200 1532 "http://192.137.31.69:9071/cdc/a/doctor/archive/detail?personcard=310108195806124427&kp=eyJjcmVhdGVSZWNvcmRPcmciOiI0MjUwODEyODAwMCIsImNyZWF0ZVJlY29yZERhdGVGcm9tIjoiIiwiY3JlYXRlUmVjb3JkRGF0ZUVuZCI6IiIsImNyZWF0ZVJlY29yZERvY0lkIjoiIiwicmVjb3JkU3RhdHVzIjoiIiwic2lnblN0YXR1cyI6IiIsImlzVGhyZWVTaWduIjoiIiwiYWRkcmVzc0NvdW50eSI6IiIsImFkZHJlc3NUb3duIjoiIiwiYWRkcmVzc0NvbW1pdHRlZSI6IiIsImdlbmRlciI6IiIsImFnZUZyb20iOiIwIiwiYWdlRW5kIjoiMTIwIiwiaXNEZWF0aCI6IiIsImlzRGlzYWJpbGl0eSI6IiIsIm1hbmFnZXJPcmciOiIiLCJjcmVhdGVSZWNvcmRTeXN0ZW0iOiIiLCJwZW9wbGVUeXBlIjoiIiwia2V5d29yZCI6IjMxMDEwODE5NTgwNjEyNDQyNyIsInBhZ2VTaXplIjoxMCwicGFnZUluZGV4IjowLCJzb3J0RmllbGQiOiIiLCJzb3J0T3JkZXIiOiIifQ%3D%3D" "Mozilla/4.0 (compatible; MSIE 8.0; Windows NT 5.1; Trident/4.0; InfoPath.2; .NET4.0C; .NET4.0E)"
10.17.212.5 - - [20/Dec/2017:15:49:03 +0800] "GET /cdc/sys/dicArea/query?level=5&interfaceKey=wOz8H2ak2FvV9O-ONuObLQ&pid=310108012000&_=1513756530500 HTTP/1.1" 200 2712 "http://192.137.31.69:9071/cdc/a/doctor/archive/detail?personcard=310108195806124427&kp=eyJjcmVhdGVSZWNvcmRPcmciOiI0MjUwODEyODAwMCIsImNyZWF0ZVJlY29yZERhdGVGcm9tIjoiIiwiY3JlYXRlUmVjb3JkRGF0ZUVuZCI6IiIsImNyZWF0ZVJlY29yZERvY0lkIjoiIiwicmVjb3JkU3RhdHVzIjoiIiwic2lnblN0YXR1cyI6IiIsImlzVGhyZWVTaWduIjoiIiwiYWRkcmVzc0NvdW50eSI6IiIsImFkZHJlc3NUb3duIjoiIiwiYWRkcmVzc0NvbW1pdHRlZSI6IiIsImdlbmRlciI6IiIsImFnZUZyb20iOiIwIiwiYWdlRW5kIjoiMTIwIiwiaXNEZWF0aCI6IiIsImlzRGlzYWJpbGl0eSI6IiIsIm1hbmFnZXJPcmciOiIiLCJjcmVhdGVSZWNvcmRTeXN0ZW0iOiIiLCJwZW9wbGVUeXBlIjoiIiwia2V5d29yZCI6IjMxMDEwODE5NTgwNjEyNDQyNyIsInBhZ2VTaXplIjoxMCwicGFnZUluZGV4IjowLCJzb3J0RmllbGQiOiIiLCJzb3J0T3JkZXIiOiIifQ%3D%3D" "Mozilla/4.0 (compatible; MSIE 8.0; Windows NT 5.1; Trident/4.0; InfoPath.2; .NET4.0C; .NET4.0E)"
192.168.9.114 - - [20/Dec/2017:15:49:03 +0800] "POST /archive/api/archiveInfo HTTP/1.1" 200 114 "-" "Mozilla/4.0 (compatible; MSIE 6.0; Windows NT 5.1;SV1)"
192.168.9.87 - - [20/Dec/2017:15:49:03 +0800] "POST /clinic/jky HTTP/1.1" 200 1811 "-" "Mozilla/5.0 (Windows NT 6.1; WOW64) AppleWebKit/537.36 (KHTML, like Gecko) Chrome/39.0.2171.95 Safari/537.36"
10.17.212.5 - - [20/Dec/2017:15:49:03 +0800] "GET /cdc/a/websocket/info?t=1513756530625 HTTP/1.1" 200 77 "http://192.137.31.69:9071/cdc/a/doctor/archive/detail?personcard=310108195806124427&kp=eyJjcmVhdGVSZWNvcmRPcmciOiI0MjUwODEyODAwMCIsImNyZWF0ZVJlY29yZERhdGVGcm9tIjoiIiwiY3JlYXRlUmVjb3JkRGF0ZUVuZCI6IiIsImNyZWF0ZVJlY29yZERvY0lkIjoiIiwicmVjb3JkU3RhdHVzIjoiIiwic2lnblN0YXR1cyI6IiIsImlzVGhyZWVTaWduIjoiIiwiYWRkcmVzc0NvdW50eSI6IiIsImFkZHJlc3NUb3duIjoiIiwiYWRkcmVzc0NvbW1pdHRlZSI6IiIsImdlbmRlciI6IiIsImFnZUZyb20iOiIwIiwiYWdlRW5kIjoiMTIwIiwiaXNEZWF0aCI6IiIsImlzRGlzYWJpbGl0eSI6IiIsIm1hbmFnZXJPcmciOiIiLCJjcmVhdGVSZWNvcmRTeXN0ZW0iOiIiLCJwZW9wbGVUeXBlIjoiIiwia2V5d29yZCI6IjMxMDEwODE5NTgwNjEyNDQyNyIsInBhZ2VTaXplIjoxMCwicGFnZUluZGV4IjowLCJzb3J0RmllbGQiOiIiLCJzb3J0T3JkZXIiOiIifQ%3D%3D" "Mozilla/4.0 (compatible; MSIE 8.0; Windows NT 5.1; Trident/4.0; InfoPath.2; .NET4.0C; .NET4.0E)"
192.168.9.114 - - [20/Dec/2017:15:49:03 +0800] "POST /archive/api/archiveInfo HTTP/1.1" 200 114 "-" "Mozilla/4.0 (compatible; MSIE 6.0; Windows NT 5.1;SV1)"
10.17.212.5 - - [20/Dec/2017:15:49:03 +0800] "GET /cdc/a/websocket/iframe.html HTTP/1.1" 200 490 "http://192.137.31.69:9071/cdc/a/doctor/archive/detail?personcard=310108195806124427&kp=eyJjcmVhdGVSZWNvcmRPcmciOiI0MjUwODEyODAwMCIsImNyZWF0ZVJlY29yZERhdGVGcm9tIjoiIiwiY3JlYXRlUmVjb3JkRGF0ZUVuZCI6IiIsImNyZWF0ZVJlY29yZERvY0lkIjoiIiwicmVjb3JkU3RhdHVzIjoiIiwic2lnblN0YXR1cyI6IiIsImlzVGhyZWVTaWduIjoiIiwiYWRkcmVzc0NvdW50eSI6IiIsImFkZHJlc3NUb3duIjoiIiwiYWRkcmVzc0NvbW1pdHRlZSI6IiIsImdlbmRlciI6IiIsImFnZUZyb20iOiIwIiwiYWdlRW5kIjoiMTIwIiwiaXNEZWF0aCI6IiIsImlzRGlzYWJpbGl0eSI6IiIsIm1hbmFnZXJPcmciOiIiLCJjcmVhdGVSZWNvcmRTeXN0ZW0iOiIiLCJwZW9wbGVUeXBlIjoiIiwia2V5d29yZCI6IjMxMDEwODE5NTgwNjEyNDQyNyIsInBhZ2VTaXplIjoxMCwicGFnZUluZGV4IjowLCJzb3J0RmllbGQiOiIiLCJzb3J0T3JkZXIiOiIifQ%3D%3D" "Mozilla/4.0 (compatible; MSIE 8.0; Windows NT 5.1; Trident/4.0; InfoPath.2; .NET4.0C; .NET4.0E)"
12.113.50.117 - - [20/Dec/2017:15:49:03 +0800] "POST /clinic/jky HTTP/1.1" 200 901 "-" "Mozilla/5.0 (Windows NT 6.1; WOW64) AppleWebKit/537.36 (KHTML, like Gecko) Chrome/39.0.2171.95 Safari/537.36"
192.168.9.114 - - [20/Dec/2017:15:49:03 +0800] "POST /archive/api/archiveInfo HTTP/1.1" 200 114 "-" "Mozilla/4.0 (compatible; MSIE 6.0; Windows NT 5.1;SV1)"
192.168.9.87 - - [20/Dec/2017:15:49:03 +0800] "POST /clinic/jky HTTP/1.1" 200 1821 "-" "Mozilla/5.0 (Windows NT 6.1; WOW64) AppleWebKit/537.36 (KHTML, like Gecko) Chrome/39.0.2171.95 Safari/537.36"
192.168.9.114 - - [20/Dec/2017:15:49:04 +0800] "POST /archive/api/archiveInfo HTTP/1.1" 200 114 "-" "Mozilla/4.0 (compatible; MSIE 6.0; Windows NT 5.1;SV1)"
192.168.9.114 - - [20/Dec/2017:15:49:04 +0800] "POST /archive/api/archiveInfo HTTP/1.1" 200 114 "-" "Mozilla/4.0 (compatible; MSIE 6.0; Windows NT 5.1;SV1)"
192.168.9.87 - - [20/Dec/2017:15:49:04 +0800] "POST /clinic/jky HTTP/1.1" 200 1101 "-" "Mozilla/5.0 (Windows NT 6.1; WOW64) AppleWebKit/537.36 (KHTML, like Gecko) Chrome/39.0.2171.95 Safari/537.36"
12.113.50.117 - - [20/Dec/2017:15:49:04 +0800] "POST /clinic/jky HTTP/1.1" 200 1887 "-" "Mozilla/5.0 (Windows NT 6.1; WOW64) AppleWebKit/537.36 (KHTML, like Gecko) Chrome/39.0.2171.95 Safari/537.36"
192.168.9.114 - - [20/Dec/2017:15:49:04 +0800] "POST /archive/api/archiveInfo HTTP/1.1" 200 114 "-" "Mozilla/4.0 (compatible; MSIE 6.0; Windows NT 5.1;SV1)"
192.168.9.114 - - [20/Dec/2017:15:49:04 +0800] "POST /archive/api/archiveInfo HTTP/1.1" 200 114 "-" "Mozilla/4.0 (compatible; MSIE 6.0; Windows NT 5.1;SV1)"
12.113.50.117 - - [20/Dec/2017:15:49:04 +0800] "POST /clinic/jky HTTP/1.1" 200 869 "-" "Mozilla/5.0 (Windows NT 6.1; WOW64) AppleWebKit/537.36 (KHTML, like Gecko) Chrome/39.0.2171.95 Safari/537.36"
12.113.50.117 - - [20/Dec/2017:15:49:04 +0800] "POST /clinic/jky HTTP/1.1" 200 890 "-" "Mozilla/5.0 (Windows NT 6.1; WOW64) AppleWebKit/537.36 (KHTML, like Gecko) Chrome/39.0.2171.95 Safari/537.36"
10.17.212.5 - - [20/Dec/2017:15:49:04 +0800] "GET /cdc/a/websocket/iframe.html HTTP/1.1" 200 490 "http://192.137.31.69:9071/cdc/a/doctor/archive/detail?personcard=310108195806124427&kp=eyJjcmVhdGVSZWNvcmRPcmciOiI0MjUwODEyODAwMCIsImNyZWF0ZVJlY29yZERhdGVGcm9tIjoiIiwiY3JlYXRlUmVjb3JkRGF0ZUVuZCI6IiIsImNyZWF0ZVJlY29yZERvY0lkIjoiIiwicmVjb3JkU3RhdHVzIjoiIiwic2lnblN0YXR1cyI6IiIsImlzVGhyZWVTaWduIjoiIiwiYWRkcmVzc0NvdW50eSI6IiIsImFkZHJlc3NUb3duIjoiIiwiYWRkcmVzc0NvbW1pdHRlZSI6IiIsImdlbmRlciI6IiIsImFnZUZyb20iOiIwIiwiYWdlRW5kIjoiMTIwIiwiaXNEZWF0aCI6IiIsImlzRGlzYWJpbGl0eSI6IiIsIm1hbmFnZXJPcmciOiIiLCJjcmVhdGVSZWNvcmRTeXN0ZW0iOiIiLCJwZW9wbGVUeXBlIjoiIiwia2V5d29yZCI6IjMxMDEwODE5NTgwNjEyNDQyNyIsInBhZ2VTaXplIjoxMCwicGFnZUluZGV4IjowLCJzb3J0RmllbGQiOiIiLCJzb3J0T3JkZXIiOiIifQ%3D%3D" "Mozilla/4.0 (compatible; MSIE 8.0; Windows NT 5.1; Trident/4.0; InfoPath.2; .NET4.0C; .NET4.0E)"
12.113.50.117 - - [20/Dec/2017:15:49:04 +0800] "POST /clinic/jky HTTP/1.1" 200 56 "-" "Mozilla/5.0 (Windows NT 6.1; WOW64) AppleWebKit/537.36 (KHTML, like Gecko) Chrome/39.0.2171.95 Safari/537.36"
192.168.9.114 - - [20/Dec/2017:15:49:05 +0800] "POST /archive/api/archiveInfo HTTP/1.1" 200 114 "-" "Mozilla/4.0 (compatible; MSIE 6.0; Windows NT 5.1;SV1)"
12.113.50.117 - - [20/Dec/2017:15:49:05 +0800] "POST /clinic/jky HTTP/1.1" 200 869 "-" "Mozilla/5.0 (Windows NT 6.1; WOW64) AppleWebKit/537.36 (KHTML, like Gecko) Chrome/39.0.2171.95 Safari/537.36"
192.168.9.114 - - [20/Dec/2017:15:49:05 +0800] "POST /archive/api/archiveInfo HTTP/1.1" 200 114 "-" "Mozilla/4.0 (compatible; MSIE 6.0; Windows NT 5.1;SV1)"
192.168.9.114 - - [20/Dec/2017:15:49:05 +0800] "POST /archive/api/archiveInfo HTTP/1.1" 200 114 "-" "Mozilla/4.0 (compatible; MSIE 6.0; Windows NT 5.1;SV1)"
192.168.9.87 - - [20/Dec/2017:15:49:05 +0800] "POST /clinic/jky HTTP/1.1" 200 1314 "-" "Mozilla/5.0 (Windows NT 6.1; WOW64) AppleWebKit/537.36 (KHTML, like Gecko) Chrome/39.0.2171.95 Safari/537.36"
192.168.9.114 - - [20/Dec/2017:15:49:05 +0800] "POST /archive/api/archiveInfo HTTP/1.1" 200 114 "-" "Mozilla/4.0 (compatible; MSIE 6.0; Windows NT 5.1;SV1)"
12.113.50.117 - - [20/Dec/2017:15:49:05 +0800] "POST /clinic/jky HTTP/1.1" 200 901 "-" "Mozilla/5.0 (Windows NT 6.1; WOW64) AppleWebKit/537.36 (KHTML, like Gecko) Chrome/39.0.2171.95 Safari/537.36"
192.168.9.114 - - [20/Dec/2017:15:49:05 +0800] "POST /archive/api/archiveInfo HTTP/1.1" 200 114 "-" "Mozilla/4.0 (compatible; MSIE 6.0; Windows NT 5.1;SV1)"
192.168.9.87 - - [20/Dec/2017:15:49:05 +0800] "POST /clinic/jky HTTP/1.1" 200 858 "-" "Mozilla/5.0 (Windows NT 6.1; WOW64) AppleWebKit/537.36 (KHTML, like Gecko) Chrome/39.0.2171.95 Safari/537.36"
192.168.9.87 - - [20/Dec/2017:15:49:05 +0800] "POST /clinic/jky HTTP/1.1" 200 1101 "-" "Mozilla/5.0 (Windows NT 6.1; WOW64) AppleWebKit/537.36 (KHTML, like Gecko) Chrome/39.0.2171.95 Safari/537.36"
192.168.9.114 - - [20/Dec/2017:15:49:05 +0800] "POST /archive/api/archiveInfo HTTP/1.1" 200 114 "-" "Mozilla/4.0 (compatible; MSIE 6.0; Windows NT 5.1;SV1)"
192.168.9.87 - - [20/Dec/2017:15:49:05 +0800] "POST /clinic/jky HTTP/1.1" 200 1887 "-" "Mozilla/5.0 (Windows NT 6.1; WOW64) AppleWebKit/537.36 (KHTML, like Gecko) Chrome/39.0.2171.95 Safari/537.36"
192.168.9.114 - - [20/Dec/2017:15:49:05 +0800] "POST /archive/api/archiveInfo HTTP/1.1" 200 114 "-" "Mozilla/4.0 (compatible; MSIE 6.0; Windows NT 5.1;SV1)"
12.113.50.117 - - [20/Dec/2017:15:49:05 +0800] "POST /clinic/jky HTTP/1.1" 200 1474 "-" "Mozilla/5.0 (Windows NT 6.1; WOW64) AppleWebKit/537.36 (KHTML, like Gecko) Chrome/39.0.2171.95 Safari/537.36"
192.168.9.114 - - [20/Dec/2017:15:49:06 +0800] "POST /archive/api/archiveInfo HTTP/1.1" 200 114 "-" "Mozilla/4.0 (compatible; MSIE 6.0; Windows NT 5.1;SV1)"
192.168.9.87 - - [20/Dec/2017:15:49:06 +0800] "POST /clinic/jky HTTP/1.1" 200 1887 "-" "Mozilla/5.0 (Windows NT 6.1; WOW64) AppleWebKit/537.36 (KHTML, like Gecko) Chrome/39.0.2171.95 Safari/537.36"
192.168.9.114 - - [20/Dec/2017:15:49:06 +0800] "POST /archive/api/archiveInfo HTTP/1.1" 200 114 "-" "Mozilla/4.0 (compatible; MSIE 6.0; Windows NT 5.1;SV1)"
12.113.50.117 - - [20/Dec/2017:15:49:06 +0800] "POST /clinic/jky HTTP/1.1" 200 901 "-" "Mozilla/5.0 (Windows NT 6.1; WOW64) AppleWebKit/537.36 (KHTML, like Gecko) Chrome/39.0.2171.95 Safari/537.36"
192.168.9.114 - - [20/Dec/2017:15:49:06 +0800] "POST /archive/api/archiveInfo HTTP/1.1" 200 114 "-" "Mozilla/4.0 (compatible; MSIE 6.0; Windows NT 5.1;SV1)"
192.168.9.87 - - [20/Dec/2017:15:49:06 +0800] "POST /clinic/jky HTTP/1.1" 200 869 "-" "Mozilla/5.0 (Windows NT 6.1; WOW64) AppleWebKit/537.36 (KHTML, like Gecko) Chrome/39.0.2171.95 Safari/537.36"
12.113.94.11 - - [20/Dec/2017:15:49:07 +0800] "POST /cdc/a/doctor/archive/data HTTP/1.1" 200 6751 "http://10.17.157.63:9071/cdc/a/doctor/archive/list?kp=eyJjcmVhdGVSZWNvcmRPcmciOiIiLCJjcmVhdGVSZWNvcmREYXRlRnJvbSI6IiIsImNyZWF0ZVJlY29yZERhdGVFbmQiOiIiLCJjcmVhdGVSZWNvcmREb2NJZCI6IiIsInJlY29yZFN0YXR1cyI6IiIsInNpZ25TdGF0dXMiOiIiLCJpc1RocmVlU2lnbiI6IiIsImFkZHJlc3NDb3VudHkiOiIiLCJhZGRyZXNzVG93biI6IiIsImFkZHJlc3NDb21taXR0ZWUiOiIiLCJnZW5kZXIiOiIiLCJhZ2VGcm9tIjoiMCIsImFnZUVuZCI6IjEyMCIsImlzRGVhdGgiOiIiLCJpc0Rpc2FiaWxpdHkiOiIiLCJtYW5hZ2VyT3JnIjoiIiwiY3JlYXRlUmVjb3JkU3lzdGVtIjoiIiwicGVvcGxlVHlwZSI6IiIsImtleXdvcmQiOiLnjovlv5flubMiLCJwYWdlU2l6ZSI6MTAsInBhZ2VJbmRleCI6Miwic29ydEZpZWxkIjoiIiwic29ydE9yZGVyIjoiIn0=" "Mozilla/5.0 (Windows NT 6.1; WOW64) AppleWebKit/537.36 (KHTML, like Gecko) Chrome/55.0.2883.75 Safari/537.36"
12.113.94.11 - - [20/Dec/2017:15:49:07 +0800] "GET /cdc/a/doctor/archive/system?_=1513755991401 HTTP/1.1" 200 1146 "http://10.17.157.63:9071/cdc/a/doctor/archive/list?kp=eyJjcmVhdGVSZWNvcmRPcmciOiIiLCJjcmVhdGVSZWNvcmREYXRlRnJvbSI6IiIsImNyZWF0ZVJlY29yZERhdGVFbmQiOiIiLCJjcmVhdGVSZWNvcmREb2NJZCI6IiIsInJlY29yZFN0YXR1cyI6IiIsInNpZ25TdGF0dXMiOiIiLCJpc1RocmVlU2lnbiI6IiIsImFkZHJlc3NDb3VudHkiOiIiLCJhZGRyZXNzVG93biI6IiIsImFkZHJlc3NDb21taXR0ZWUiOiIiLCJnZW5kZXIiOiIiLCJhZ2VGcm9tIjoiMCIsImFnZUVuZCI6IjEyMCIsImlzRGVhdGgiOiIiLCJpc0Rpc2FiaWxpdHkiOiIiLCJtYW5hZ2VyT3JnIjoiIiwiY3JlYXRlUmVjb3JkU3lzdGVtIjoiIiwicGVvcGxlVHlwZSI6IiIsImtleXdvcmQiOiLnjovlv5flubMiLCJwYWdlU2l6ZSI6MTAsInBhZ2VJbmRleCI6Miwic29ydEZpZWxkIjoiIiwic29ydE9yZGVyIjoiIn0=" "Mozilla/5.0 (Windows NT 6.1; WOW64) AppleWebKit/537.36 (KHTML, like Gecko) Chrome/55.0.2883.75 Safari/537.36"
10.17.208.5 - - [20/Dec/2017:15:49:07 +0800] "GET /cdc/clinic/facade/workstation?interfaceKey=wOz8H2ak2FtJBnN3AJQrDQ&clinicid=b695ac389b8c439faea0853f274b8a33&param=I-jB-bGj8f5hQPQ_Xys1TpUha2yA0aTVv1UZ2gt-TwkErRBa6H5JDXBCVRKw214DIC-y9xFQRZZ6ut521Fp4GHmOvTZ_sNB95qjn2SFchDUJk_wkaJzwg3mOvTZ_sNB95qjn2SFchDUrS5muI-R7zDOtaskYKlsn3I1vdUnNGmUtTkrZxFwW6zo9J6HXG9XmxWuQGICr0X1unKuN_hWScp6-CUHLPvoCdEWGGt4RD4j1KiCb8P40hHaxKswV1nOLHhDpwPtEuAYOepOYU0jha3mlsaL-ZVrWnSWO0y33uzI43rpCkR5OayG4FanYscD07OYCiscmTzM7sEXkv1rnPVLNGJhcg4SK& HTTP/1.1" 200 21920 "-" "Mozilla/4.0 (compatible; MSIE 8.0; Windows NT 6.1; WOW64; Trident/4.0; SLCC2; .NET CLR 2.0.50727; .NET CLR 3.5.30729; .NET CLR 3.0.30729; Media Center PC 6.0; InfoPath.2; .NET4.0C; .NET4.0E)"
192.168.9.114 - - [20/Dec/2017:15:49:07 +0800] "POST /archive/api/archiveInfo HTTP/1.1" 200 114 "-" "Mozilla/4.0 (compatible; MSIE 6.0; Windows NT 5.1;SV1)"
12.113.50.117 - - [20/Dec/2017:15:49:07 +0800] "POST /clinic/jky HTTP/1.1" 200 1822 "-" "Mozilla/5.0 (Windows NT 6.1; WOW64) AppleWebKit/537.36 (KHTML, like Gecko) Chrome/39.0.2171.95 Safari/537.36"
192.168.9.114 - - [20/Dec/2017:15:49:07 +0800] "POST /archive/api/archiveInfo HTTP/1.1" 200 114 "-" "Mozilla/4.0 (compatible; MSIE 6.0; Windows NT 5.1;SV1)"
192.168.9.87 - - [20/Dec/2017:15:49:07 +0800] "POST /clinic/jky HTTP/1.1" 200 1164 "-" "Mozilla/5.0 (Windows NT 6.1; WOW64) AppleWebKit/537.36 (KHTML, like Gecko) Chrome/39.0.2171.95 Safari/537.36"
192.168.9.87 - - [20/Dec/2017:15:49:07 +0800] "POST /clinic/jky HTTP/1.1" 200 56 "-" "Mozilla/5.0 (Windows NT 6.1; WOW64) AppleWebKit/537.36 (KHTML, like Gecko) Chrome/39.0.2171.95 Safari/537.36"
192.168.9.114 - - [20/Dec/2017:15:49:07 +0800] "POST /archive/api/archiveInfo HTTP/1.1" 200 114 "-" "Mozilla/4.0 (compatible; MSIE 6.0; Windows NT 5.1;SV1)"
12.113.50.117 - - [20/Dec/2017:15:49:07 +0800] "POST /clinic/jky HTTP/1.1" 200 1887 "-" "Mozilla/5.0 (Windows NT 6.1; WOW64) AppleWebKit/537.36 (KHTML, like Gecko) Chrome/39.0.2171.95 Safari/537.36"
192.168.9.114 - - [20/Dec/2017:15:49:07 +0800] "POST /archive/api/archiveInfo HTTP/1.1" 200 114 "-" "Mozilla/4.0 (compatible; MSIE 6.0; Windows NT 5.1;SV1)"
192.168.9.87 - - [20/Dec/2017:15:49:07 +0800] "POST /clinic/jky HTTP/1.1" 200 1250 "-" "Mozilla/5.0 (Windows NT 6.1; WOW64) AppleWebKit/537.36 (KHTML, like Gecko) Chrome/39.0.2171.95 Safari/537.36"
10.17.209.3 - - [20/Dec/2017:15:49:07 +0800] "GET /cdc/a/doctor/signmanage/addNew HTTP/1.1" 200 30145 "http://192.168.0.25:9071/cdc/a/doctor/resident/list" "Mozilla/5.0 (Windows NT 5.1; rv:52.0) Gecko/20100101 Firefox/52.0"
192.168.9.114 - - [20/Dec/2017:15:49:07 +0800] "POST /archive/api/archiveInfo HTTP/1.1" 200 114 "-" "Mozilla/4.0 (compatible; MSIE 6.0; Windows NT 5.1;SV1)"
192.168.9.87 - - [20/Dec/2017:15:49:07 +0800] "POST /clinic/jky HTTP/1.1" 200 901 "-" "Mozilla/5.0 (Windows NT 6.1; WOW64) AppleWebKit/537.36 (KHTML, like Gecko) Chrome/39.0.2171.95 Safari/537.36"
192.168.9.114 - - [20/Dec/2017:15:49:07 +0800] "POST /archive/api/archiveInfo HTTP/1.1" 200 114 "-" "Mozilla/4.0 (compatible; MSIE 6.0; Windows NT 5.1;SV1)"
192.168.9.114 - - [20/Dec/2017:15:49:07 +0800] "POST /archive/api/archiveInfo HTTP/1.1" 200 114 "-" "Mozilla/4.0 (compatible; MSIE 6.0; Windows NT 5.1;SV1)"
12.113.50.117 - - [20/Dec/2017:15:49:07 +0800] "POST /clinic/jky HTTP/1.1" 200 869 "-" "Mozilla/5.0 (Windows NT 6.1; WOW64) AppleWebKit/537.36 (KHTML, like Gecko) Chrome/39.0.2171.95 Safari/537.36"
192.168.9.114 - - [20/Dec/2017:15:49:07 +0800] "POST /archive/api/archiveInfo HTTP/1.1" 200 114 "-" "Mozilla/4.0 (compatible; MSIE 6.0; Windows NT 5.1;SV1)"
192.168.9.114 - - [20/Dec/2017:15:49:07 +0800] "POST /archive/api/archiveInfo HTTP/1.1" 200 114 "-" "Mozilla/4.0 (compatible; MSIE 6.0; Windows NT 5.1;SV1)"
192.168.9.87 - - [20/Dec/2017:15:49:07 +0800] "POST /clinic/jky HTTP/1.1" 200 2000 "-" "Mozilla/5.0 (Windows NT 6.1; WOW64) AppleWebKit/537.36 (KHTML, like Gecko) Chrome/39.0.2171.95 Safari/537.36"
12.113.50.117 - - [20/Dec/2017:15:49:07 +0800] "POST /clinic/jky HTTP/1.1" 200 869 "-" "Mozilla/5.0 (Windows NT 6.1; WOW64) AppleWebKit/537.36 (KHTML, like Gecko) Chrome/39.0.2171.95 Safari/537.36"
192.168.9.114 - - [20/Dec/2017:15:49:07 +0800] "POST /archive/api/archiveInfo HTTP/1.1" 200 114 "-" "Mozilla/4.0 (compatible; MSIE 6.0; Windows NT 5.1;SV1)"
192.168.9.114 - - [20/Dec/2017:15:49:07 +0800] "POST /archive/api/archiveInfo HTTP/1.1" 200 114 "-" "Mozilla/4.0 (compatible; MSIE 6.0; Windows NT 5.1;SV1)"
12.113.50.117 - - [20/Dec/2017:15:49:07 +0800] "POST /clinic/jky HTTP/1.1" 200 869 "-" "Mozilla/5.0 (Windows NT 6.1; WOW64) AppleWebKit/537.36 (KHTML, like Gecko) Chrome/39.0.2171.95 Safari/537.36"
12.113.50.117 - - [20/Dec/2017:15:49:08 +0800] "POST /clinic/jky HTTP/1.1" 200 858 "-" "Mozilla/5.0 (Windows NT 6.1; WOW64) AppleWebKit/537.36 (KHTML, like Gecko) Chrome/39.0.2171.95 Safari/537.36"
192.168.9.87 - - [20/Dec/2017:15:49:08 +0800] "POST /clinic/jky HTTP/1.1" 200 869 "-" "Mozilla/5.0 (Windows NT 6.1; WOW64) AppleWebKit/537.36 (KHTML, like Gecko) Chrome/39.0.2171.95 Safari/537.36"
10.17.209.3 - - [20/Dec/2017:15:49:08 +0800] "GET /cdc/static/miniui/vtype.js?0.23711039618735652 HTTP/1.1" 200 14359 "http://192.168.0.25:9071/cdc/a/doctor/signmanage/addNew" "Mozilla/5.0 (Windows NT 5.1; rv:52.0) Gecko/20100101 Firefox/52.0"
10.17.209.3 - - [20/Dec/2017:15:49:08 +0800] "GET /cdc/static/miniui/form.js?0.07850997325733766 HTTP/1.1" 200 23716 "http://192.168.0.25:9071/cdc/a/doctor/signmanage/addNew" "Mozilla/5.0 (Windows NT 5.1; rv:52.0) Gecko/20100101 Firefox/52.0"
192.168.9.114 - - [20/Dec/2017:15:49:08 +0800] "POST /archive/api/archiveInfo HTTP/1.1" 200 114 "-" "Mozilla/4.0 (compatible; MSIE 6.0; Windows NT 5.1;SV1)"
10.17.209.3 - - [20/Dec/2017:15:49:08 +0800] "GET /cdc/static/common/search.js?0.6309117851125541 HTTP/1.1" 200 2170 "http://192.168.0.25:9071/cdc/a/doctor/signmanage/addNew" "Mozilla/5.0 (Windows NT 5.1; rv:52.0) Gecko/20100101 Firefox/52.0"
10.17.209.3 - - [20/Dec/2017:15:49:08 +0800] "GET /cdc/static/main/wd_js/inputSkip.js?0.9772512451225617 HTTP/1.1" 200 21551 "http://192.168.0.25:9071/cdc/a/doctor/signmanage/addNew" "Mozilla/5.0 (Windows NT 5.1; rv:52.0) Gecko/20100101 Firefox/52.0"
192.168.9.87 - - [20/Dec/2017:15:49:08 +0800] "POST /clinic/jky HTTP/1.1" 200 879 "-" "Mozilla/5.0 (Windows NT 6.1; WOW64) AppleWebKit/537.36 (KHTML, like Gecko) Chrome/39.0.2171.95 Safari/537.36"
192.168.9.114 - - [20/Dec/2017:15:49:08 +0800] "POST /archive/api/archiveInfo HTTP/1.1" 200 114 "-" "Mozilla/4.0 (compatible; MSIE 6.0; Windows NT 5.1;SV1)"
192.168.9.87 - - [20/Dec/2017:15:49:08 +0800] "POST /clinic/jky HTTP/1.1" 200 1876 "-" "Mozilla/5.0 (Windows NT 6.1; WOW64) AppleWebKit/537.36 (KHTML, like Gecko) Chrome/39.0.2171.95 Safari/537.36"
192.168.9.114 - - [20/Dec/2017:15:49:08 +0800] "POST /archive/api/archiveInfo HTTP/1.1" 200 114 "-" "Mozilla/4.0 (compatible; MSIE 6.0; Windows NT 5.1;SV1)"
12.113.50.117 - - [20/Dec/2017:15:49:08 +0800] "POST /clinic/jky HTTP/1.1" 200 1887 "-" "Mozilla/5.0 (Windows NT 6.1; WOW64) AppleWebKit/537.36 (KHTML, like Gecko) Chrome/39.0.2171.95 Safari/537.36"
10.17.214.5 - - [20/Dec/2017:15:49:08 +0800] "POST /cdc/doctor/signfacade/workstation/checkIdcard HTTP/1.1" 302 0 "http://192.96.0.138:9071/cdc/doctor/signfacade/workstation/add" "Mozilla/4.0 (compatible; MSIE 7.0; Windows NT 5.1; Trident/4.0; .NET4.0C; .NET4.0E; .NET CLR 2.0.50727; .NET CLR 3.0.04506.648; .NET CLR 3.5.21022)"
192.168.9.114 - - [20/Dec/2017:15:49:08 +0800] "POST /archive/api/archiveInfo HTTP/1.1" 200 114 "-" "Mozilla/4.0 (compatible; MSIE 6.0; Windows NT 5.1;SV1)"
192.168.9.114 - - [20/Dec/2017:15:49:08 +0800] "POST /archive/api/archiveInfo HTTP/1.1" 200 114 "-" "Mozilla/4.0 (compatible; MSIE 6.0; Windows NT 5.1;SV1)"
12.113.50.117 - - [20/Dec/2017:15:49:08 +0800] "POST /clinic/jky HTTP/1.1" 200 901 "-" "Mozilla/5.0 (Windows NT 6.1; WOW64) AppleWebKit/537.36 (KHTML, like Gecko) Chrome/39.0.2171.95 Safari/537.36"
192.168.9.87 - - [20/Dec/2017:15:49:08 +0800] "POST /clinic/jky HTTP/1.1" 200 847 "-" "Mozilla/5.0 (Windows NT 6.1; WOW64) AppleWebKit/537.36 (KHTML, like Gecko) Chrome/39.0.2171.95 Safari/537.36"
10.17.214.5 - - [20/Dec/2017:15:49:08 +0800] "GET /cdc/doctor/signfacade/workstation/form?yljg=42508104500&gpmc=%E9%BD%90%E4%B8%BD%E4%B8%BD&gpid=317&czrybm=317&czryxm=%E9%BD%90%E4%B8%BD%E4%B8%BD&gpdh=null&yszyzh=null&idcard=310226195809044738&sfzh=310226195809044738 HTTP/1.1" 200 20528 "http://192.96.0.138:9071/cdc/doctor/signfacade/workstation/add" "Mozilla/4.0 (compatible; MSIE 7.0; Windows NT 5.1; Trident/4.0; .NET4.0C; .NET4.0E; .NET CLR 2.0.50727; .NET CLR 3.0.04506.648; .NET CLR 3.5.21022)"
192.168.9.114 - - [20/Dec/2017:15:49:08 +0800] "POST /archive/api/archiveInfo HTTP/1.1" 200 114 "-" "Mozilla/4.0 (compatible; MSIE 6.0; Windows NT 5.1;SV1)"
12.113.50.117 - - [20/Dec/2017:15:49:08 +0800] "POST /clinic/jky HTTP/1.1" 200 1303 "-" "Mozilla/5.0 (Windows NT 6.1; WOW64) AppleWebKit/537.36 (KHTML, like Gecko) Chrome/39.0.2171.95 Safari/537.36"
192.168.9.114 - - [20/Dec/2017:15:49:09 +0800] "POST /archive/api/archiveInfo HTTP/1.1" 200 114 "-" "Mozilla/4.0 (compatible; MSIE 6.0; Windows NT 5.1;SV1)"
192.168.9.87 - - [20/Dec/2017:15:49:09 +0800] "POST /clinic/jky HTTP/1.1" 200 858 "-" "Mozilla/5.0 (Windows NT 6.1; WOW64) AppleWebKit/537.36 (KHTML, like Gecko) Chrome/39.0.2171.95 Safari/537.36"
192.168.9.114 - - [20/Dec/2017:15:49:09 +0800] "POST /archive/api/archiveInfo HTTP/1.1" 200 114 "-" "Mozilla/4.0 (compatible; MSIE 6.0; Windows NT 5.1;SV1)"
192.168.9.114 - - [20/Dec/2017:15:49:09 +0800] "POST /archive/api/archiveInfo HTTP/1.1" 200 114 "-" "Mozilla/4.0 (compatible; MSIE 6.0; Windows NT 5.1;SV1)"
12.113.50.117 - - [20/Dec/2017:15:49:09 +0800] "POST /clinic/jky HTTP/1.1" 200 1887 "-" "Mozilla/5.0 (Windows NT 6.1; WOW64) AppleWebKit/537.36 (KHTML, like Gecko) Chrome/39.0.2171.95 Safari/537.36"
192.168.9.87 - - [20/Dec/2017:15:49:09 +0800] "POST /clinic/jky HTTP/1.1" 200 1185 "-" "Mozilla/5.0 (Windows NT 6.1; WOW64) AppleWebKit/537.36 (KHTML, like Gecko) Chrome/39.0.2171.95 Safari/537.36"
192.168.9.114 - - [20/Dec/2017:15:49:09 +0800] "POST /archive/api/archiveInfo HTTP/1.1" 200 114 "-" "Mozilla/4.0 (compatible; MSIE 6.0; Windows NT 5.1;SV1)"
10.17.209.3 - - [20/Dec/2017:15:49:09 +0800] "GET /cdc/sys/dicArea/query?level=1&interfaceKey=wOz8H2ak2FvYA2hFVuNyKg&_=1513756189423 HTTP/1.1" 200 3364 "http://192.168.0.25:9071/cdc/a/doctor/signmanage/addNew" "Mozilla/5.0 (Windows NT 5.1; rv:52.0) Gecko/20100101 Firefox/52.0"
192.168.9.114 - - [20/Dec/2017:15:49:09 +0800] "POST /archive/api/archiveInfo HTTP/1.1" 200 114 "-" "Mozilla/4.0 (compatible; MSIE 6.0; Windows NT 5.1;SV1)"
192.168.9.87 - - [20/Dec/2017:15:49:09 +0800] "POST /clinic/jky HTTP/1.1" 200 1854 "-" "Mozilla/5.0 (Windows NT 6.1; WOW64) AppleWebKit/537.36 (KHTML, like Gecko) Chrome/39.0.2171.95 Safari/537.36"
10.17.209.3 - - [20/Dec/2017:15:49:09 +0800] "GET /cdc/sys/dicArea/query?level=2&pid=310000000000&interfaceKey=wOz8H2ak2FtYL3zFKEaumg&_=1513756189630 HTTP/1.1" 200 184 "http://192.168.0.25:9071/cdc/a/doctor/signmanage/addNew" "Mozilla/5.0 (Windows NT 5.1; rv:52.0) Gecko/20100101 Firefox/52.0"
192.168.9.87 - - [20/Dec/2017:15:49:09 +0800] "POST /clinic/jky HTTP/1.1" 200 2000 "-" "Mozilla/5.0 (Windows NT 6.1; WOW64) AppleWebKit/537.36 (KHTML, like Gecko) Chrome/39.0.2171.95 Safari/537.36"
10.17.209.3 - - [20/Dec/2017:15:49:09 +0800] "GET /cdc/sys/dicArea/query?level=3&pid=310100000000&interfaceKey=wOz8H2ak2FtYL3zFKEaumg&_=1513756189687 HTTP/1.1" 200 1415 "http://192.168.0.25:9071/cdc/a/doctor/signmanage/addNew" "Mozilla/5.0 (Windows NT 5.1; rv:52.0) Gecko/20100101 Firefox/52.0"
10.17.209.3 - - [20/Dec/2017:15:49:09 +0800] "GET /cdc/sys/dicArea/query?level=4&pid=310106000000&interfaceKey=wOz8H2ak2FtGThGtu6s9Cw&_=1513756189741 HTTP/1.1" 200 1532 "http://192.168.0.25:9071/cdc/a/doctor/signmanage/addNew" "Mozilla/5.0 (Windows NT 5.1; rv:52.0) Gecko/20100101 Firefox/52.0"
192.168.9.114 - - [20/Dec/2017:15:49:09 +0800] "POST /archive/api/get HTTP/1.1" 200 1885 "-" "Mozilla/4.0 (compatible; MSIE 6.0; Windows NT 5.1;SV1)"
10.17.208.5 - - [20/Dec/2017:15:49:10 +0800] "GET /cdc/doctor/facade/archive/detail?interfaceKey=wOz8H2ak2Ft_W1bJi9vefA&personcard=310101196107130836&yljgdm=42508125600&ysgh=16&backUrl=aHR0cDovLzE5Mi4xLjEuMTg2OjkwNzEvY2RjL2NsaW5pYy9mYWNhZGUvd29ya3N0YXRpb24%2FaW50ZXJmYWNlS2V5PXdPejhIMmFrMkZ0SkJuTjNBSlFyRFEmY2xpbmljaWQ9YjY5NWFjMzg5YjhjNDM5ZmFlYTA4NTNmMjc0YjhhMzMmcGFyYW09SS1qQi1iR2o4ZjVoUVBRX1h5czFUcFVoYTJ5QTBhVFZ2MVVaMmd0LVR3a0VyUkJhNkg1SkRYQkNWUkt3MjE0RElDLXk5eEZRUlpaNnV0NTIxRnA0R0htT3ZUWl9zTkI5NXFqbjJTRmNoRFVKa193a2FKendnM21PdlRaX3NOQjk1cWpuMlNGY2hEVXJTNW11SS1SN3pET3Rhc2tZS2xzbjNJMXZkVW5OR21VdFRrclp4RndXNnpvOUo2SFhHOVhteFd1UUdJQ3IwWDF1bkt1Tl9oV1NjcDYtQ1VITFB2b0NkRVdHR3Q0UkQ0ajFLaUNiOFA0MGhIYXhLc3dWMW5PTEhoRHB3UHRFdUFZT2VwT1lVMGpoYTNtbHNhTC1aVnJXblNXTzB5MzN1ekk0M3JwQ2tSNU9heUc0RmFuWXNjRDA3T1lDaXNjbVR6TTdzRVhrdjFyblBWTE5HSmhjZzRTSyY%3D&hzxm=%E6%9B%B9%E6%9E%97%E9%BE%99 HTTP/1.1" 200 20860 "-" "Mozilla/4.0 (compatible; MSIE 8.0; Windows NT 6.1; WOW64; Trident/4.0; SLCC2; .NET CLR 2.0.50727; .NET CLR 3.5.30729; .NET CLR 3.0.30729; Media Center PC 6.0; InfoPath.2; .NET4.0C; .NET4.0E)"
10.17.208.5 - - [20/Dec/2017:15:49:10 +0800] "GET /cdc/static/common/search.js?0.8581261245739821 HTTP/1.1" 200 2170 "http://192.1.1.186:9071/cdc/doctor/facade/archive/detail?interfaceKey=wOz8H2ak2Ft_W1bJi9vefA&personcard=310101196107130836&yljgdm=42508125600&ysgh=16&backUrl=aHR0cDovLzE5Mi4xLjEuMTg2OjkwNzEvY2RjL2NsaW5pYy9mYWNhZGUvd29ya3N0YXRpb24%2FaW50ZXJmYWNlS2V5PXdPejhIMmFrMkZ0SkJuTjNBSlFyRFEmY2xpbmljaWQ9YjY5NWFjMzg5YjhjNDM5ZmFlYTA4NTNmMjc0YjhhMzMmcGFyYW09SS1qQi1iR2o4ZjVoUVBRX1h5czFUcFVoYTJ5QTBhVFZ2MVVaMmd0LVR3a0VyUkJhNkg1SkRYQkNWUkt3MjE0RElDLXk5eEZRUlpaNnV0NTIxRnA0R0htT3ZUWl9zTkI5NXFqbjJTRmNoRFVKa193a2FKendnM21PdlRaX3NOQjk1cWpuMlNGY2hEVXJTNW11SS1SN3pET3Rhc2tZS2xzbjNJMXZkVW5OR21VdFRrclp4RndXNnpvOUo2SFhHOVhteFd1UUdJQ3IwWDF1bkt1Tl9oV1NjcDYtQ1VITFB2b0NkRVdHR3Q0UkQ0ajFLaUNiOFA0MGhIYXhLc3dWMW5PTEhoRHB3UHRFdUFZT2VwT1lVMGpoYTNtbHNhTC1aVnJXblNXTzB5MzN1ekk0M3JwQ2tSNU9heUc0RmFuWXNjRDA3T1lDaXNjbVR6TTdzRVhrdjFyblBWTE5HSmhjZzRTSyY%3D&hzxm=%E6%9B%B9%E6%9E%97%E9%BE%99" "Mozilla/4.0 (compatible; MSIE 8.0; Windows NT 6.1; WOW64; Trident/4.0; SLCC2; .NET CLR 2.0.50727; .NET CLR 3.5.30729; .NET CLR 3.0.30729; Media Center PC 6.0; InfoPath.2; .NET4.0C; .NET4.0E)"
10.17.208.5 - - [20/Dec/2017:15:49:10 +0800] "GET /cdc/static/miniui/vtype.js?0.3935971898496967 HTTP/1.1" 200 14359 "http://192.1.1.186:9071/cdc/doctor/facade/archive/detail?interfaceKey=wOz8H2ak2Ft_W1bJi9vefA&personcard=310101196107130836&yljgdm=42508125600&ysgh=16&backUrl=aHR0cDovLzE5Mi4xLjEuMTg2OjkwNzEvY2RjL2NsaW5pYy9mYWNhZGUvd29ya3N0YXRpb24%2FaW50ZXJmYWNlS2V5PXdPejhIMmFrMkZ0SkJuTjNBSlFyRFEmY2xpbmljaWQ9YjY5NWFjMzg5YjhjNDM5ZmFlYTA4NTNmMjc0YjhhMzMmcGFyYW09SS1qQi1iR2o4ZjVoUVBRX1h5czFUcFVoYTJ5QTBhVFZ2MVVaMmd0LVR3a0VyUkJhNkg1SkRYQkNWUkt3MjE0RElDLXk5eEZRUlpaNnV0NTIxRnA0R0htT3ZUWl9zTkI5NXFqbjJTRmNoRFVKa193a2FKendnM21PdlRaX3NOQjk1cWpuMlNGY2hEVXJTNW11SS1SN3pET3Rhc2tZS2xzbjNJMXZkVW5OR21VdFRrclp4RndXNnpvOUo2SFhHOVhteFd1UUdJQ3IwWDF1bkt1Tl9oV1NjcDYtQ1VITFB2b0NkRVdHR3Q0UkQ0ajFLaUNiOFA0MGhIYXhLc3dWMW5PTEhoRHB3UHRFdUFZT2VwT1lVMGpoYTNtbHNhTC1aVnJXblNXTzB5MzN1ekk0M3JwQ2tSNU9heUc0RmFuWXNjRDA3T1lDaXNjbVR6TTdzRVhrdjFyblBWTE5HSmhjZzRTSyY%3D&hzxm=%E6%9B%B9%E6%9E%97%E9%BE%99" "Mozilla/4.0 (compatible; MSIE 8.0; Windows NT 6.1; WOW64; Trident/4.0; SLCC2; .NET CLR 2.0.50727; .NET CLR 3.5.30729; .NET CLR 3.0.30729; Media Center PC 6.0; InfoPath.2; .NET4.0C; .NET4.0E)"
10.17.208.5 - - [20/Dec/2017:15:49:10 +0800] "GET /cdc/static/miniui/form.js?0.4311451021180085 HTTP/1.1" 200 23716 "http://192.1.1.186:9071/cdc/doctor/facade/archive/detail?interfaceKey=wOz8H2ak2Ft_W1bJi9vefA&personcard=310101196107130836&yljgdm=42508125600&ysgh=16&backUrl=aHR0cDovLzE5Mi4xLjEuMTg2OjkwNzEvY2RjL2NsaW5pYy9mYWNhZGUvd29ya3N0YXRpb24%2FaW50ZXJmYWNlS2V5PXdPejhIMmFrMkZ0SkJuTjNBSlFyRFEmY2xpbmljaWQ9YjY5NWFjMzg5YjhjNDM5ZmFlYTA4NTNmMjc0YjhhMzMmcGFyYW09SS1qQi1iR2o4ZjVoUVBRX1h5czFUcFVoYTJ5QTBhVFZ2MVVaMmd0LVR3a0VyUkJhNkg1SkRYQkNWUkt3MjE0RElDLXk5eEZRUlpaNnV0NTIxRnA0R0htT3ZUWl9zTkI5NXFqbjJTRmNoRFVKa193a2FKendnM21PdlRaX3NOQjk1cWpuMlNGY2hEVXJTNW11SS1SN3pET3Rhc2tZS2xzbjNJMXZkVW5OR21VdFRrclp4RndXNnpvOUo2SFhHOVhteFd1UUdJQ3IwWDF1bkt1Tl9oV1NjcDYtQ1VITFB2b0NkRVdHR3Q0UkQ0ajFLaUNiOFA0MGhIYXhLc3dWMW5PTEhoRHB3UHRFdUFZT2VwT1lVMGpoYTNtbHNhTC1aVnJXblNXTzB5MzN1ekk0M3JwQ2tSNU9heUc0RmFuWXNjRDA3T1lDaXNjbVR6TTdzRVhrdjFyblBWTE5HSmhjZzRTSyY%3D&hzxm=%E6%9B%B9%E6%9E%97%E9%BE%99" "Mozilla/4.0 (compatible; MSIE 8.0; Windows NT 6.1; WOW64; Trident/4.0; SLCC2; .NET CLR 2.0.50727; .NET CLR 3.5.30729; .NET CLR 3.0.30729; Media Center PC 6.0; InfoPath.2; .NET4.0C; .NET4.0E)"
10.17.208.5 - - [20/Dec/2017:15:49:10 +0800] "GET /cdc/static/main/wd_js/inputSkip.js?0.10325163840020024 HTTP/1.1" 200 21551 "http://192.1.1.186:9071/cdc/doctor/facade/archive/detail?interfaceKey=wOz8H2ak2Ft_W1bJi9vefA&personcard=310101196107130836&yljgdm=42508125600&ysgh=16&backUrl=aHR0cDovLzE5Mi4xLjEuMTg2OjkwNzEvY2RjL2NsaW5pYy9mYWNhZGUvd29ya3N0YXRpb24%2FaW50ZXJmYWNlS2V5PXdPejhIMmFrMkZ0SkJuTjNBSlFyRFEmY2xpbmljaWQ9YjY5NWFjMzg5YjhjNDM5ZmFlYTA4NTNmMjc0YjhhMzMmcGFyYW09SS1qQi1iR2o4ZjVoUVBRX1h5czFUcFVoYTJ5QTBhVFZ2MVVaMmd0LVR3a0VyUkJhNkg1SkRYQkNWUkt3MjE0RElDLXk5eEZRUlpaNnV0NTIxRnA0R0htT3ZUWl9zTkI5NXFqbjJTRmNoRFVKa193a2FKendnM21PdlRaX3NOQjk1cWpuMlNGY2hEVXJTNW11SS1SN3pET3Rhc2tZS2xzbjNJMXZkVW5OR21VdFRrclp4RndXNnpvOUo2SFhHOVhteFd1UUdJQ3IwWDF1bkt1Tl9oV1NjcDYtQ1VITFB2b0NkRVdHR3Q0UkQ0ajFLaUNiOFA0MGhIYXhLc3dWMW5PTEhoRHB3UHRFdUFZT2VwT1lVMGpoYTNtbHNhTC1aVnJXblNXTzB5MzN1ekk0M3JwQ2tSNU9heUc0RmFuWXNjRDA3T1lDaXNjbVR6TTdzRVhrdjFyblBWTE5HSmhjZzRTSyY%3D&hzxm=%E6%9B%B9%E6%9E%97%E9%BE%99" "Mozilla/4.0 (compatible; MSIE 8.0; Windows NT 6.1; WOW64; Trident/4.0; SLCC2; .NET CLR 2.0.50727; .NET CLR 3.5.30729; .NET CLR 3.0.30729; Media Center PC 6.0; InfoPath.2; .NET4.0C; .NET4.0E)"
192.168.9.114 - - [20/Dec/2017:15:49:10 +0800] "POST /archive/api/get HTTP/1.1" 200 1545 "-" "Mozilla/4.0 (compatible; MSIE 6.0; Windows NT 5.1;SV1)"
192.168.9.114 - - [20/Dec/2017:15:49:10 +0800] "POST /archive/api/archiveInfo HTTP/1.1" 200 114 "-" "Mozilla/4.0 (compatible; MSIE 6.0; Windows NT 5.1;SV1)"
192.168.9.87 - - [20/Dec/2017:15:49:10 +0800] "POST /clinic/jky HTTP/1.1" 200 1876 "-" "Mozilla/5.0 (Windows NT 6.1; WOW64) AppleWebKit/537.36 (KHTML, like Gecko) Chrome/39.0.2171.95 Safari/537.36"
10.17.209.3 - - [20/Dec/2017:15:49:10 +0800] "GET /cdc/sys/dicArea/query?level=1&interfaceKey=wOz8H2ak2FuapxMUZwh4yQ&_=1513756190060 HTTP/1.1" 200 3364 "http://192.168.0.25:9071/cdc/a/doctor/signmanage/addNew" "Mozilla/5.0 (Windows NT 5.1; rv:52.0) Gecko/20100101 Firefox/52.0"
192.168.9.114 - - [20/Dec/2017:15:49:10 +0800] "POST /archive/api/archiveInfo HTTP/1.1" 200 114 "-" "Mozilla/4.0 (compatible; MSIE 6.0; Windows NT 5.1;SV1)"
192.168.9.87 - - [20/Dec/2017:15:49:10 +0800] "POST /clinic/jky HTTP/1.1" 200 1876 "-" "Mozilla/5.0 (Windows NT 6.1; WOW64) AppleWebKit/537.36 (KHTML, like Gecko) Chrome/39.0.2171.95 Safari/537.36"
