10.17.208.5 - - [20/Dec/2017:15:48:00 +0800] "GET /cdc/clinic/facade/workstation?interfaceKey=oJDeECLhns2LpRu9DKJGpA&clinicid=8eb64496b7d840cda646f0f587f24c17&param=I-jB-bGj8f5hQPQ_Xys1TpUha2yA0aTVv1UZ2gt-TwkErRBa6H5JDXBCVRKw214DIC-y9xFQRZaUb6T4KAbVfBBTEt9TnUkmVoPVfLU-BA1ZRZoIPKiobxBTEt9TnUkmVoPVfLU-BA1998fUF9o6uxOicm6VMqDl3I1vdUnNGmUCxpDvSD0gdtTG0YT_MV-L0YErVgRNaLYXlAQiIP7A-P9ufYSDHFwEv5rX7gHYGwuDV9uBM9S4w3axKswV1nOLHhDpwPtEuAYOepOYU0jha3mlsaL-ZVrWnSWO0y33uzI43rpCkR5OayG4FanYscD07OYCiscmTzM7sEXkv1rnPVLNGJhcg4SK& HTTP/1.1" 200 20586 "-" "Mozilla/4.0 (compatible; MSIE 8.0; Windows NT 6.1; WOW64; Trident/4.0; SLCC2; .NET CLR 2.0.50727; .NET CLR 3.5.30729; .NET CLR 3.0.30729; Media Center PC 6.0; InfoPath.2; .NET4.0C; .NET4.0E)"
12.113.50.117 - - [20/Dec/2017:15:48:00 +0800] "POST /clinic/jky HTTP/1.1" 200 56 "-" "Mozilla/5.0 (Windows NT 6.1; WOW64) AppleWebKit/537.36 (KHTML, like Gecko) Chrome/39.0.2171.95 Safari/537.36"
192.168.9.114 - - [20/Dec/2017:15:48:00 +0800] "POST /archive/api/archiveInfo HTTP/1.1" 200 114 "-" "Mozilla/4.0 (compatible; MSIE 6.0; Windows NT 5.1;SV1)"
192.168.9.114 - - [20/Dec/2017:15:48:00 +0800] "POST /archive/api/archiveInfo HTTP/1.1" 200 114 "-" "Mozilla/4.0 (compatible; MSIE 6.0; Windows NT 5.1;SV1)"
12.113.50.117 - - [20/Dec/2017:15:48:00 +0800] "POST /clinic/jky HTTP/1.1" 200 1271 "-" "Mozilla/5.0 (Windows NT 6.1; WOW64) AppleWebKit/537.36 (KHTML, like Gecko) Chrome/39.0.2171.95 Safari/537.36"
192.168.9.87 - - [20/Dec/2017:15:48:00 +0800] "POST /clinic/jky HTTP/1.1" 200 901 "-" "Mozilla/5.0 (Windows NT 6.1; WOW64) AppleWebKit/537.36 (KHTML, like Gecko) Chrome/39.0.2171.95 Safari/537.36"
192.168.9.114 - - [20/Dec/2017:15:48:01 +0800] "POST /archive/api/archiveInfo HTTP/1.1" 200 114 "-" "Mozilla/4.0 (compatible; MSIE 6.0; Windows NT 5.1;SV1)"
192.168.9.87 - - [20/Dec/2017:15:48:01 +0800] "POST /clinic/jky HTTP/1.1" 200 1186 "-" "Mozilla/5.0 (Windows NT 6.1; WOW64) AppleWebKit/537.36 (KHTML, like Gecko) Chrome/39.0.2171.95 Safari/537.36"
192.168.9.114 - - [20/Dec/2017:15:48:01 +0800] "POST /archive/api/archiveInfo HTTP/1.1" 200 114 "-" "Mozilla/4.0 (compatible; MSIE 6.0; Windows NT 5.1;SV1)"
192.168.9.87 - - [20/Dec/2017:15:48:01 +0800] "POST /clinic/jky HTTP/1.1" 200 890 "-" "Mozilla/5.0 (Windows NT 6.1; WOW64) AppleWebKit/537.36 (KHTML, like Gecko) Chrome/39.0.2171.95 Safari/537.36"
192.168.9.114 - - [20/Dec/2017:15:48:01 +0800] "POST /archive/api/submit HTTP/1.1" 200 44 "-" "Mozilla/4.0 (compatible; MSIE 6.0; Windows NT 5.1;SV1)"
10.17.214.5 - - [20/Dec/2017:15:48:01 +0800] "POST /cdc/doctor/facade/archive/save?interfaceKey=oJDeECLhns3VPBzDuxw_jA HTTP/1.1" 200 21 "http://192.96.0.138:9071/cdc/doctor/facade/archive/detail?interfaceKey=oJDeECLhns1xiZxShJUYXQ&personcard=310106195604131650&yljgdm=42508104500&ysgh=317&backUrl=aHR0cDovLzE5Mi45Ni4wLjEzODo5MDcxL2NkYy9kb2N0b3Ivc2lnbmZhY2FkZS93b3Jrc3RhdGlvbi9mb3JtP3lsamc9NDI1MDgxMDQ1MDAmZ3BtYz0lRTklQkQlOTAlRTQlQjglQkQlRTQlQjglQkQmZ3BpZD0zMTcmY3pyeWJtPTMxNyZjenJ5eG09JUU5JUJEJTkwJUU0JUI4JUJEJUU0JUI4JUJEJmdwZGg9bnVsbCZ5c3p5emg9bnVsbCZpZGNhcmQ9MzEwMTA2MTk1NjA0MTMxNjUwJnNmemg9MzEwMTA2MTk1NjA0MTMxNjUw&hzxm=%E9%A1%BE%E6%AD%A3%E5%85%B4" "Mozilla/4.0 (compatible; MSIE 7.0; Windows NT 5.1; Trident/4.0; .NET4.0C; .NET4.0E; .NET CLR 2.0.50727; .NET CLR 3.0.04506.648; .NET CLR 3.5.21022)"
192.168.9.114 - - [20/Dec/2017:15:48:01 +0800] "POST /archive/api/archiveInfo HTTP/1.1" 200 114 "-" "Mozilla/4.0 (compatible; MSIE 6.0; Windows NT 5.1;SV1)"
12.113.50.117 - - [20/Dec/2017:15:48:01 +0800] "POST /clinic/jky HTTP/1.1" 200 858 "-" "Mozilla/5.0 (Windows NT 6.1; WOW64) AppleWebKit/537.36 (KHTML, like Gecko) Chrome/39.0.2171.95 Safari/537.36"
192.168.9.114 - - [20/Dec/2017:15:48:02 +0800] "POST /archive/api/archiveInfo HTTP/1.1" 200 114 "-" "Mozilla/4.0 (compatible; MSIE 6.0; Windows NT 5.1;SV1)"
12.113.50.117 - - [20/Dec/2017:15:48:02 +0800] "POST /clinic/jky HTTP/1.1" 200 1887 "-" "Mozilla/5.0 (Windows NT 6.1; WOW64) AppleWebKit/537.36 (KHTML, like Gecko) Chrome/39.0.2171.95 Safari/537.36"
192.168.9.114 - - [20/Dec/2017:15:48:02 +0800] "POST /archive/api/archiveInfo HTTP/1.1" 200 114 "-" "Mozilla/4.0 (compatible; MSIE 6.0; Windows NT 5.1;SV1)"
192.168.9.87 - - [20/Dec/2017:15:48:02 +0800] "POST /clinic/jky HTTP/1.1" 200 1887 "-" "Mozilla/5.0 (Windows NT 6.1; WOW64) AppleWebKit/537.36 (KHTML, like Gecko) Chrome/39.0.2171.95 Safari/537.36"
10.17.212.5 - - [20/Dec/2017:15:48:02 +0800] "POST /cdc/a/doctor/archive/data HTTP/1.1" 200 3940 "http://192.137.31.69:9071/cdc/a/doctor/archive/list" "Mozilla/4.0 (compatible; MSIE 8.0; Windows NT 5.1; Trident/4.0; InfoPath.2; .NET4.0C; .NET4.0E)"
192.168.9.114 - - [20/Dec/2017:15:48:02 +0800] "POST /archive/api/archiveInfo HTTP/1.1" 200 114 "-" "Mozilla/4.0 (compatible; MSIE 6.0; Windows NT 5.1;SV1)"
10.17.212.5 - - [20/Dec/2017:15:48:02 +0800] "POST /cdc/a/doctor/archive/data HTTP/1.1" 200 843 "http://192.137.31.69:9071/cdc/a/doctor/archive/list" "Mozilla/4.0 (compatible; MSIE 8.0; Windows NT 5.1; Trident/4.0; InfoPath.2; .NET4.0C; .NET4.0E)"
10.17.212.5 - - [20/Dec/2017:15:48:02 +0800] "GET /cdc/a/doctor/archive/system?_=1513756469562 HTTP/1.1" 200 1146 "http://192.137.31.69:9071/cdc/a/doctor/archive/list" "Mozilla/4.0 (compatible; MSIE 8.0; Windows NT 5.1; Trident/4.0; InfoPath.2; .NET4.0C; .NET4.0E)"
192.168.9.87 - - [20/Dec/2017:15:48:02 +0800] "POST /clinic/jky HTTP/1.1" 200 890 "-" "Mozilla/5.0 (Windows NT 6.1; WOW64) AppleWebKit/537.36 (KHTML, like Gecko) Chrome/39.0.2171.95 Safari/537.36"
192.168.9.114 - - [20/Dec/2017:15:48:02 +0800] "POST /archive/api/archiveInfo HTTP/1.1" 200 114 "-" "Mozilla/4.0 (compatible; MSIE 6.0; Windows NT 5.1;SV1)"
192.168.9.87 - - [20/Dec/2017:15:48:02 +0800] "POST /clinic/jky HTTP/1.1" 200 1779 "-" "Mozilla/5.0 (Windows NT 6.1; WOW64) AppleWebKit/537.36 (KHTML, like Gecko) Chrome/39.0.2171.95 Safari/537.36"
10.17.157.64 - - [20/Dec/2017:15:48:02 +0800] "GET /cdc/apoplexy/facade/saveApoFollow HTTP/1.0" 200 17 "-" "Zabbix"
192.168.9.114 - - [20/Dec/2017:15:48:03 +0800] "POST /archive/api/archiveInfo HTTP/1.1" 200 114 "-" "Mozilla/4.0 (compatible; MSIE 6.0; Windows NT 5.1;SV1)"
192.168.9.87 - - [20/Dec/2017:15:48:03 +0800] "POST /clinic/jky HTTP/1.1" 200 847 "-" "Mozilla/5.0 (Windows NT 6.1; WOW64) AppleWebKit/537.36 (KHTML, like Gecko) Chrome/39.0.2171.95 Safari/537.36"
192.168.9.114 - - [20/Dec/2017:15:48:03 +0800] "POST /archive/api/archiveInfo HTTP/1.1" 200 114 "-" "Mozilla/4.0 (compatible; MSIE 6.0; Windows NT 5.1;SV1)"
192.168.9.114 - - [20/Dec/2017:15:48:03 +0800] "POST /archive/api/archiveInfo HTTP/1.1" 200 114 "-" "Mozilla/4.0 (compatible; MSIE 6.0; Windows NT 5.1;SV1)"
12.113.50.117 - - [20/Dec/2017:15:48:03 +0800] "POST /clinic/jky HTTP/1.1" 200 1314 "-" "Mozilla/5.0 (Windows NT 6.1; WOW64) AppleWebKit/537.36 (KHTML, like Gecko) Chrome/39.0.2171.95 Safari/537.36"
192.168.9.87 - - [20/Dec/2017:15:48:03 +0800] "POST /clinic/jky HTTP/1.1" 200 1418 "-" "Mozilla/5.0 (Windows NT 6.1; WOW64) AppleWebKit/537.36 (KHTML, like Gecko) Chrome/39.0.2171.95 Safari/537.36"
192.168.9.114 - - [20/Dec/2017:15:48:03 +0800] "POST /archive/api/archiveInfo HTTP/1.1" 200 114 "-" "Mozilla/4.0 (compatible; MSIE 6.0; Windows NT 5.1;SV1)"
192.168.9.114 - - [20/Dec/2017:15:48:03 +0800] "POST /archive/api/archiveInfo HTTP/1.1" 200 114 "-" "Mozilla/4.0 (compatible; MSIE 6.0; Windows NT 5.1;SV1)"
192.168.9.87 - - [20/Dec/2017:15:48:03 +0800] "POST /clinic/jky HTTP/1.1" 200 858 "-" "Mozilla/5.0 (Windows NT 6.1; WOW64) AppleWebKit/537.36 (KHTML, like Gecko) Chrome/39.0.2171.95 Safari/537.36"
192.168.9.114 - - [20/Dec/2017:15:48:03 +0800] "POST /archive/api/archiveInfo HTTP/1.1" 200 114 "-" "Mozilla/4.0 (compatible; MSIE 6.0; Windows NT 5.1;SV1)"
192.168.9.114 - - [20/Dec/2017:15:48:03 +0800] "POST /archive/api/archiveInfo HTTP/1.1" 200 114 "-" "Mozilla/4.0 (compatible; MSIE 6.0; Windows NT 5.1;SV1)"
192.168.9.87 - - [20/Dec/2017:15:48:03 +0800] "POST /clinic/jky HTTP/1.1" 200 1250 "-" "Mozilla/5.0 (Windows NT 6.1; WOW64) AppleWebKit/537.36 (KHTML, like Gecko) Chrome/39.0.2171.95 Safari/537.36"
12.113.50.117 - - [20/Dec/2017:15:48:03 +0800] "POST /clinic/jky HTTP/1.1" 200 869 "-" "Mozilla/5.0 (Windows NT 6.1; WOW64) AppleWebKit/537.36 (KHTML, like Gecko) Chrome/39.0.2171.95 Safari/537.36"
192.168.9.114 - - [20/Dec/2017:15:48:03 +0800] "POST /archive/api/archiveInfo HTTP/1.1" 200 114 "-" "Mozilla/4.0 (compatible; MSIE 6.0; Windows NT 5.1;SV1)"
192.168.9.87 - - [20/Dec/2017:15:48:03 +0800] "POST /clinic/jky HTTP/1.1" 200 890 "-" "Mozilla/5.0 (Windows NT 6.1; WOW64) AppleWebKit/537.36 (KHTML, like Gecko) Chrome/39.0.2171.95 Safari/537.36"
192.168.9.87 - - [20/Dec/2017:15:48:03 +0800] "POST /clinic/jky HTTP/1.1" 200 901 "-" "Mozilla/5.0 (Windows NT 6.1; WOW64) AppleWebKit/537.36 (KHTML, like Gecko) Chrome/39.0.2171.95 Safari/537.36"
192.168.9.114 - - [20/Dec/2017:15:48:04 +0800] "POST /archive/api/get HTTP/1.1" 200 2075 "-" "Mozilla/4.0 (compatible; MSIE 6.0; Windows NT 5.1;SV1)"
192.168.9.114 - - [20/Dec/2017:15:48:04 +0800] "POST /archive/api/archiveInfo HTTP/1.1" 200 114 "-" "Mozilla/4.0 (compatible; MSIE 6.0; Windows NT 5.1;SV1)"
192.168.9.87 - - [20/Dec/2017:15:48:04 +0800] "POST /clinic/jky HTTP/1.1" 200 1887 "-" "Mozilla/5.0 (Windows NT 6.1; WOW64) AppleWebKit/537.36 (KHTML, like Gecko) Chrome/39.0.2171.95 Safari/537.36"
10.17.214.5 - - [20/Dec/2017:15:48:04 +0800] "GET /cdc/doctor/signfacade/workstation/form?yljg=42508104500&gpmc=%E9%BD%90%E4%B8%BD%E4%B8%BD&gpid=317&czrybm=317&czryxm=%E9%BD%90%E4%B8%BD%E4%B8%BD&gpdh=null&yszyzh=null&idcard=310106195604131650&sfzh=310106195604131650 HTTP/1.1" 200 20724 "-" "Mozilla/4.0 (compatible; MSIE 7.0; Windows NT 5.1; Trident/4.0; .NET4.0C; .NET4.0E; .NET CLR 2.0.50727; .NET CLR 3.0.04506.648; .NET CLR 3.5.21022)"
10.17.212.5 - - [20/Dec/2017:15:48:04 +0800] "GET /cdc/a/doctor/archive/detail?personcard=310108192911184436&kp=eyJjcmVhdGVSZWNvcmRPcmciOiI0MjUwODEyODAwMCIsImNyZWF0ZVJlY29yZERhdGVGcm9tIjoiIiwiY3JlYXRlUmVjb3JkRGF0ZUVuZCI6IiIsImNyZWF0ZVJlY29yZERvY0lkIjoiIiwicmVjb3JkU3RhdHVzIjoiIiwic2lnblN0YXR1cyI6IiIsImlzVGhyZWVTaWduIjoiIiwiYWRkcmVzc0NvdW50eSI6IiIsImFkZHJlc3NUb3duIjoiIiwiYWRkcmVzc0NvbW1pdHRlZSI6IiIsImdlbmRlciI6IiIsImFnZUZyb20iOiIwIiwiYWdlRW5kIjoiMTIwIiwiaXNEZWF0aCI6IiIsImlzRGlzYWJpbGl0eSI6IiIsIm1hbmFnZXJPcmciOiIiLCJjcmVhdGVSZWNvcmRTeXN0ZW0iOiIiLCJwZW9wbGVUeXBlIjoiIiwia2V5d29yZCI6IjMxMDEwODE5MjkxMTE4NDQzNiIsInBhZ2VTaXplIjoxMCwicGFnZUluZGV4IjowLCJzb3J0RmllbGQiOiIiLCJzb3J0T3JkZXIiOiIifQ%3D%3D HTTP/1.1" 200 24834 "-" "Mozilla/4.0 (compatible; MSIE 8.0; Windows NT 5.1; Trident/4.0; InfoPath.2; .NET4.0C; .NET4.0E)"
10.17.212.5 - - [20/Dec/2017:15:48:04 +0800] "GET /cdc/static/miniui/vtype.js?0.6365867673038416 HTTP/1.1" 200 14359 "http://192.137.31.69:9071/cdc/a/doctor/archive/detail?personcard=310108192911184436&kp=eyJjcmVhdGVSZWNvcmRPcmciOiI0MjUwODEyODAwMCIsImNyZWF0ZVJlY29yZERhdGVGcm9tIjoiIiwiY3JlYXRlUmVjb3JkRGF0ZUVuZCI6IiIsImNyZWF0ZVJlY29yZERvY0lkIjoiIiwicmVjb3JkU3RhdHVzIjoiIiwic2lnblN0YXR1cyI6IiIsImlzVGhyZWVTaWduIjoiIiwiYWRkcmVzc0NvdW50eSI6IiIsImFkZHJlc3NUb3duIjoiIiwiYWRkcmVzc0NvbW1pdHRlZSI6IiIsImdlbmRlciI6IiIsImFnZUZyb20iOiIwIiwiYWdlRW5kIjoiMTIwIiwiaXNEZWF0aCI6IiIsImlzRGlzYWJpbGl0eSI6IiIsIm1hbmFnZXJPcmciOiIiLCJjcmVhdGVSZWNvcmRTeXN0ZW0iOiIiLCJwZW9wbGVUeXBlIjoiIiwia2V5d29yZCI6IjMxMDEwODE5MjkxMTE4NDQzNiIsInBhZ2VTaXplIjoxMCwicGFnZUluZGV4IjowLCJzb3J0RmllbGQiOiIiLCJzb3J0T3JkZXIiOiIifQ%3D%3D" "Mozilla/4.0 (compatible; MSIE 8.0; Windows NT 5.1; Trident/4.0; InfoPath.2; .NET4.0C; .NET4.0E)"
10.17.212.5 - - [20/Dec/2017:15:48:04 +0800] "GET /cdc/static/common/search.js?0.4771228316665055 HTTP/1.1" 200 2170 "http://192.137.31.69:9071/cdc/a/doctor/archive/detail?personcard=310108192911184436&kp=eyJjcmVhdGVSZWNvcmRPcmciOiI0MjUwODEyODAwMCIsImNyZWF0ZVJlY29yZERhdGVGcm9tIjoiIiwiY3JlYXRlUmVjb3JkRGF0ZUVuZCI6IiIsImNyZWF0ZVJlY29yZERvY0lkIjoiIiwicmVjb3JkU3RhdHVzIjoiIiwic2lnblN0YXR1cyI6IiIsImlzVGhyZWVTaWduIjoiIiwiYWRkcmVzc0NvdW50eSI6IiIsImFkZHJlc3NUb3duIjoiIiwiYWRkcmVzc0NvbW1pdHRlZSI6IiIsImdlbmRlciI6IiIsImFnZUZyb20iOiIwIiwiYWdlRW5kIjoiMTIwIiwiaXNEZWF0aCI6IiIsImlzRGlzYWJpbGl0eSI6IiIsIm1hbmFnZXJPcmciOiIiLCJjcmVhdGVSZWNvcmRTeXN0ZW0iOiIiLCJwZW9wbGVUeXBlIjoiIiwia2V5d29yZCI6IjMxMDEwODE5MjkxMTE4NDQzNiIsInBhZ2VTaXplIjoxMCwicGFnZUluZGV4IjowLCJzb3J0RmllbGQiOiIiLCJzb3J0T3JkZXIiOiIifQ%3D%3D" "Mozilla/4.0 (compatible; MSIE 8.0; Windows NT 5.1; Trident/4.0; InfoPath.2; .NET4.0C; .NET4.0E)"
10.17.212.5 - - [20/Dec/2017:15:48:04 +0800] "GET /cdc/static/main/wd_js/inputSkip.js?0.27398299549352234 HTTP/1.1" 200 21551 "http://192.137.31.69:9071/cdc/a/doctor/archive/detail?personcard=310108192911184436&kp=eyJjcmVhdGVSZWNvcmRPcmciOiI0MjUwODEyODAwMCIsImNyZWF0ZVJlY29yZERhdGVGcm9tIjoiIiwiY3JlYXRlUmVjb3JkRGF0ZUVuZCI6IiIsImNyZWF0ZVJlY29yZERvY0lkIjoiIiwicmVjb3JkU3RhdHVzIjoiIiwic2lnblN0YXR1cyI6IiIsImlzVGhyZWVTaWduIjoiIiwiYWRkcmVzc0NvdW50eSI6IiIsImFkZHJlc3NUb3duIjoiIiwiYWRkcmVzc0NvbW1pdHRlZSI6IiIsImdlbmRlciI6IiIsImFnZUZyb20iOiIwIiwiYWdlRW5kIjoiMTIwIiwiaXNEZWF0aCI6IiIsImlzRGlzYWJpbGl0eSI6IiIsIm1hbmFnZXJPcmciOiIiLCJjcmVhdGVSZWNvcmRTeXN0ZW0iOiIiLCJwZW9wbGVUeXBlIjoiIiwia2V5d29yZCI6IjMxMDEwODE5MjkxMTE4NDQzNiIsInBhZ2VTaXplIjoxMCwicGFnZUluZGV4IjowLCJzb3J0RmllbGQiOiIiLCJzb3J0T3JkZXIiOiIifQ%3D%3D" "Mozilla/4.0 (compatible; MSIE 8.0; Windows NT 5.1; Trident/4.0; InfoPath.2; .NET4.0C; .NET4.0E)"
10.17.212.5 - - [20/Dec/2017:15:48:04 +0800] "GET /cdc/static/miniui/form.js?0.7512536691422459 HTTP/1.1" 200 23716 "http://192.137.31.69:9071/cdc/a/doctor/archive/detail?personcard=310108192911184436&kp=eyJjcmVhdGVSZWNvcmRPcmciOiI0MjUwODEyODAwMCIsImNyZWF0ZVJlY29yZERhdGVGcm9tIjoiIiwiY3JlYXRlUmVjb3JkRGF0ZUVuZCI6IiIsImNyZWF0ZVJlY29yZERvY0lkIjoiIiwicmVjb3JkU3RhdHVzIjoiIiwic2lnblN0YXR1cyI6IiIsImlzVGhyZWVTaWduIjoiIiwiYWRkcmVzc0NvdW50eSI6IiIsImFkZHJlc3NUb3duIjoiIiwiYWRkcmVzc0NvbW1pdHRlZSI6IiIsImdlbmRlciI6IiIsImFnZUZyb20iOiIwIiwiYWdlRW5kIjoiMTIwIiwiaXNEZWF0aCI6IiIsImlzRGlzYWJpbGl0eSI6IiIsIm1hbmFnZXJPcmciOiIiLCJjcmVhdGVSZWNvcmRTeXN0ZW0iOiIiLCJwZW9wbGVUeXBlIjoiIiwia2V5d29yZCI6IjMxMDEwODE5MjkxMTE4NDQzNiIsInBhZ2VTaXplIjoxMCwicGFnZUluZGV4IjowLCJzb3J0RmllbGQiOiIiLCJzb3J0T3JkZXIiOiIifQ%3D%3D" "Mozilla/4.0 (compatible; MSIE 8.0; Windows NT 5.1; Trident/4.0; InfoPath.2; .NET4.0C; .NET4.0E)"
192.168.9.114 - - [20/Dec/2017:15:48:04 +0800] "POST /archive/api/archiveInfo HTTP/1.1" 200 114 "-" "Mozilla/4.0 (compatible; MSIE 6.0; Windows NT 5.1;SV1)"
192.168.9.87 - - [20/Dec/2017:15:48:04 +0800] "POST /clinic/jky HTTP/1.1" 200 1887 "-" "Mozilla/5.0 (Windows NT 6.1; WOW64) AppleWebKit/537.36 (KHTML, like Gecko) Chrome/39.0.2171.95 Safari/537.36"
10.17.157.64 - - [20/Dec/2017:15:48:04 +0800] "GET /cdc/apoplexy/facade/saveApoFollow HTTP/1.0" 200 17 "-" "-"
10.17.212.5 - - [20/Dec/2017:15:48:04 +0800] "GET /cdc/sys/dicArea/query?level=1&interfaceKey=oJDeECLhns0o98kGuCpzfA&_=1513756471578 HTTP/1.1" 200 3364 "http://192.137.31.69:9071/cdc/a/doctor/archive/detail?personcard=310108192911184436&kp=eyJjcmVhdGVSZWNvcmRPcmciOiI0MjUwODEyODAwMCIsImNyZWF0ZVJlY29yZERhdGVGcm9tIjoiIiwiY3JlYXRlUmVjb3JkRGF0ZUVuZCI6IiIsImNyZWF0ZVJlY29yZERvY0lkIjoiIiwicmVjb3JkU3RhdHVzIjoiIiwic2lnblN0YXR1cyI6IiIsImlzVGhyZWVTaWduIjoiIiwiYWRkcmVzc0NvdW50eSI6IiIsImFkZHJlc3NUb3duIjoiIiwiYWRkcmVzc0NvbW1pdHRlZSI6IiIsImdlbmRlciI6IiIsImFnZUZyb20iOiIwIiwiYWdlRW5kIjoiMTIwIiwiaXNEZWF0aCI6IiIsImlzRGlzYWJpbGl0eSI6IiIsIm1hbmFnZXJPcmciOiIiLCJjcmVhdGVSZWNvcmRTeXN0ZW0iOiIiLCJwZW9wbGVUeXBlIjoiIiwia2V5d29yZCI6IjMxMDEwODE5MjkxMTE4NDQzNiIsInBhZ2VTaXplIjoxMCwicGFnZUluZGV4IjowLCJzb3J0RmllbGQiOiIiLCJzb3J0T3JkZXIiOiIifQ%3D%3D" "Mozilla/4.0 (compatible; MSIE 8.0; Windows NT 5.1; Trident/4.0; InfoPath.2; .NET4.0C; .NET4.0E)"
10.17.212.5 - - [20/Dec/2017:15:48:04 +0800] "GET /cdc/sys/dicArea/query?level=1&interfaceKey=oJDeECLhns0ZDzFAc93msg&_=1513756471656 HTTP/1.1" 200 3364 "http://192.137.31.69:9071/cdc/a/doctor/archive/detail?personcard=310108192911184436&kp=eyJjcmVhdGVSZWNvcmRPcmciOiI0MjUwODEyODAwMCIsImNyZWF0ZVJlY29yZERhdGVGcm9tIjoiIiwiY3JlYXRlUmVjb3JkRGF0ZUVuZCI6IiIsImNyZWF0ZVJlY29yZERvY0lkIjoiIiwicmVjb3JkU3RhdHVzIjoiIiwic2lnblN0YXR1cyI6IiIsImlzVGhyZWVTaWduIjoiIiwiYWRkcmVzc0NvdW50eSI6IiIsImFkZHJlc3NUb3duIjoiIiwiYWRkcmVzc0NvbW1pdHRlZSI6IiIsImdlbmRlciI6IiIsImFnZUZyb20iOiIwIiwiYWdlRW5kIjoiMTIwIiwiaXNEZWF0aCI6IiIsImlzRGlzYWJpbGl0eSI6IiIsIm1hbmFnZXJPcmciOiIiLCJjcmVhdGVSZWNvcmRTeXN0ZW0iOiIiLCJwZW9wbGVUeXBlIjoiIiwia2V5d29yZCI6IjMxMDEwODE5MjkxMTE4NDQzNiIsInBhZ2VTaXplIjoxMCwicGFnZUluZGV4IjowLCJzb3J0RmllbGQiOiIiLCJzb3J0T3JkZXIiOiIifQ%3D%3D" "Mozilla/4.0 (compatible; MSIE 8.0; Windows NT 5.1; Trident/4.0; InfoPath.2; .NET4.0C; .NET4.0E)"
10.17.215.5 - - [20/Dec/2017:15:48:04 +0800] "GET /cas/login HTTP/1.1" 200 4764 "-" "Mozilla/5.0 (Windows NT 6.1; WOW64) AppleWebKit/537.36 (KHTML, like Gecko) Chrome/50.0.2661.94 Safari/537.36"
192.168.9.114 - - [20/Dec/2017:15:48:04 +0800] "POST /archive/api/archiveInfo HTTP/1.1" 200 114 "-" "Mozilla/4.0 (compatible; MSIE 6.0; Windows NT 5.1;SV1)"
192.168.9.87 - - [20/Dec/2017:15:48:05 +0800] "POST /clinic/jky HTTP/1.1" 200 1474 "-" "Mozilla/5.0 (Windows NT 6.1; WOW64) AppleWebKit/537.36 (KHTML, like Gecko) Chrome/39.0.2171.95 Safari/537.36"
10.17.212.5 - - [20/Dec/2017:15:48:05 +0800] "GET /cdc/sys/dicArea/query?level=2&interfaceKey=oJDeECLhns3ce3DsRNL0vw&pid=310000000000&_=1513756472125 HTTP/1.1" 200 184 "http://192.137.31.69:9071/cdc/a/doctor/archive/detail?personcard=310108192911184436&kp=eyJjcmVhdGVSZWNvcmRPcmciOiI0MjUwODEyODAwMCIsImNyZWF0ZVJlY29yZERhdGVGcm9tIjoiIiwiY3JlYXRlUmVjb3JkRGF0ZUVuZCI6IiIsImNyZWF0ZVJlY29yZERvY0lkIjoiIiwicmVjb3JkU3RhdHVzIjoiIiwic2lnblN0YXR1cyI6IiIsImlzVGhyZWVTaWduIjoiIiwiYWRkcmVzc0NvdW50eSI6IiIsImFkZHJlc3NUb3duIjoiIiwiYWRkcmVzc0NvbW1pdHRlZSI6IiIsImdlbmRlciI6IiIsImFnZUZyb20iOiIwIiwiYWdlRW5kIjoiMTIwIiwiaXNEZWF0aCI6IiIsImlzRGlzYWJpbGl0eSI6IiIsIm1hbmFnZXJPcmciOiIiLCJjcmVhdGVSZWNvcmRTeXN0ZW0iOiIiLCJwZW9wbGVUeXBlIjoiIiwia2V5d29yZCI6IjMxMDEwODE5MjkxMTE4NDQzNiIsInBhZ2VTaXplIjoxMCwicGFnZUluZGV4IjowLCJzb3J0RmllbGQiOiIiLCJzb3J0T3JkZXIiOiIifQ%3D%3D" "Mozilla/4.0 (compatible; MSIE 8.0; Windows NT 5.1; Trident/4.0; InfoPath.2; .NET4.0C; .NET4.0E)"
10.17.212.5 - - [20/Dec/2017:15:48:05 +0800] "GET /cdc/sys/dicArea/query?level=3&interfaceKey=oJDeECLhns0ZDzFAc93msg&pid=310100000000&_=1513756472187 HTTP/1.1" 200 1415 "http://192.137.31.69:9071/cdc/a/doctor/archive/detail?personcard=310108192911184436&kp=eyJjcmVhdGVSZWNvcmRPcmciOiI0MjUwODEyODAwMCIsImNyZWF0ZVJlY29yZERhdGVGcm9tIjoiIiwiY3JlYXRlUmVjb3JkRGF0ZUVuZCI6IiIsImNyZWF0ZVJlY29yZERvY0lkIjoiIiwicmVjb3JkU3RhdHVzIjoiIiwic2lnblN0YXR1cyI6IiIsImlzVGhyZWVTaWduIjoiIiwiYWRkcmVzc0NvdW50eSI6IiIsImFkZHJlc3NUb3duIjoiIiwiYWRkcmVzc0NvbW1pdHRlZSI6IiIsImdlbmRlciI6IiIsImFnZUZyb20iOiIwIiwiYWdlRW5kIjoiMTIwIiwiaXNEZWF0aCI6IiIsImlzRGlzYWJpbGl0eSI6IiIsIm1hbmFnZXJPcmciOiIiLCJjcmVhdGVSZWNvcmRTeXN0ZW0iOiIiLCJwZW9wbGVUeXBlIjoiIiwia2V5d29yZCI6IjMxMDEwODE5MjkxMTE4NDQzNiIsInBhZ2VTaXplIjoxMCwicGFnZUluZGV4IjowLCJzb3J0RmllbGQiOiIiLCJzb3J0T3JkZXIiOiIifQ%3D%3D" "Mozilla/4.0 (compatible; MSIE 8.0; Windows NT 5.1; Trident/4.0; InfoPath.2; .NET4.0C; .NET4.0E)"
192.168.9.114 - - [20/Dec/2017:15:48:05 +0800] "POST /archive/api/archiveInfo HTTP/1.1" 200 114 "-" "Mozilla/4.0 (compatible; MSIE 6.0; Windows NT 5.1;SV1)"
10.17.212.5 - - [20/Dec/2017:15:48:05 +0800] "GET /cdc/sys/dicArea/query?level=4&interfaceKey=oJDeECLhns0ZDzFAc93msg&pid=310106000000&_=1513756472312 HTTP/1.1" 200 1532 "http://192.137.31.69:9071/cdc/a/doctor/archive/detail?personcard=310108192911184436&kp=eyJjcmVhdGVSZWNvcmRPcmciOiI0MjUwODEyODAwMCIsImNyZWF0ZVJlY29yZERhdGVGcm9tIjoiIiwiY3JlYXRlUmVjb3JkRGF0ZUVuZCI6IiIsImNyZWF0ZVJlY29yZERvY0lkIjoiIiwicmVjb3JkU3RhdHVzIjoiIiwic2lnblN0YXR1cyI6IiIsImlzVGhyZWVTaWduIjoiIiwiYWRkcmVzc0NvdW50eSI6IiIsImFkZHJlc3NUb3duIjoiIiwiYWRkcmVzc0NvbW1pdHRlZSI6IiIsImdlbmRlciI6IiIsImFnZUZyb20iOiIwIiwiYWdlRW5kIjoiMTIwIiwiaXNEZWF0aCI6IiIsImlzRGlzYWJpbGl0eSI6IiIsIm1hbmFnZXJPcmciOiIiLCJjcmVhdGVSZWNvcmRTeXN0ZW0iOiIiLCJwZW9wbGVUeXBlIjoiIiwia2V5d29yZCI6IjMxMDEwODE5MjkxMTE4NDQzNiIsInBhZ2VTaXplIjoxMCwicGFnZUluZGV4IjowLCJzb3J0RmllbGQiOiIiLCJzb3J0T3JkZXIiOiIifQ%3D%3D" "Mozilla/4.0 (compatible; MSIE 8.0; Windows NT 5.1; Trident/4.0; InfoPath.2; .NET4.0C; .NET4.0E)"
192.168.9.87 - - [20/Dec/2017:15:48:05 +0800] "POST /clinic/jky HTTP/1.1" 200 805 "-" "Mozilla/5.0 (Windows NT 6.1; WOW64) AppleWebKit/537.36 (KHTML, like Gecko) Chrome/39.0.2171.95 Safari/537.36"
192.168.9.114 - - [20/Dec/2017:15:48:05 +0800] "POST /archive/api/archiveInfo HTTP/1.1" 200 114 "-" "Mozilla/4.0 (compatible; MSIE 6.0; Windows NT 5.1;SV1)"
10.17.212.5 - - [20/Dec/2017:15:48:05 +0800] "GET /cdc/sys/dicArea/query?level=5&interfaceKey=oJDeECLhns0ZDzFAc93msg&pid=310108012000&_=1513756472390 HTTP/1.1" 200 2712 "http://192.137.31.69:9071/cdc/a/doctor/archive/detail?personcard=310108192911184436&kp=eyJjcmVhdGVSZWNvcmRPcmciOiI0MjUwODEyODAwMCIsImNyZWF0ZVJlY29yZERhdGVGcm9tIjoiIiwiY3JlYXRlUmVjb3JkRGF0ZUVuZCI6IiIsImNyZWF0ZVJlY29yZERvY0lkIjoiIiwicmVjb3JkU3RhdHVzIjoiIiwic2lnblN0YXR1cyI6IiIsImlzVGhyZWVTaWduIjoiIiwiYWRkcmVzc0NvdW50eSI6IiIsImFkZHJlc3NUb3duIjoiIiwiYWRkcmVzc0NvbW1pdHRlZSI6IiIsImdlbmRlciI6IiIsImFnZUZyb20iOiIwIiwiYWdlRW5kIjoiMTIwIiwiaXNEZWF0aCI6IiIsImlzRGlzYWJpbGl0eSI6IiIsIm1hbmFnZXJPcmciOiIiLCJjcmVhdGVSZWNvcmRTeXN0ZW0iOiIiLCJwZW9wbGVUeXBlIjoiIiwia2V5d29yZCI6IjMxMDEwODE5MjkxMTE4NDQzNiIsInBhZ2VTaXplIjoxMCwicGFnZUluZGV4IjowLCJzb3J0RmllbGQiOiIiLCJzb3J0T3JkZXIiOiIifQ%3D%3D" "Mozilla/4.0 (compatible; MSIE 8.0; Windows NT 5.1; Trident/4.0; InfoPath.2; .NET4.0C; .NET4.0E)"
198.168.9.100 - - [20/Dec/2017:15:48:05 +0800] "POST /archive/api/archiveInfo HTTP/1.1" 200 114 "-" "Mozilla/4.0 (compatible; MSIE 6.0; Windows NT 5.1;SV1)"
192.168.9.114 - - [20/Dec/2017:15:48:05 +0800] "POST /archive/api/archiveInfo HTTP/1.1" 200 114 "-" "Mozilla/4.0 (compatible; MSIE 6.0; Windows NT 5.1;SV1)"
192.168.9.114 - - [20/Dec/2017:15:48:05 +0800] "POST /archive/api/archiveInfo HTTP/1.1" 200 114 "-" "Mozilla/4.0 (compatible; MSIE 6.0; Windows NT 5.1;SV1)"
12.113.50.117 - - [20/Dec/2017:15:48:05 +0800] "POST /clinic/jky HTTP/1.1" 200 858 "-" "Mozilla/5.0 (Windows NT 6.1; WOW64) AppleWebKit/537.36 (KHTML, like Gecko) Chrome/39.0.2171.95 Safari/537.36"
192.168.9.87 - - [20/Dec/2017:15:48:05 +0800] "POST /clinic/jky HTTP/1.1" 200 1887 "-" "Mozilla/5.0 (Windows NT 6.1; WOW64) AppleWebKit/537.36 (KHTML, like Gecko) Chrome/39.0.2171.95 Safari/537.36"
12.113.50.117 - - [20/Dec/2017:15:48:05 +0800] "POST /clinic/jky HTTP/1.1" 200 1196 "-" "Mozilla/5.0 (Windows NT 6.1; WOW64) AppleWebKit/537.36 (KHTML, like Gecko) Chrome/39.0.2171.95 Safari/537.36"
10.17.212.5 - - [20/Dec/2017:15:48:05 +0800] "GET /cdc/sys/dicArea/query?level=2&interfaceKey=oJDeECLhns2mfDFrRlzDxw&pid=310000000000&_=1513756472640 HTTP/1.1" 200 184 "http://192.137.31.69:9071/cdc/a/doctor/archive/detail?personcard=310108192911184436&kp=eyJjcmVhdGVSZWNvcmRPcmciOiI0MjUwODEyODAwMCIsImNyZWF0ZVJlY29yZERhdGVGcm9tIjoiIiwiY3JlYXRlUmVjb3JkRGF0ZUVuZCI6IiIsImNyZWF0ZVJlY29yZERvY0lkIjoiIiwicmVjb3JkU3RhdHVzIjoiIiwic2lnblN0YXR1cyI6IiIsImlzVGhyZWVTaWduIjoiIiwiYWRkcmVzc0NvdW50eSI6IiIsImFkZHJlc3NUb3duIjoiIiwiYWRkcmVzc0NvbW1pdHRlZSI6IiIsImdlbmRlciI6IiIsImFnZUZyb20iOiIwIiwiYWdlRW5kIjoiMTIwIiwiaXNEZWF0aCI6IiIsImlzRGlzYWJpbGl0eSI6IiIsIm1hbmFnZXJPcmciOiIiLCJjcmVhdGVSZWNvcmRTeXN0ZW0iOiIiLCJwZW9wbGVUeXBlIjoiIiwia2V5d29yZCI6IjMxMDEwODE5MjkxMTE4NDQzNiIsInBhZ2VTaXplIjoxMCwicGFnZUluZGV4IjowLCJzb3J0RmllbGQiOiIiLCJzb3J0T3JkZXIiOiIifQ%3D%3D" "Mozilla/4.0 (compatible; MSIE 8.0; Windows NT 5.1; Trident/4.0; InfoPath.2; .NET4.0C; .NET4.0E)"
198.168.9.100 - - [20/Dec/2017:15:48:05 +0800] "POST /archive/api/get HTTP/1.1" 200 2335 "-" "Mozilla/4.0 (compatible; MSIE 6.0; Windows NT 5.1;SV1)"
192.168.9.114 - - [20/Dec/2017:15:48:05 +0800] "POST /archive/api/archiveInfo HTTP/1.1" 200 114 "-" "Mozilla/4.0 (compatible; MSIE 6.0; Windows NT 5.1;SV1)"
192.168.9.87 - - [20/Dec/2017:15:48:05 +0800] "POST /clinic/jky HTTP/1.1" 200 1887 "-" "Mozilla/5.0 (Windows NT 6.1; WOW64) AppleWebKit/537.36 (KHTML, like Gecko) Chrome/39.0.2171.95 Safari/537.36"
10.17.212.5 - - [20/Dec/2017:15:48:05 +0800] "GET /cdc/sys/dicArea/query?level=3&interfaceKey=oJDeECLhns2LQyK2RguZyQ&pid=310100000000&_=1513756472703 HTTP/1.1" 200 1415 "http://192.137.31.69:9071/cdc/a/doctor/archive/detail?personcard=310108192911184436&kp=eyJjcmVhdGVSZWNvcmRPcmciOiI0MjUwODEyODAwMCIsImNyZWF0ZVJlY29yZERhdGVGcm9tIjoiIiwiY3JlYXRlUmVjb3JkRGF0ZUVuZCI6IiIsImNyZWF0ZVJlY29yZERvY0lkIjoiIiwicmVjb3JkU3RhdHVzIjoiIiwic2lnblN0YXR1cyI6IiIsImlzVGhyZWVTaWduIjoiIiwiYWRkcmVzc0NvdW50eSI6IiIsImFkZHJlc3NUb3duIjoiIiwiYWRkcmVzc0NvbW1pdHRlZSI6IiIsImdlbmRlciI6IiIsImFnZUZyb20iOiIwIiwiYWdlRW5kIjoiMTIwIiwiaXNEZWF0aCI6IiIsImlzRGlzYWJpbGl0eSI6IiIsIm1hbmFnZXJPcmciOiIiLCJjcmVhdGVSZWNvcmRTeXN0ZW0iOiIiLCJwZW9wbGVUeXBlIjoiIiwia2V5d29yZCI6IjMxMDEwODE5MjkxMTE4NDQzNiIsInBhZ2VTaXplIjoxMCwicGFnZUluZGV4IjowLCJzb3J0RmllbGQiOiIiLCJzb3J0T3JkZXIiOiIifQ%3D%3D" "Mozilla/4.0 (compatible; MSIE 8.0; Windows NT 5.1; Trident/4.0; InfoPath.2; .NET4.0C; .NET4.0E)"
192.168.9.114 - - [20/Dec/2017:15:48:05 +0800] "POST /archive/api/archiveInfo HTTP/1.1" 200 114 "-" "Mozilla/4.0 (compatible; MSIE 6.0; Windows NT 5.1;SV1)"
12.113.50.117 - - [20/Dec/2017:15:48:05 +0800] "POST /clinic/jky HTTP/1.1" 200 1271 "-" "Mozilla/5.0 (Windows NT 6.1; WOW64) AppleWebKit/537.36 (KHTML, like Gecko) Chrome/39.0.2171.95 Safari/537.36"
10.17.212.5 - - [20/Dec/2017:15:48:05 +0800] "GET /cdc/sys/dicArea/query?level=4&interfaceKey=oJDeECLhns2LQyK2RguZyQ&pid=310106000000&_=1513756472765 HTTP/1.1" 200 1532 "http://192.137.31.69:9071/cdc/a/doctor/archive/detail?personcard=310108192911184436&kp=eyJjcmVhdGVSZWNvcmRPcmciOiI0MjUwODEyODAwMCIsImNyZWF0ZVJlY29yZERhdGVGcm9tIjoiIiwiY3JlYXRlUmVjb3JkRGF0ZUVuZCI6IiIsImNyZWF0ZVJlY29yZERvY0lkIjoiIiwicmVjb3JkU3RhdHVzIjoiIiwic2lnblN0YXR1cyI6IiIsImlzVGhyZWVTaWduIjoiIiwiYWRkcmVzc0NvdW50eSI6IiIsImFkZHJlc3NUb3duIjoiIiwiYWRkcmVzc0NvbW1pdHRlZSI6IiIsImdlbmRlciI6IiIsImFnZUZyb20iOiIwIiwiYWdlRW5kIjoiMTIwIiwiaXNEZWF0aCI6IiIsImlzRGlzYWJpbGl0eSI6IiIsIm1hbmFnZXJPcmciOiIiLCJjcmVhdGVSZWNvcmRTeXN0ZW0iOiIiLCJwZW9wbGVUeXBlIjoiIiwia2V5d29yZCI6IjMxMDEwODE5MjkxMTE4NDQzNiIsInBhZ2VTaXplIjoxMCwicGFnZUluZGV4IjowLCJzb3J0RmllbGQiOiIiLCJzb3J0T3JkZXIiOiIifQ%3D%3D" "Mozilla/4.0 (compatible; MSIE 8.0; Windows NT 5.1; Trident/4.0; InfoPath.2; .NET4.0C; .NET4.0E)"
10.17.212.5 - - [20/Dec/2017:15:48:05 +0800] "GET /cdc/sys/dicArea/query?level=5&interfaceKey=oJDeECLhns2LQyK2RguZyQ&pid=310108012000&_=1513756472796 HTTP/1.1" 200 2712 "http://192.137.31.69:9071/cdc/a/doctor/archive/detail?personcard=310108192911184436&kp=eyJjcmVhdGVSZWNvcmRPcmciOiI0MjUwODEyODAwMCIsImNyZWF0ZVJlY29yZERhdGVGcm9tIjoiIiwiY3JlYXRlUmVjb3JkRGF0ZUVuZCI6IiIsImNyZWF0ZVJlY29yZERvY0lkIjoiIiwicmVjb3JkU3RhdHVzIjoiIiwic2lnblN0YXR1cyI6IiIsImlzVGhyZWVTaWduIjoiIiwiYWRkcmVzc0NvdW50eSI6IiIsImFkZHJlc3NUb3duIjoiIiwiYWRkcmVzc0NvbW1pdHRlZSI6IiIsImdlbmRlciI6IiIsImFnZUZyb20iOiIwIiwiYWdlRW5kIjoiMTIwIiwiaXNEZWF0aCI6IiIsImlzRGlzYWJpbGl0eSI6IiIsIm1hbmFnZXJPcmciOiIiLCJjcmVhdGVSZWNvcmRTeXN0ZW0iOiIiLCJwZW9wbGVUeXBlIjoiIiwia2V5d29yZCI6IjMxMDEwODE5MjkxMTE4NDQzNiIsInBhZ2VTaXplIjoxMCwicGFnZUluZGV4IjowLCJzb3J0RmllbGQiOiIiLCJzb3J0T3JkZXIiOiIifQ%3D%3D" "Mozilla/4.0 (compatible; MSIE 8.0; Windows NT 5.1; Trident/4.0; InfoPath.2; .NET4.0C; .NET4.0E)"
198.168.9.100 - - [20/Dec/2017:15:48:05 +0800] "POST /archive/api/archiveInfo HTTP/1.1" 200 114 "-" "Mozilla/4.0 (compatible; MSIE 6.0; Windows NT 5.1;SV1)"
10.17.212.5 - - [20/Dec/2017:15:48:05 +0800] "GET /cdc/a/websocket/info?t=1513756472875 HTTP/1.1" 200 78 "http://192.137.31.69:9071/cdc/a/doctor/archive/detail?personcard=310108192911184436&kp=eyJjcmVhdGVSZWNvcmRPcmciOiI0MjUwODEyODAwMCIsImNyZWF0ZVJlY29yZERhdGVGcm9tIjoiIiwiY3JlYXRlUmVjb3JkRGF0ZUVuZCI6IiIsImNyZWF0ZVJlY29yZERvY0lkIjoiIiwicmVjb3JkU3RhdHVzIjoiIiwic2lnblN0YXR1cyI6IiIsImlzVGhyZWVTaWduIjoiIiwiYWRkcmVzc0NvdW50eSI6IiIsImFkZHJlc3NUb3duIjoiIiwiYWRkcmVzc0NvbW1pdHRlZSI6IiIsImdlbmRlciI6IiIsImFnZUZyb20iOiIwIiwiYWdlRW5kIjoiMTIwIiwiaXNEZWF0aCI6IiIsImlzRGlzYWJpbGl0eSI6IiIsIm1hbmFnZXJPcmciOiIiLCJjcmVhdGVSZWNvcmRTeXN0ZW0iOiIiLCJwZW9wbGVUeXBlIjoiIiwia2V5d29yZCI6IjMxMDEwODE5MjkxMTE4NDQzNiIsInBhZ2VTaXplIjoxMCwicGFnZUluZGV4IjowLCJzb3J0RmllbGQiOiIiLCJzb3J0T3JkZXIiOiIifQ%3D%3D" "Mozilla/4.0 (compatible; MSIE 8.0; Windows NT 5.1; Trident/4.0; InfoPath.2; .NET4.0C; .NET4.0E)"
192.168.9.114 - - [20/Dec/2017:15:48:05 +0800] "POST /archive/api/archiveInfo HTTP/1.1" 200 114 "-" "Mozilla/4.0 (compatible; MSIE 6.0; Windows NT 5.1;SV1)"
10.17.212.5 - - [20/Dec/2017:15:48:06 +0800] "GET /cdc/a/websocket/iframe.html HTTP/1.1" 200 490 "http://192.137.31.69:9071/cdc/a/doctor/archive/detail?personcard=310108192911184436&kp=eyJjcmVhdGVSZWNvcmRPcmciOiI0MjUwODEyODAwMCIsImNyZWF0ZVJlY29yZERhdGVGcm9tIjoiIiwiY3JlYXRlUmVjb3JkRGF0ZUVuZCI6IiIsImNyZWF0ZVJlY29yZERvY0lkIjoiIiwicmVjb3JkU3RhdHVzIjoiIiwic2lnblN0YXR1cyI6IiIsImlzVGhyZWVTaWduIjoiIiwiYWRkcmVzc0NvdW50eSI6IiIsImFkZHJlc3NUb3duIjoiIiwiYWRkcmVzc0NvbW1pdHRlZSI6IiIsImdlbmRlciI6IiIsImFnZUZyb20iOiIwIiwiYWdlRW5kIjoiMTIwIiwiaXNEZWF0aCI6IiIsImlzRGlzYWJpbGl0eSI6IiIsIm1hbmFnZXJPcmciOiIiLCJjcmVhdGVSZWNvcmRTeXN0ZW0iOiIiLCJwZW9wbGVUeXBlIjoiIiwia2V5d29yZCI6IjMxMDEwODE5MjkxMTE4NDQzNiIsInBhZ2VTaXplIjoxMCwicGFnZUluZGV4IjowLCJzb3J0RmllbGQiOiIiLCJzb3J0T3JkZXIiOiIifQ%3D%3D" "Mozilla/4.0 (compatible; MSIE 8.0; Windows NT 5.1; Trident/4.0; InfoPath.2; .NET4.0C; .NET4.0E)"
12.113.50.117 - - [20/Dec/2017:15:48:06 +0800] "POST /clinic/jky HTTP/1.1" 200 56 "-" "Mozilla/5.0 (Windows NT 6.1; WOW64) AppleWebKit/537.36 (KHTML, like Gecko) Chrome/39.0.2171.95 Safari/537.36"
198.168.9.100 - - [20/Dec/2017:15:48:06 +0800] "POST /archive/api/get HTTP/1.1" 200 2188 "-" "Mozilla/4.0 (compatible; MSIE 6.0; Windows NT 5.1;SV1)"
192.168.9.114 - - [20/Dec/2017:15:48:06 +0800] "POST /archive/api/archiveInfo HTTP/1.1" 200 114 "-" "Mozilla/4.0 (compatible; MSIE 6.0; Windows NT 5.1;SV1)"
192.168.9.114 - - [20/Dec/2017:15:48:06 +0800] "POST /archive/api/archiveInfo HTTP/1.1" 200 114 "-" "Mozilla/4.0 (compatible; MSIE 6.0; Windows NT 5.1;SV1)"
192.168.9.87 - - [20/Dec/2017:15:48:06 +0800] "POST /clinic/jky HTTP/1.1" 200 1196 "-" "Mozilla/5.0 (Windows NT 6.1; WOW64) AppleWebKit/537.36 (KHTML, like Gecko) Chrome/39.0.2171.95 Safari/537.36"
12.113.50.117 - - [20/Dec/2017:15:48:06 +0800] "POST /clinic/jky HTTP/1.1" 200 1196 "-" "Mozilla/5.0 (Windows NT 6.1; WOW64) AppleWebKit/537.36 (KHTML, like Gecko) Chrome/39.0.2171.95 Safari/537.36"
192.168.9.114 - - [20/Dec/2017:15:48:06 +0800] "POST /archive/api/archiveInfo HTTP/1.1" 200 114 "-" "Mozilla/4.0 (compatible; MSIE 6.0; Windows NT 5.1;SV1)"
192.168.9.87 - - [20/Dec/2017:15:48:06 +0800] "POST /clinic/jky HTTP/1.1" 200 890 "-" "Mozilla/5.0 (Windows NT 6.1; WOW64) AppleWebKit/537.36 (KHTML, like Gecko) Chrome/39.0.2171.95 Safari/537.36"
192.168.9.87 - - [20/Dec/2017:15:48:06 +0800] "POST /clinic/jky HTTP/1.1" 200 890 "-" "Mozilla/5.0 (Windows NT 6.1; WOW64) AppleWebKit/537.36 (KHTML, like Gecko) Chrome/39.0.2171.95 Safari/537.36"
192.168.9.114 - - [20/Dec/2017:15:48:06 +0800] "POST /archive/api/archiveInfo HTTP/1.1" 200 114 "-" "Mozilla/4.0 (compatible; MSIE 6.0; Windows NT 5.1;SV1)"
192.168.9.114 - - [20/Dec/2017:15:48:06 +0800] "POST /archive/api/archiveInfo HTTP/1.1" 200 114 "-" "Mozilla/4.0 (compatible; MSIE 6.0; Windows NT 5.1;SV1)"
192.168.9.114 - - [20/Dec/2017:15:48:06 +0800] "POST /archive/api/archiveInfo HTTP/1.1" 200 114 "-" "Mozilla/4.0 (compatible; MSIE 6.0; Windows NT 5.1;SV1)"
192.168.9.114 - - [20/Dec/2017:15:48:06 +0800] "POST /archive/api/archiveInfo HTTP/1.1" 200 114 "-" "Mozilla/4.0 (compatible; MSIE 6.0; Windows NT 5.1;SV1)"
12.113.50.117 - - [20/Dec/2017:15:48:06 +0800] "POST /clinic/jky HTTP/1.1" 200 1887 "-" "Mozilla/5.0 (Windows NT 6.1; WOW64) AppleWebKit/537.36 (KHTML, like Gecko) Chrome/39.0.2171.95 Safari/537.36"
192.168.9.87 - - [20/Dec/2017:15:48:06 +0800] "POST /clinic/jky HTTP/1.1" 200 1153 "-" "Mozilla/5.0 (Windows NT 6.1; WOW64) AppleWebKit/537.36 (KHTML, like Gecko) Chrome/39.0.2171.95 Safari/537.36"
12.113.50.117 - - [20/Dec/2017:15:48:06 +0800] "POST /clinic/jky HTTP/1.1" 200 1887 "-" "Mozilla/5.0 (Windows NT 6.1; WOW64) AppleWebKit/537.36 (KHTML, like Gecko) Chrome/39.0.2171.95 Safari/537.36"
192.168.9.114 - - [20/Dec/2017:15:48:06 +0800] "POST /archive/api/archiveInfo HTTP/1.1" 200 114 "-" "Mozilla/4.0 (compatible; MSIE 6.0; Windows NT 5.1;SV1)"
192.168.9.114 - - [20/Dec/2017:15:48:06 +0800] "POST /archive/api/archiveInfo HTTP/1.1" 200 114 "-" "Mozilla/4.0 (compatible; MSIE 6.0; Windows NT 5.1;SV1)"
192.168.9.87 - - [20/Dec/2017:15:48:06 +0800] "POST /clinic/jky HTTP/1.1" 200 1789 "-" "Mozilla/5.0 (Windows NT 6.1; WOW64) AppleWebKit/537.36 (KHTML, like Gecko) Chrome/39.0.2171.95 Safari/537.36"
192.168.9.87 - - [20/Dec/2017:15:48:06 +0800] "POST /clinic/jky HTTP/1.1" 200 901 "-" "Mozilla/5.0 (Windows NT 6.1; WOW64) AppleWebKit/537.36 (KHTML, like Gecko) Chrome/39.0.2171.95 Safari/537.36"
192.168.9.114 - - [20/Dec/2017:15:48:06 +0800] "POST /archive/api/archiveInfo HTTP/1.1" 200 114 "-" "Mozilla/4.0 (compatible; MSIE 6.0; Windows NT 5.1;SV1)"
12.113.50.117 - - [20/Dec/2017:15:48:06 +0800] "POST /archive/api/submit HTTP/1.1" 200 63 "-" "Mozilla/4.0 (compatible; MSIE 6.0; Windows NT 5.1;SV1)"
192.168.9.87 - - [20/Dec/2017:15:48:06 +0800] "POST /clinic/jky HTTP/1.1" 200 1618 "-" "Mozilla/5.0 (Windows NT 6.1; WOW64) AppleWebKit/537.36 (KHTML, like Gecko) Chrome/39.0.2171.95 Safari/537.36"
12.113.50.117 - - [20/Dec/2017:15:48:06 +0800] "POST /clinic/jky HTTP/1.1" 200 1474 "-" "Mozilla/5.0 (Windows NT 6.1; WOW64) AppleWebKit/537.36 (KHTML, like Gecko) Chrome/39.0.2171.95 Safari/537.36"
10.17.212.5 - - [20/Dec/2017:15:48:06 +0800] "GET /cdc/a/websocket/iframe.html HTTP/1.1" 200 490 "http://192.137.31.69:9071/cdc/a/doctor/archive/detail?personcard=310108192911184436&kp=eyJjcmVhdGVSZWNvcmRPcmciOiI0MjUwODEyODAwMCIsImNyZWF0ZVJlY29yZERhdGVGcm9tIjoiIiwiY3JlYXRlUmVjb3JkRGF0ZUVuZCI6IiIsImNyZWF0ZVJlY29yZERvY0lkIjoiIiwicmVjb3JkU3RhdHVzIjoiIiwic2lnblN0YXR1cyI6IiIsImlzVGhyZWVTaWduIjoiIiwiYWRkcmVzc0NvdW50eSI6IiIsImFkZHJlc3NUb3duIjoiIiwiYWRkcmVzc0NvbW1pdHRlZSI6IiIsImdlbmRlciI6IiIsImFnZUZyb20iOiIwIiwiYWdlRW5kIjoiMTIwIiwiaXNEZWF0aCI6IiIsImlzRGlzYWJpbGl0eSI6IiIsIm1hbmFnZXJPcmciOiIiLCJjcmVhdGVSZWNvcmRTeXN0ZW0iOiIiLCJwZW9wbGVUeXBlIjoiIiwia2V5d29yZCI6IjMxMDEwODE5MjkxMTE4NDQzNiIsInBhZ2VTaXplIjoxMCwicGFnZUluZGV4IjowLCJzb3J0RmllbGQiOiIiLCJzb3J0T3JkZXIiOiIifQ%3D%3D" "Mozilla/4.0 (compatible; MSIE 8.0; Windows NT 5.1; Trident/4.0; InfoPath.2; .NET4.0C; .NET4.0E)"
192.168.9.114 - - [20/Dec/2017:15:48:06 +0800] "POST /archive/api/archiveInfo HTTP/1.1" 200 114 "-" "Mozilla/4.0 (compatible; MSIE 6.0; Windows NT 5.1;SV1)"
192.168.9.87 - - [20/Dec/2017:15:48:06 +0800] "POST /clinic/jky HTTP/1.1" 200 1325 "-" "Mozilla/5.0 (Windows NT 6.1; WOW64) AppleWebKit/537.36 (KHTML, like Gecko) Chrome/39.0.2171.95 Safari/537.36"
192.168.9.114 - - [20/Dec/2017:15:48:07 +0800] "POST /archive/api/archiveInfo HTTP/1.1" 200 114 "-" "Mozilla/4.0 (compatible; MSIE 6.0; Windows NT 5.1;SV1)"
192.168.9.87 - - [20/Dec/2017:15:48:07 +0800] "POST /clinic/jky HTTP/1.1" 200 890 "-" "Mozilla/5.0 (Windows NT 6.1; WOW64) AppleWebKit/537.36 (KHTML, like Gecko) Chrome/39.0.2171.95 Safari/537.36"
192.168.9.114 - - [20/Dec/2017:15:48:07 +0800] "POST /archive/api/archiveInfo HTTP/1.1" 200 114 "-" "Mozilla/4.0 (compatible; MSIE 6.0; Windows NT 5.1;SV1)"
12.113.50.117 - - [20/Dec/2017:15:48:07 +0800] "POST /clinic/jky HTTP/1.1" 200 826 "-" "Mozilla/5.0 (Windows NT 6.1; WOW64) AppleWebKit/537.36 (KHTML, like Gecko) Chrome/39.0.2171.95 Safari/537.36"
192.168.9.114 - - [20/Dec/2017:15:48:07 +0800] "POST /archive/api/archiveInfo HTTP/1.1" 200 114 "-" "Mozilla/4.0 (compatible; MSIE 6.0; Windows NT 5.1;SV1)"
192.168.9.114 - - [20/Dec/2017:15:48:07 +0800] "POST /archive/api/archiveInfo HTTP/1.1" 200 114 "-" "Mozilla/4.0 (compatible; MSIE 6.0; Windows NT 5.1;SV1)"
12.113.50.117 - - [20/Dec/2017:15:48:07 +0800] "POST /clinic/jky HTTP/1.1" 200 56 "-" "Mozilla/5.0 (Windows NT 6.1; WOW64) AppleWebKit/537.36 (KHTML, like Gecko) Chrome/39.0.2171.95 Safari/537.36"
192.168.9.87 - - [20/Dec/2017:15:48:07 +0800] "POST /clinic/jky HTTP/1.1" 200 1887 "-" "Mozilla/5.0 (Windows NT 6.1; WOW64) AppleWebKit/537.36 (KHTML, like Gecko) Chrome/39.0.2171.95 Safari/537.36"
192.168.9.87 - - [20/Dec/2017:15:48:07 +0800] "POST /clinic/jky HTTP/1.1" 200 890 "-" "Mozilla/5.0 (Windows NT 6.1; WOW64) AppleWebKit/537.36 (KHTML, like Gecko) Chrome/39.0.2171.95 Safari/537.36"
192.168.9.114 - - [20/Dec/2017:15:48:07 +0800] "POST /archive/api/archiveInfo HTTP/1.1" 200 114 "-" "Mozilla/4.0 (compatible; MSIE 6.0; Windows NT 5.1;SV1)"
12.113.50.117 - - [20/Dec/2017:15:48:07 +0800] "POST /clinic/jky HTTP/1.1" 200 1271 "-" "Mozilla/5.0 (Windows NT 6.1; WOW64) AppleWebKit/537.36 (KHTML, like Gecko) Chrome/39.0.2171.95 Safari/537.36"
192.168.9.114 - - [20/Dec/2017:15:48:07 +0800] "POST /archive/api/archiveInfo HTTP/1.1" 200 114 "-" "Mozilla/4.0 (compatible; MSIE 6.0; Windows NT 5.1;SV1)"
192.168.9.87 - - [20/Dec/2017:15:48:07 +0800] "POST /clinic/jky HTTP/1.1" 200 1250 "-" "Mozilla/5.0 (Windows NT 6.1; WOW64) AppleWebKit/537.36 (KHTML, like Gecko) Chrome/39.0.2171.95 Safari/537.36"
192.168.9.114 - - [20/Dec/2017:15:48:07 +0800] "POST /archive/api/get HTTP/1.1" 200 1687 "-" "Mozilla/4.0 (compatible; MSIE 6.0; Windows NT 5.1;SV1)"
192.168.9.114 - - [20/Dec/2017:15:48:07 +0800] "POST /archive/api/archiveInfo HTTP/1.1" 200 114 "-" "Mozilla/4.0 (compatible; MSIE 6.0; Windows NT 5.1;SV1)"
192.168.9.87 - - [20/Dec/2017:15:48:07 +0800] "POST /clinic/jky HTTP/1.1" 200 1250 "-" "Mozilla/5.0 (Windows NT 6.1; WOW64) AppleWebKit/537.36 (KHTML, like Gecko) Chrome/39.0.2171.95 Safari/537.36"
12.113.50.117 - - [20/Dec/2017:15:48:07 +0800] "POST /clinic/jky HTTP/1.1" 200 56 "-" "Mozilla/5.0 (Windows NT 6.1; WOW64) AppleWebKit/537.36 (KHTML, like Gecko) Chrome/39.0.2171.95 Safari/537.36"
198.168.9.100 - - [20/Dec/2017:15:48:07 +0800] "POST /archive/api/archiveInfo HTTP/1.1" 200 114 "-" "Mozilla/4.0 (compatible; MSIE 6.0; Windows NT 5.1;SV1)"
10.17.216.5 - - [20/Dec/2017:15:48:08 +0800] "GET /cdc/clinic/facade/workstation?interfaceKey=oJDeECLhns2rnWvjRLweJw&clinicid=f8834b6e98d046ee86d42869a4c38eff&param=6cMP_f9CeuAODuzmLWG9PKed5wXdEzC9BPrcFnnDZqq6akcdsm0O42zv87lh3NLLLU42OjxdcYQJ9ff3p88aWaYHDwY7kPK7& HTTP/1.1" 200 37674 "-" "Mozilla/4.0 (compatible; MSIE 7.0; Windows NT 5.1; Trident/4.0; InfoPath.2; .NET CLR 2.0.50727; .NET CLR 3.0.04506.648; .NET CLR 3.5.21022)"
198.168.9.100 - - [20/Dec/2017:15:48:08 +0800] "POST /archive/api/get HTTP/1.1" 200 1903 "-" "Mozilla/4.0 (compatible; MSIE 6.0; Windows NT 5.1;SV1)"
10.17.216.5 - - [20/Dec/2017:15:48:08 +0800] "GET /cdc/static/miniui/vtype.js?0.8279994745820775 HTTP/1.1" 200 14359 "http://192.168.1.18:9071/cdc/clinic/facade/workstation?interfaceKey=oJDeECLhns2rnWvjRLweJw&clinicid=f8834b6e98d046ee86d42869a4c38eff&param=6cMP_f9CeuAODuzmLWG9PKed5wXdEzC9BPrcFnnDZqq6akcdsm0O42zv87lh3NLLLU42OjxdcYQJ9ff3p88aWaYHDwY7kPK7&" "Mozilla/4.0 (compatible; MSIE 7.0; Windows NT 5.1; Trident/4.0; InfoPath.2; .NET CLR 2.0.50727; .NET CLR 3.0.04506.648; .NET CLR 3.5.21022)"
10.17.216.5 - - [20/Dec/2017:15:48:08 +0800] "GET /cdc/static/common/search.js?0.24263997843613816 HTTP/1.1" 200 2170 "http://192.168.1.18:9071/cdc/clinic/facade/workstation?interfaceKey=oJDeECLhns2rnWvjRLweJw&clinicid=f8834b6e98d046ee86d42869a4c38eff&param=6cMP_f9CeuAODuzmLWG9PKed5wXdEzC9BPrcFnnDZqq6akcdsm0O42zv87lh3NLLLU42OjxdcYQJ9ff3p88aWaYHDwY7kPK7&" "Mozilla/4.0 (compatible; MSIE 7.0; Windows NT 5.1; Trident/4.0; InfoPath.2; .NET CLR 2.0.50727; .NET CLR 3.0.04506.648; .NET CLR 3.5.21022)"
10.17.216.5 - - [20/Dec/2017:15:48:08 +0800] "GET /cdc/static/miniui/form.js?0.21558792939281624 HTTP/1.1" 200 23716 "http://192.168.1.18:9071/cdc/clinic/facade/workstation?interfaceKey=oJDeECLhns2rnWvjRLweJw&clinicid=f8834b6e98d046ee86d42869a4c38eff&param=6cMP_f9CeuAODuzmLWG9PKed5wXdEzC9BPrcFnnDZqq6akcdsm0O42zv87lh3NLLLU42OjxdcYQJ9ff3p88aWaYHDwY7kPK7&" "Mozilla/4.0 (compatible; MSIE 7.0; Windows NT 5.1; Trident/4.0; InfoPath.2; .NET CLR 2.0.50727; .NET CLR 3.0.04506.648; .NET CLR 3.5.21022)"
10.17.216.5 - - [20/Dec/2017:15:48:08 +0800] "GET /cdc/static/main/wd_js/inputSkip.js?0.21913414453277602 HTTP/1.1" 200 21551 "http://192.168.1.18:9071/cdc/clinic/facade/workstation?interfaceKey=oJDeECLhns2rnWvjRLweJw&clinicid=f8834b6e98d046ee86d42869a4c38eff&param=6cMP_f9CeuAODuzmLWG9PKed5wXdEzC9BPrcFnnDZqq6akcdsm0O42zv87lh3NLLLU42OjxdcYQJ9ff3p88aWaYHDwY7kPK7&" "Mozilla/4.0 (compatible; MSIE 7.0; Windows NT 5.1; Trident/4.0; InfoPath.2; .NET CLR 2.0.50727; .NET CLR 3.0.04506.648; .NET CLR 3.5.21022)"
192.168.9.114 - - [20/Dec/2017:15:48:08 +0800] "POST /archive/api/archiveInfo HTTP/1.1" 200 114 "-" "Mozilla/4.0 (compatible; MSIE 6.0; Windows NT 5.1;SV1)"
12.113.50.117 - - [20/Dec/2017:15:48:08 +0800] "POST /clinic/jky HTTP/1.1" 200 2098 "-" "Mozilla/5.0 (Windows NT 6.1; WOW64) AppleWebKit/537.36 (KHTML, like Gecko) Chrome/39.0.2171.95 Safari/537.36"
10.17.216.5 - - [20/Dec/2017:15:48:08 +0800] "GET /cdc/sys/dicArea/query?level=1&interfaceKey=oJDeECLhns35cbEBKPSLEQ&_=1513755996875 HTTP/1.1" 200 3364 "http://192.168.1.18:9071/cdc/clinic/facade/workstation?interfaceKey=oJDeECLhns2rnWvjRLweJw&clinicid=f8834b6e98d046ee86d42869a4c38eff&param=6cMP_f9CeuAODuzmLWG9PKed5wXdEzC9BPrcFnnDZqq6akcdsm0O42zv87lh3NLLLU42OjxdcYQJ9ff3p88aWaYHDwY7kPK7&" "Mozilla/4.0 (compatible; MSIE 7.0; Windows NT 5.1; Trident/4.0; InfoPath.2; .NET CLR 2.0.50727; .NET CLR 3.0.04506.648; .NET CLR 3.5.21022)"
10.17.216.5 - - [20/Dec/2017:15:48:08 +0800] "GET /cdc/sys/dicArea/query?level=2&pid=310000000000&interfaceKey=oJDeECLhns2JLJuPWrNbYg&_=1513755996921 HTTP/1.1" 200 184 "http://192.168.1.18:9071/cdc/clinic/facade/workstation?interfaceKey=oJDeECLhns2rnWvjRLweJw&clinicid=f8834b6e98d046ee86d42869a4c38eff&param=6cMP_f9CeuAODuzmLWG9PKed5wXdEzC9BPrcFnnDZqq6akcdsm0O42zv87lh3NLLLU42OjxdcYQJ9ff3p88aWaYHDwY7kPK7&" "Mozilla/4.0 (compatible; MSIE 7.0; Windows NT 5.1; Trident/4.0; InfoPath.2; .NET CLR 2.0.50727; .NET CLR 3.0.04506.648; .NET CLR 3.5.21022)"
10.17.216.5 - - [20/Dec/2017:15:48:08 +0800] "GET /cdc/sys/dicArea/query?level=3&pid=310100000000&interfaceKey=oJDeECLhns2JLJuPWrNbYg&_=1513755996937 HTTP/1.1" 200 1415 "http://192.168.1.18:9071/cdc/clinic/facade/workstation?interfaceKey=oJDeECLhns2rnWvjRLweJw&clinicid=f8834b6e98d046ee86d42869a4c38eff&param=6cMP_f9CeuAODuzmLWG9PKed5wXdEzC9BPrcFnnDZqq6akcdsm0O42zv87lh3NLLLU42OjxdcYQJ9ff3p88aWaYHDwY7kPK7&" "Mozilla/4.0 (compatible; MSIE 7.0; Windows NT 5.1; Trident/4.0; InfoPath.2; .NET CLR 2.0.50727; .NET CLR 3.0.04506.648; .NET CLR 3.5.21022)"
10.17.216.5 - - [20/Dec/2017:15:48:08 +0800] "GET /cdc/sys/dicArea/query?level=4&pid=310106000000&interfaceKey=oJDeECLhns2JLJuPWrNbYg&_=1513755996953 HTTP/1.1" 200 1532 "http://192.168.1.18:9071/cdc/clinic/facade/workstation?interfaceKey=oJDeECLhns2rnWvjRLweJw&clinicid=f8834b6e98d046ee86d42869a4c38eff&param=6cMP_f9CeuAODuzmLWG9PKed5wXdEzC9BPrcFnnDZqq6akcdsm0O42zv87lh3NLLLU42OjxdcYQJ9ff3p88aWaYHDwY7kPK7&" "Mozilla/4.0 (compatible; MSIE 7.0; Windows NT 5.1; Trident/4.0; InfoPath.2; .NET CLR 2.0.50727; .NET CLR 3.0.04506.648; .NET CLR 3.5.21022)"
10.17.216.5 - - [20/Dec/2017:15:48:08 +0800] "GET /cdc/sys/dicArea/query?level=5&pid=310108001000&interfaceKey=oJDeECLhns2JLJuPWrNbYg&_=1513755996984 HTTP/1.1" 200 1360 "http://192.168.1.18:9071/cdc/clinic/facade/workstation?interfaceKey=oJDeECLhns2rnWvjRLweJw&clinicid=f8834b6e98d046ee86d42869a4c38eff&param=6cMP_f9CeuAODuzmLWG9PKed5wXdEzC9BPrcFnnDZqq6akcdsm0O42zv87lh3NLLLU42OjxdcYQJ9ff3p88aWaYHDwY7kPK7&" "Mozilla/4.0 (compatible; MSIE 7.0; Windows NT 5.1; Trident/4.0; InfoPath.2; .NET CLR 2.0.50727; .NET CLR 3.0.04506.648; .NET CLR 3.5.21022)"
10.17.216.5 - - [20/Dec/2017:15:48:08 +0800] "GET /cdc/sys/dicArea/query?level=1&interfaceKey=oJDeECLhns33fDsywc57PQ&_=1513755997031 HTTP/1.1" 200 3364 "http://192.168.1.18:9071/cdc/clinic/facade/workstation?interfaceKey=oJDeECLhns2rnWvjRLweJw&clinicid=f8834b6e98d046ee86d42869a4c38eff&param=6cMP_f9CeuAODuzmLWG9PKed5wXdEzC9BPrcFnnDZqq6akcdsm0O42zv87lh3NLLLU42OjxdcYQJ9ff3p88aWaYHDwY7kPK7&" "Mozilla/4.0 (compatible; MSIE 7.0; Windows NT 5.1; Trident/4.0; InfoPath.2; .NET CLR 2.0.50727; .NET CLR 3.0.04506.648; .NET CLR 3.5.21022)"
10.17.216.5 - - [20/Dec/2017:15:48:08 +0800] "GET /cdc/sys/dicArea/query?level=2&pid=310000000000&interfaceKey=oJDeECLhns33fDsywc57PQ&_=1513755997062 HTTP/1.1" 200 184 "http://192.168.1.18:9071/cdc/clinic/facade/workstation?interfaceKey=oJDeECLhns2rnWvjRLweJw&clinicid=f8834b6e98d046ee86d42869a4c38eff&param=6cMP_f9CeuAODuzmLWG9PKed5wXdEzC9BPrcFnnDZqq6akcdsm0O42zv87lh3NLLLU42OjxdcYQJ9ff3p88aWaYHDwY7kPK7&" "Mozilla/4.0 (compatible; MSIE 7.0; Windows NT 5.1; Trident/4.0; InfoPath.2; .NET CLR 2.0.50727; .NET CLR 3.0.04506.648; .NET CLR 3.5.21022)"
10.17.216.5 - - [20/Dec/2017:15:48:08 +0800] "GET /cdc/sys/dicArea/query?level=3&pid=310100000000&interfaceKey=oJDeECLhns3gIBmKhxh3CA&_=1513755997078 HTTP/1.1" 200 1415 "http://192.168.1.18:9071/cdc/clinic/facade/workstation?interfaceKey=oJDeECLhns2rnWvjRLweJw&clinicid=f8834b6e98d046ee86d42869a4c38eff&param=6cMP_f9CeuAODuzmLWG9PKed5wXdEzC9BPrcFnnDZqq6akcdsm0O42zv87lh3NLLLU42OjxdcYQJ9ff3p88aWaYHDwY7kPK7&" "Mozilla/4.0 (compatible; MSIE 7.0; Windows NT 5.1; Trident/4.0; InfoPath.2; .NET CLR 2.0.50727; .NET CLR 3.0.04506.648; .NET CLR 3.5.21022)"
10.17.216.5 - - [20/Dec/2017:15:48:08 +0800] "GET /cdc/sys/dicArea/query?level=4&pid=310106000000&interfaceKey=oJDeECLhns3gIBmKhxh3CA&_=1513755997109 HTTP/1.1" 200 1532 "http://192.168.1.18:9071/cdc/clinic/facade/workstation?interfaceKey=oJDeECLhns2rnWvjRLweJw&clinicid=f8834b6e98d046ee86d42869a4c38eff&param=6cMP_f9CeuAODuzmLWG9PKed5wXdEzC9BPrcFnnDZqq6akcdsm0O42zv87lh3NLLLU42OjxdcYQJ9ff3p88aWaYHDwY7kPK7&" "Mozilla/4.0 (compatible; MSIE 7.0; Windows NT 5.1; Trident/4.0; InfoPath.2; .NET CLR 2.0.50727; .NET CLR 3.0.04506.648; .NET CLR 3.5.21022)"
192.168.9.114 - - [20/Dec/2017:15:48:08 +0800] "POST /archive/api/archiveInfo HTTP/1.1" 200 114 "-" "Mozilla/4.0 (compatible; MSIE 6.0; Windows NT 5.1;SV1)"
12.113.50.117 - - [20/Dec/2017:15:48:08 +0800] "POST /clinic/jky HTTP/1.1" 200 56 "-" "Mozilla/5.0 (Windows NT 6.1; WOW64) AppleWebKit/537.36 (KHTML, like Gecko) Chrome/39.0.2171.95 Safari/537.36"
192.168.9.114 - - [20/Dec/2017:15:48:08 +0800] "POST /archive/api/archiveInfo HTTP/1.1" 200 114 "-" "Mozilla/4.0 (compatible; MSIE 6.0; Windows NT 5.1;SV1)"
192.168.9.114 - - [20/Dec/2017:15:48:08 +0800] "POST /archive/api/archiveInfo HTTP/1.1" 200 114 "-" "Mozilla/4.0 (compatible; MSIE 6.0; Windows NT 5.1;SV1)"
192.168.9.114 - - [20/Dec/2017:15:48:08 +0800] "POST /archive/api/archiveInfo HTTP/1.1" 200 114 "-" "Mozilla/4.0 (compatible; MSIE 6.0; Windows NT 5.1;SV1)"
12.113.50.117 - - [20/Dec/2017:15:48:08 +0800] "POST /clinic/jky HTTP/1.1" 200 858 "-" "Mozilla/5.0 (Windows NT 6.1; WOW64) AppleWebKit/537.36 (KHTML, like Gecko) Chrome/39.0.2171.95 Safari/537.36"
192.168.9.87 - - [20/Dec/2017:15:48:08 +0800] "POST /clinic/jky HTTP/1.1" 200 1854 "-" "Mozilla/5.0 (Windows NT 6.1; WOW64) AppleWebKit/537.36 (KHTML, like Gecko) Chrome/39.0.2171.95 Safari/537.36"
192.168.9.87 - - [20/Dec/2017:15:48:08 +0800] "POST /clinic/jky HTTP/1.1" 200 858 "-" "Mozilla/5.0 (Windows NT 6.1; WOW64) AppleWebKit/537.36 (KHTML, like Gecko) Chrome/39.0.2171.95 Safari/537.36"
192.168.9.87 - - [20/Dec/2017:15:48:09 +0800] "POST /clinic/jky HTTP/1.1" 200 1314 "-" "Mozilla/5.0 (Windows NT 6.1; WOW64) AppleWebKit/537.36 (KHTML, like Gecko) Chrome/39.0.2171.95 Safari/537.36"
10.17.216.5 - - [20/Dec/2017:15:48:09 +0800] "GET /cdc/napoplexy/facade/apoFollow/getHosIn?interfaceKey=oJDeECLhns0H54jwtsb4sg&hospitalId=79569710300&_=1513755997546 HTTP/1.1" 200 398 "http://192.168.1.18:9071/cdc/clinic/facade/workstation?interfaceKey=oJDeECLhns2rnWvjRLweJw&clinicid=f8834b6e98d046ee86d42869a4c38eff&param=6cMP_f9CeuAODuzmLWG9PKed5wXdEzC9BPrcFnnDZqq6akcdsm0O42zv87lh3NLLLU42OjxdcYQJ9ff3p88aWaYHDwY7kPK7&" "Mozilla/4.0 (compatible; MSIE 7.0; Windows NT 5.1; Trident/4.0; InfoPath.2; .NET CLR 2.0.50727; .NET CLR 3.0.04506.648; .NET CLR 3.5.21022)"
192.168.9.114 - - [20/Dec/2017:15:48:09 +0800] "POST /archive/api/archiveInfo HTTP/1.1" 200 114 "-" "Mozilla/4.0 (compatible; MSIE 6.0; Windows NT 5.1;SV1)"
192.168.9.87 - - [20/Dec/2017:15:48:09 +0800] "POST /clinic/jky HTTP/1.1" 200 1887 "-" "Mozilla/5.0 (Windows NT 6.1; WOW64) AppleWebKit/537.36 (KHTML, like Gecko) Chrome/39.0.2171.95 Safari/537.36"
10.17.216.5 - - [20/Dec/2017:15:48:09 +0800] "GET /cdc/napoplexy/facade/apoFollow/queryUser?interfaceKey=oJDeECLhns0M2_ze5-k87A&hospitalId=79569710300&_=1513755997718 HTTP/1.1" 200 10811 "http://192.168.1.18:9071/cdc/clinic/facade/workstation?interfaceKey=oJDeECLhns2rnWvjRLweJw&clinicid=f8834b6e98d046ee86d42869a4c38eff&param=6cMP_f9CeuAODuzmLWG9PKed5wXdEzC9BPrcFnnDZqq6akcdsm0O42zv87lh3NLLLU42OjxdcYQJ9ff3p88aWaYHDwY7kPK7&" "Mozilla/4.0 (compatible; MSIE 7.0; Windows NT 5.1; Trident/4.0; InfoPath.2; .NET CLR 2.0.50727; .NET CLR 3.0.04506.648; .NET CLR 3.5.21022)"
192.168.9.114 - - [20/Dec/2017:15:48:09 +0800] "POST /archive/api/archiveInfo HTTP/1.1" 200 114 "-" "Mozilla/4.0 (compatible; MSIE 6.0; Windows NT 5.1;SV1)"
192.168.9.87 - - [20/Dec/2017:15:48:09 +0800] "POST /clinic/jky HTTP/1.1" 200 858 "-" "Mozilla/5.0 (Windows NT 6.1; WOW64) AppleWebKit/537.36 (KHTML, like Gecko) Chrome/39.0.2171.95 Safari/537.36"
192.168.9.114 - - [20/Dec/2017:15:48:09 +0800] "POST /archive/api/archiveInfo HTTP/1.1" 200 114 "-" "Mozilla/4.0 (compatible; MSIE 6.0; Windows NT 5.1;SV1)"
192.168.9.114 - - [20/Dec/2017:15:48:09 +0800] "POST /archive/api/archiveInfo HTTP/1.1" 200 114 "-" "Mozilla/4.0 (compatible; MSIE 6.0; Windows NT 5.1;SV1)"
192.168.9.87 - - [20/Dec/2017:15:48:09 +0800] "POST /clinic/jky HTTP/1.1" 200 869 "-" "Mozilla/5.0 (Windows NT 6.1; WOW64) AppleWebKit/537.36 (KHTML, like Gecko) Chrome/39.0.2171.95 Safari/537.36"
192.168.9.87 - - [20/Dec/2017:15:48:09 +0800] "POST /clinic/jky HTTP/1.1" 200 869 "-" "Mozilla/5.0 (Windows NT 6.1; WOW64) AppleWebKit/537.36 (KHTML, like Gecko) Chrome/39.0.2171.95 Safari/537.36"
192.168.9.114 - - [20/Dec/2017:15:48:09 +0800] "POST /archive/api/archiveInfo HTTP/1.1" 200 114 "-" "Mozilla/4.0 (compatible; MSIE 6.0; Windows NT 5.1;SV1)"
192.168.9.114 - - [20/Dec/2017:15:48:09 +0800] "POST /archive/api/archiveInfo HTTP/1.1" 200 114 "-" "Mozilla/4.0 (compatible; MSIE 6.0; Windows NT 5.1;SV1)"
