12.113.91.11 - - [20/Dec/2017:15:48:20 +0800] "POST /ckd/common/area/data HTTP/1.1" 200 768 "http://10.17.157.63:9071/ckd/screen/screenPeopleRegister/index" "Mozilla/5.0 (Windows NT 5.1) AppleWebKit/537.36 (KHTML, like Gecko) Chrome/41.0.2272.89 Safari/537.36"
12.113.91.11 - - [20/Dec/2017:15:48:20 +0800] "POST /ckd/common/area/data HTTP/1.1" 200 329 "http://10.17.157.63:9071/ckd/screen/screenPeopleRegister/index" "Mozilla/5.0 (Windows NT 5.1) AppleWebKit/537.36 (KHTML, like Gecko) Chrome/41.0.2272.89 Safari/537.36"
192.168.9.114 - - [20/Dec/2017:15:48:20 +0800] "POST /archive/api/archiveInfo HTTP/1.1" 200 114 "-" "Mozilla/4.0 (compatible; MSIE 6.0; Windows NT 5.1;SV1)"
192.168.9.87 - - [20/Dec/2017:15:48:20 +0800] "POST /clinic/jky HTTP/1.1" 200 847 "-" "Mozilla/5.0 (Windows NT 6.1; WOW64) AppleWebKit/537.36 (KHTML, like Gecko) Chrome/39.0.2171.95 Safari/537.36"
192.168.9.114 - - [20/Dec/2017:15:48:20 +0800] "POST /archive/api/archiveInfo HTTP/1.1" 200 114 "-" "Mozilla/4.0 (compatible; MSIE 6.0; Windows NT 5.1;SV1)"
192.168.9.114 - - [20/Dec/2017:15:48:20 +0800] "POST /archive/api/archiveInfo HTTP/1.1" 200 114 "-" "Mozilla/4.0 (compatible; MSIE 6.0; Windows NT 5.1;SV1)"
12.113.50.117 - - [20/Dec/2017:15:48:20 +0800] "POST /clinic/jky HTTP/1.1" 200 901 "-" "Mozilla/5.0 (Windows NT 6.1; WOW64) AppleWebKit/537.36 (KHTML, like Gecko) Chrome/39.0.2171.95 Safari/537.36"
192.168.9.114 - - [20/Dec/2017:15:48:20 +0800] "POST /archive/api/archiveInfo HTTP/1.1" 200 114 "-" "Mozilla/4.0 (compatible; MSIE 6.0; Windows NT 5.1;SV1)"
12.113.50.117 - - [20/Dec/2017:15:48:20 +0800] "POST /clinic/jky HTTP/1.1" 200 901 "-" "Mozilla/5.0 (Windows NT 6.1; WOW64) AppleWebKit/537.36 (KHTML, like Gecko) Chrome/39.0.2171.95 Safari/537.36"
12.113.50.117 - - [20/Dec/2017:15:48:20 +0800] "POST /clinic/jky HTTP/1.1" 200 56 "-" "Mozilla/5.0 (Windows NT 6.1; WOW64) AppleWebKit/537.36 (KHTML, like Gecko) Chrome/39.0.2171.95 Safari/537.36"
12.113.50.117 - - [20/Dec/2017:15:48:20 +0800] "POST /clinic/jky HTTP/1.1" 200 901 "-" "Mozilla/5.0 (Windows NT 6.1; WOW64) AppleWebKit/537.36 (KHTML, like Gecko) Chrome/39.0.2171.95 Safari/537.36"
192.168.9.114 - - [20/Dec/2017:15:48:20 +0800] "POST /archive/api/archiveInfo HTTP/1.1" 200 114 "-" "Mozilla/4.0 (compatible; MSIE 6.0; Windows NT 5.1;SV1)"
192.168.9.87 - - [20/Dec/2017:15:48:21 +0800] "POST /clinic/jky HTTP/1.1" 200 1196 "-" "Mozilla/5.0 (Windows NT 6.1; WOW64) AppleWebKit/537.36 (KHTML, like Gecko) Chrome/39.0.2171.95 Safari/537.36"
192.168.9.114 - - [20/Dec/2017:15:48:21 +0800] "POST /archive/api/archiveInfo HTTP/1.1" 200 114 "-" "Mozilla/4.0 (compatible; MSIE 6.0; Windows NT 5.1;SV1)"
10.17.212.5 - - [20/Dec/2017:15:48:21 +0800] "POST /cdc/doctor/signfacade/workstation/checkIdcard HTTP/1.1" 302 0 "http://192.137.31.69:9071/cdc/doctor/signfacade/workstation/add" "Mozilla/4.0 (compatible; MSIE 7.0; Windows NT 5.1; Trident/4.0; .NET CLR 2.0.50727; .NET CLR 3.0.4506.2152; .NET CLR 3.5.30729)"
12.113.50.117 - - [20/Dec/2017:15:48:21 +0800] "POST /clinic/jky HTTP/1.1" 200 1112 "-" "Mozilla/5.0 (Windows NT 6.1; WOW64) AppleWebKit/537.36 (KHTML, like Gecko) Chrome/39.0.2171.95 Safari/537.36"
192.168.9.114 - - [20/Dec/2017:15:48:21 +0800] "POST /archive/api/archiveInfo HTTP/1.1" 200 114 "-" "Mozilla/4.0 (compatible; MSIE 6.0; Windows NT 5.1;SV1)"
192.168.9.87 - - [20/Dec/2017:15:48:21 +0800] "POST /clinic/jky HTTP/1.1" 200 1250 "-" "Mozilla/5.0 (Windows NT 6.1; WOW64) AppleWebKit/537.36 (KHTML, like Gecko) Chrome/39.0.2171.95 Safari/537.36"
192.168.9.114 - - [20/Dec/2017:15:48:21 +0800] "POST /archive/api/archiveInfo HTTP/1.1" 200 114 "-" "Mozilla/4.0 (compatible; MSIE 6.0; Windows NT 5.1;SV1)"
12.113.50.117 - - [20/Dec/2017:15:48:21 +0800] "POST /clinic/jky HTTP/1.1" 200 1142 "-" "Mozilla/5.0 (Windows NT 6.1; WOW64) AppleWebKit/537.36 (KHTML, like Gecko) Chrome/39.0.2171.95 Safari/537.36"
10.17.212.5 - - [20/Dec/2017:15:48:21 +0800] "GET /cdc/doctor/signfacade/workstation/form?yljg=42508128000&gpmc=%E8%83%A1%E6%99%93%E5%BA%86&gpid=163&czrybm=163&czryxm=%E8%83%A1%E6%99%93%E5%BA%86&gpdh=null&yszyzh=null&idcard=310108194404294410&sfzh=310108194404294410 HTTP/1.1" 200 20753 "http://192.137.31.69:9071/cdc/doctor/signfacade/workstation/add" "Mozilla/4.0 (compatible; MSIE 7.0; Windows NT 5.1; Trident/4.0; .NET CLR 2.0.50727; .NET CLR 3.0.4506.2152; .NET CLR 3.5.30729)"
192.168.9.114 - - [20/Dec/2017:15:48:21 +0800] "POST /archive/api/archiveInfo HTTP/1.1" 200 114 "-" "Mozilla/4.0 (compatible; MSIE 6.0; Windows NT 5.1;SV1)"
192.168.9.87 - - [20/Dec/2017:15:48:21 +0800] "POST /clinic/jky HTTP/1.1" 200 1186 "-" "Mozilla/5.0 (Windows NT 6.1; WOW64) AppleWebKit/537.36 (KHTML, like Gecko) Chrome/39.0.2171.95 Safari/537.36"
192.168.9.114 - - [20/Dec/2017:15:48:21 +0800] "POST /archive/api/archiveInfo HTTP/1.1" 200 114 "-" "Mozilla/4.0 (compatible; MSIE 6.0; Windows NT 5.1;SV1)"
192.168.9.87 - - [20/Dec/2017:15:48:21 +0800] "POST /clinic/jky HTTP/1.1" 200 1887 "-" "Mozilla/5.0 (Windows NT 6.1; WOW64) AppleWebKit/537.36 (KHTML, like Gecko) Chrome/39.0.2171.95 Safari/537.36"
10.17.215.5 - - [20/Dec/2017:15:48:21 +0800] "GET /cdc/a/doctor/index HTTP/1.1" 302 0 "http://202.202.202.41:9071/health/" "Mozilla/5.0 (Windows NT 6.1; WOW64) AppleWebKit/537.36 (KHTML, like Gecko) Chrome/50.0.2661.94 Safari/537.36"
192.168.9.114 - - [20/Dec/2017:15:48:21 +0800] "POST /archive/api/archiveInfo HTTP/1.1" 200 114 "-" "Mozilla/4.0 (compatible; MSIE 6.0; Windows NT 5.1;SV1)"
10.17.215.5 - - [20/Dec/2017:15:48:21 +0800] "GET /cas/login?service=http://202.202.202.41:9071/cdc/a/cas/login HTTP/1.1" 302 0 "http://202.202.202.41:9071/health/" "Mozilla/5.0 (Windows NT 6.1; WOW64) AppleWebKit/537.36 (KHTML, like Gecko) Chrome/50.0.2661.94 Safari/537.36"
192.168.9.87 - - [20/Dec/2017:15:48:21 +0800] "POST /clinic/jky HTTP/1.1" 200 890 "-" "Mozilla/5.0 (Windows NT 6.1; WOW64) AppleWebKit/537.36 (KHTML, like Gecko) Chrome/39.0.2171.95 Safari/537.36"
192.168.9.114 - - [20/Dec/2017:15:48:21 +0800] "GET /cas/serviceValidate?ticket=ST-24757-lcmoDc5wjceHk2TQS5sy-wdjky&service=http%3A%2F%2F202.202.202.41%3A9071%2Fcdc%2Fa%2Fcas%2Flogin HTTP/1.1" 200 468 "-" "okhttp/3.9.1"
192.168.9.114 - - [20/Dec/2017:15:48:21 +0800] "POST /archive/api/archiveInfo HTTP/1.1" 200 114 "-" "Mozilla/4.0 (compatible; MSIE 6.0; Windows NT 5.1;SV1)"
12.113.50.117 - - [20/Dec/2017:15:48:21 +0800] "POST /clinic/jky HTTP/1.1" 200 1196 "-" "Mozilla/5.0 (Windows NT 6.1; WOW64) AppleWebKit/537.36 (KHTML, like Gecko) Chrome/39.0.2171.95 Safari/537.36"
10.17.215.5 - - [20/Dec/2017:15:48:21 +0800] "GET /cdc/a/cas/login?ticket=ST-24757-lcmoDc5wjceHk2TQS5sy-wdjky HTTP/1.1" 302 0 "http://202.202.202.41:9071/health/" "Mozilla/5.0 (Windows NT 6.1; WOW64) AppleWebKit/537.36 (KHTML, like Gecko) Chrome/50.0.2661.94 Safari/537.36"
10.17.215.5 - - [20/Dec/2017:15:48:22 +0800] "GET /cdc/a/doctor/index HTTP/1.1" 200 12360 "http://202.202.202.41:9071/health/" "Mozilla/5.0 (Windows NT 6.1; WOW64) AppleWebKit/537.36 (KHTML, like Gecko) Chrome/50.0.2661.94 Safari/537.36"
10.17.215.5 - - [20/Dec/2017:15:48:22 +0800] "GET /cdc/static/common/search.js?0.5055871413921239 HTTP/1.1" 200 2170 "http://202.202.202.41:9071/cdc/a/doctor/index" "Mozilla/5.0 (Windows NT 6.1; WOW64) AppleWebKit/537.36 (KHTML, like Gecko) Chrome/50.0.2661.94 Safari/537.36"
192.168.9.114 - - [20/Dec/2017:15:48:22 +0800] "POST /archive/api/archiveInfo HTTP/1.1" 200 114 "-" "Mozilla/4.0 (compatible; MSIE 6.0; Windows NT 5.1;SV1)"
10.17.215.5 - - [20/Dec/2017:15:48:22 +0800] "GET /cdc/static/miniui/form.js?0.20381444217055644 HTTP/1.1" 200 23716 "http://202.202.202.41:9071/cdc/a/doctor/index" "Mozilla/5.0 (Windows NT 6.1; WOW64) AppleWebKit/537.36 (KHTML, like Gecko) Chrome/50.0.2661.94 Safari/537.36"
10.17.215.5 - - [20/Dec/2017:15:48:22 +0800] "GET /cdc/static/miniui/vtype.js?0.8730331533597107 HTTP/1.1" 200 14359 "http://202.202.202.41:9071/cdc/a/doctor/index" "Mozilla/5.0 (Windows NT 6.1; WOW64) AppleWebKit/537.36 (KHTML, like Gecko) Chrome/50.0.2661.94 Safari/537.36"
10.17.215.5 - - [20/Dec/2017:15:48:22 +0800] "GET /cdc/static/main/wd_js/inputSkip.js?0.9317345044378913 HTTP/1.1" 200 21551 "http://202.202.202.41:9071/cdc/a/doctor/index" "Mozilla/5.0 (Windows NT 6.1; WOW64) AppleWebKit/537.36 (KHTML, like Gecko) Chrome/50.0.2661.94 Safari/537.36"
192.168.9.114 - - [20/Dec/2017:15:48:22 +0800] "POST /archive/api/archiveInfo HTTP/1.1" 200 114 "-" "Mozilla/4.0 (compatible; MSIE 6.0; Windows NT 5.1;SV1)"
192.168.9.87 - - [20/Dec/2017:15:48:22 +0800] "POST /clinic/jky HTTP/1.1" 200 879 "-" "Mozilla/5.0 (Windows NT 6.1; WOW64) AppleWebKit/537.36 (KHTML, like Gecko) Chrome/39.0.2171.95 Safari/537.36"
192.168.9.87 - - [20/Dec/2017:15:48:22 +0800] "POST /clinic/jky HTTP/1.1" 200 1153 "-" "Mozilla/5.0 (Windows NT 6.1; WOW64) AppleWebKit/537.36 (KHTML, like Gecko) Chrome/39.0.2171.95 Safari/537.36"
10.17.215.5 - - [20/Dec/2017:15:48:22 +0800] "GET /diagnose/community/resource/info HTTP/1.1" 200 4338 "http://202.202.202.41:9071/diagnose/community/condition/info" "Mozilla/5.0 (Windows NT 5.2) AppleWebKit/537.11 (KHTML, like Gecko) Chrome/23.0.1271.95 Safari/537.11"
10.17.212.5 - - [20/Dec/2017:15:48:22 +0800] "GET /cdc/a/mainMenu?id=db032b612b124cc0b37f37ba55cd104c HTTP/1.1" 302 0 "http://192.137.31.69:9071/cdc/a/doctor/archive/detail?personcard=310108192911184436&kp=eyJjcmVhdGVSZWNvcmRPcmciOiI0MjUwODEyODAwMCIsImNyZWF0ZVJlY29yZERhdGVGcm9tIjoiIiwiY3JlYXRlUmVjb3JkRGF0ZUVuZCI6IiIsImNyZWF0ZVJlY29yZERvY0lkIjoiIiwicmVjb3JkU3RhdHVzIjoiIiwic2lnblN0YXR1cyI6IiIsImlzVGhyZWVTaWduIjoiIiwiYWRkcmVzc0NvdW50eSI6IiIsImFkZHJlc3NUb3duIjoiIiwiYWRkcmVzc0NvbW1pdHRlZSI6IiIsImdlbmRlciI6IiIsImFnZUZyb20iOiIwIiwiYWdlRW5kIjoiMTIwIiwiaXNEZWF0aCI6IiIsImlzRGlzYWJpbGl0eSI6IiIsIm1hbmFnZXJPcmciOiIiLCJjcmVhdGVSZWNvcmRTeXN0ZW0iOiIiLCJwZW9wbGVUeXBlIjoiIiwia2V5d29yZCI6IjMxMDEwODE5MjkxMTE4NDQzNiIsInBhZ2VTaXplIjoxMCwicGFnZUluZGV4IjowLCJzb3J0RmllbGQiOiIiLCJzb3J0T3JkZXIiOiIifQ%3D%3D" "Mozilla/4.0 (compatible; MSIE 8.0; Windows NT 5.1; Trident/4.0; InfoPath.2; .NET4.0C; .NET4.0E)"
10.17.215.5 - - [20/Dec/2017:15:48:22 +0800] "POST /diagnose/community/resource/loadData HTTP/1.1" 200 31 "http://202.202.202.41:9071/diagnose/community/resource/info" "Mozilla/5.0 (Windows NT 5.2) AppleWebKit/537.11 (KHTML, like Gecko) Chrome/23.0.1271.95 Safari/537.11"
10.17.212.5 - - [20/Dec/2017:15:48:22 +0800] "GET /cdc/a/doctor/archive/list HTTP/1.1" 200 12305 "http://192.137.31.69:9071/cdc/a/doctor/archive/detail?personcard=310108192911184436&kp=eyJjcmVhdGVSZWNvcmRPcmciOiI0MjUwODEyODAwMCIsImNyZWF0ZVJlY29yZERhdGVGcm9tIjoiIiwiY3JlYXRlUmVjb3JkRGF0ZUVuZCI6IiIsImNyZWF0ZVJlY29yZERvY0lkIjoiIiwicmVjb3JkU3RhdHVzIjoiIiwic2lnblN0YXR1cyI6IiIsImlzVGhyZWVTaWduIjoiIiwiYWRkcmVzc0NvdW50eSI6IiIsImFkZHJlc3NUb3duIjoiIiwiYWRkcmVzc0NvbW1pdHRlZSI6IiIsImdlbmRlciI6IiIsImFnZUZyb20iOiIwIiwiYWdlRW5kIjoiMTIwIiwiaXNEZWF0aCI6IiIsImlzRGlzYWJpbGl0eSI6IiIsIm1hbmFnZXJPcmciOiIiLCJjcmVhdGVSZWNvcmRTeXN0ZW0iOiIiLCJwZW9wbGVUeXBlIjoiIiwia2V5d29yZCI6IjMxMDEwODE5MjkxMTE4NDQzNiIsInBhZ2VTaXplIjoxMCwicGFnZUluZGV4IjowLCJzb3J0RmllbGQiOiIiLCJzb3J0T3JkZXIiOiIifQ%3D%3D" "Mozilla/4.0 (compatible; MSIE 8.0; Windows NT 5.1; Trident/4.0; InfoPath.2; .NET4.0C; .NET4.0E)"
10.17.212.5 - - [20/Dec/2017:15:48:22 +0800] "GET /cdc/static/miniui/vtype.js?0.17125300675841193 HTTP/1.1" 200 14359 "http://192.137.31.69:9071/cdc/a/doctor/archive/list" "Mozilla/4.0 (compatible; MSIE 8.0; Windows NT 5.1; Trident/4.0; InfoPath.2; .NET4.0C; .NET4.0E)"
10.17.212.5 - - [20/Dec/2017:15:48:22 +0800] "GET /cdc/static/miniui/form.js?0.9425863190622984 HTTP/1.1" 200 23716 "http://192.137.31.69:9071/cdc/a/doctor/archive/list" "Mozilla/4.0 (compatible; MSIE 8.0; Windows NT 5.1; Trident/4.0; InfoPath.2; .NET4.0C; .NET4.0E)"
10.17.212.5 - - [20/Dec/2017:15:48:22 +0800] "GET /cdc/static/common/search.js?0.7650221803439133 HTTP/1.1" 200 2170 "http://192.137.31.69:9071/cdc/a/doctor/archive/list" "Mozilla/4.0 (compatible; MSIE 8.0; Windows NT 5.1; Trident/4.0; InfoPath.2; .NET4.0C; .NET4.0E)"
10.17.212.5 - - [20/Dec/2017:15:48:22 +0800] "GET /cdc/static/main/wd_js/inputSkip.js?0.6978346193735165 HTTP/1.1" 200 21551 "http://192.137.31.69:9071/cdc/a/doctor/archive/list" "Mozilla/4.0 (compatible; MSIE 8.0; Windows NT 5.1; Trident/4.0; InfoPath.2; .NET4.0C; .NET4.0E)"
10.17.215.5 - - [20/Dec/2017:15:48:22 +0800] "POST /cdc/a/doctor/noticeList HTTP/1.1" 200 640 "http://202.202.202.41:9071/cdc/a/doctor/index" "Mozilla/5.0 (Windows NT 6.1; WOW64) AppleWebKit/537.36 (KHTML, like Gecko) Chrome/50.0.2661.94 Safari/537.36"
10.17.215.5 - - [20/Dec/2017:15:48:22 +0800] "POST /cdc/a/doctor/initSignForHazards HTTP/1.1" 200 50 "http://202.202.202.41:9071/cdc/a/doctor/index" "Mozilla/5.0 (Windows NT 6.1; WOW64) AppleWebKit/537.36 (KHTML, like Gecko) Chrome/50.0.2661.94 Safari/537.36"
10.17.215.5 - - [20/Dec/2017:15:48:22 +0800] "GET /cdc/static/ueditor/1.4.3/jsp/controller.jsp?action=config&&noCache=1513756059016 HTTP/1.1" 200 676 "http://202.202.202.41:9071/cdc/a/doctor/index" "Mozilla/5.0 (Windows NT 6.1; WOW64) AppleWebKit/537.36 (KHTML, like Gecko) Chrome/50.0.2661.94 Safari/537.36"
192.168.9.114 - - [20/Dec/2017:15:48:22 +0800] "POST /archive/api/archiveInfo HTTP/1.1" 200 114 "-" "Mozilla/4.0 (compatible; MSIE 6.0; Windows NT 5.1;SV1)"
192.168.9.87 - - [20/Dec/2017:15:48:22 +0800] "POST /clinic/jky HTTP/1.1" 200 858 "-" "Mozilla/5.0 (Windows NT 6.1; WOW64) AppleWebKit/537.36 (KHTML, like Gecko) Chrome/39.0.2171.95 Safari/537.36"
10.17.215.5 - - [20/Dec/2017:15:48:22 +0800] "GET /cdc/a/websocket/info HTTP/1.1" 200 77 "http://202.202.202.41:9071/cdc/a/doctor/index" "Mozilla/5.0 (Windows NT 6.1; WOW64) AppleWebKit/537.36 (KHTML, like Gecko) Chrome/50.0.2661.94 Safari/537.36"
10.17.215.5 - - [20/Dec/2017:15:48:22 +0800] "POST /cdc/a/doctor/initSignNum HTTP/1.1" 200 108 "http://202.202.202.41:9071/cdc/a/doctor/index" "Mozilla/5.0 (Windows NT 6.1; WOW64) AppleWebKit/537.36 (KHTML, like Gecko) Chrome/50.0.2661.94 Safari/537.36"
10.17.215.5 - - [20/Dec/2017:15:48:22 +0800] "GET /cdc/a/websocket/459/7_b3gvgr/websocket HTTP/1.1" 400 34 "-" "Mozilla/5.0 (Windows NT 6.1; WOW64) AppleWebKit/537.36 (KHTML, like Gecko) Chrome/50.0.2661.94 Safari/537.36"
192.168.9.114 - - [20/Dec/2017:15:48:22 +0800] "POST /archive/api/archiveInfo HTTP/1.1" 200 114 "-" "Mozilla/4.0 (compatible; MSIE 6.0; Windows NT 5.1;SV1)"
192.168.9.114 - - [20/Dec/2017:15:48:22 +0800] "POST /archive/api/archiveInfo HTTP/1.1" 200 114 "-" "Mozilla/4.0 (compatible; MSIE 6.0; Windows NT 5.1;SV1)"
192.168.9.114 - - [20/Dec/2017:15:48:22 +0800] "POST /archive/api/archiveInfo HTTP/1.1" 200 114 "-" "Mozilla/4.0 (compatible; MSIE 6.0; Windows NT 5.1;SV1)"
192.168.9.114 - - [20/Dec/2017:15:48:22 +0800] "POST /archive/api/archiveInfo HTTP/1.1" 200 114 "-" "Mozilla/4.0 (compatible; MSIE 6.0; Windows NT 5.1;SV1)"
192.168.9.87 - - [20/Dec/2017:15:48:22 +0800] "POST /clinic/jky HTTP/1.1" 200 869 "-" "Mozilla/5.0 (Windows NT 6.1; WOW64) AppleWebKit/537.36 (KHTML, like Gecko) Chrome/39.0.2171.95 Safari/537.36"
192.168.9.87 - - [20/Dec/2017:15:48:22 +0800] "POST /clinic/jky HTTP/1.1" 200 901 "-" "Mozilla/5.0 (Windows NT 6.1; WOW64) AppleWebKit/537.36 (KHTML, like Gecko) Chrome/39.0.2171.95 Safari/537.36"
192.168.9.87 - - [20/Dec/2017:15:48:22 +0800] "POST /clinic/jky HTTP/1.1" 200 1250 "-" "Mozilla/5.0 (Windows NT 6.1; WOW64) AppleWebKit/537.36 (KHTML, like Gecko) Chrome/39.0.2171.95 Safari/537.36"
192.168.9.87 - - [20/Dec/2017:15:48:22 +0800] "POST /clinic/jky HTTP/1.1" 200 1123 "-" "Mozilla/5.0 (Windows NT 6.1; WOW64) AppleWebKit/537.36 (KHTML, like Gecko) Chrome/39.0.2171.95 Safari/537.36"
10.17.215.5 - - [20/Dec/2017:15:48:22 +0800] "GET /cdc/static/ueditor/1.4.3/third-party/zeroclipboard/ZeroClipboard.swf?noCache=1513756059192 HTTP/1.1" 200 3933 "http://202.202.202.41:9071/cdc/a/doctor/index" "Mozilla/5.0 (Windows NT 6.1; WOW64) AppleWebKit/537.36 (KHTML, like Gecko) Chrome/50.0.2661.94 Safari/537.36"
10.17.215.5 - - [20/Dec/2017:15:48:22 +0800] "POST /cdc/a/websocket/459/yn59o2iw/xhr_streaming HTTP/1.1" 200 2076 "http://202.202.202.41:9071/cdc/a/doctor/index" "Mozilla/5.0 (Windows NT 6.1; WOW64) AppleWebKit/537.36 (KHTML, like Gecko) Chrome/50.0.2661.94 Safari/537.36"
10.17.215.5 - - [20/Dec/2017:15:48:22 +0800] "POST /cdc/a/doctor/initSignForChronic HTTP/1.1" 200 133 "http://202.202.202.41:9071/cdc/a/doctor/index" "Mozilla/5.0 (Windows NT 6.1; WOW64) AppleWebKit/537.36 (KHTML, like Gecko) Chrome/50.0.2661.94 Safari/537.36"
10.17.212.5 - - [20/Dec/2017:15:48:22 +0800] "GET /cdc/a/sys/dicArea/query?level=3&pid=310100000000,310200000000&_=1513756489890 HTTP/1.1" 200 1508 "http://192.137.31.69:9071/cdc/a/doctor/archive/list" "Mozilla/4.0 (compatible; MSIE 8.0; Windows NT 5.1; Trident/4.0; InfoPath.2; .NET4.0C; .NET4.0E)"
10.17.215.5 - - [20/Dec/2017:15:48:22 +0800] "POST /cdc/a/websocket/459/e2z9jcqd/xhr HTTP/1.1" 200 25 "http://202.202.202.41:9071/cdc/a/doctor/index" "Mozilla/5.0 (Windows NT 6.1; WOW64) AppleWebKit/537.36 (KHTML, like Gecko) Chrome/50.0.2661.94 Safari/537.36"
10.17.212.5 - - [20/Dec/2017:15:48:23 +0800] "GET /cdc/a/doctor/archive/system?_=1513756489968 HTTP/1.1" 200 1146 "http://192.137.31.69:9071/cdc/a/doctor/archive/list" "Mozilla/4.0 (compatible; MSIE 8.0; Windows NT 5.1; Trident/4.0; InfoPath.2; .NET4.0C; .NET4.0E)"
192.168.9.114 - - [20/Dec/2017:15:48:23 +0800] "POST /archive/api/archiveInfo HTTP/1.1" 200 114 "-" "Mozilla/4.0 (compatible; MSIE 6.0; Windows NT 5.1;SV1)"
12.113.50.117 - - [20/Dec/2017:15:48:23 +0800] "POST /clinic/jky HTTP/1.1" 200 1196 "-" "Mozilla/5.0 (Windows NT 6.1; WOW64) AppleWebKit/537.36 (KHTML, like Gecko) Chrome/39.0.2171.95 Safari/537.36"
192.168.9.114 - - [20/Dec/2017:15:48:23 +0800] "POST /archive/api/archiveInfo HTTP/1.1" 200 114 "-" "Mozilla/4.0 (compatible; MSIE 6.0; Windows NT 5.1;SV1)"
192.168.9.87 - - [20/Dec/2017:15:48:23 +0800] "POST /clinic/jky HTTP/1.1" 200 858 "-" "Mozilla/5.0 (Windows NT 6.1; WOW64) AppleWebKit/537.36 (KHTML, like Gecko) Chrome/39.0.2171.95 Safari/537.36"
10.17.212.5 - - [20/Dec/2017:15:48:23 +0800] "GET /cdc/a/doctor/archive/doctors?hospid=42508128000&_=1513756490171 HTTP/1.1" 200 26717 "http://192.137.31.69:9071/cdc/a/doctor/archive/list" "Mozilla/4.0 (compatible; MSIE 8.0; Windows NT 5.1; Trident/4.0; InfoPath.2; .NET4.0C; .NET4.0E)"
192.168.9.114 - - [20/Dec/2017:15:48:23 +0800] "POST /archive/api/archiveInfo HTTP/1.1" 200 114 "-" "Mozilla/4.0 (compatible; MSIE 6.0; Windows NT 5.1;SV1)"
192.168.9.87 - - [20/Dec/2017:15:48:23 +0800] "POST /clinic/jky HTTP/1.1" 200 901 "-" "Mozilla/5.0 (Windows NT 6.1; WOW64) AppleWebKit/537.36 (KHTML, like Gecko) Chrome/39.0.2171.95 Safari/537.36"
10.17.215.5 - - [20/Dec/2017:15:48:23 +0800] "POST /cdc/a/doctor/initSignForSexAndAge HTTP/1.1" 200 302 "http://202.202.202.41:9071/cdc/a/doctor/index" "Mozilla/5.0 (Windows NT 6.1; WOW64) AppleWebKit/537.36 (KHTML, like Gecko) Chrome/50.0.2661.94 Safari/537.36"
10.17.212.5 - - [20/Dec/2017:15:48:23 +0800] "GET /cdc/a/websocket/info?t=1513756490343 HTTP/1.1" 200 78 "http://192.137.31.69:9071/cdc/a/doctor/archive/list" "Mozilla/4.0 (compatible; MSIE 8.0; Windows NT 5.1; Trident/4.0; InfoPath.2; .NET4.0C; .NET4.0E)"
10.17.212.5 - - [20/Dec/2017:15:48:23 +0800] "GET /cdc/a/websocket/iframe.html HTTP/1.1" 200 490 "http://192.137.31.69:9071/cdc/a/doctor/archive/list" "Mozilla/4.0 (compatible; MSIE 8.0; Windows NT 5.1; Trident/4.0; InfoPath.2; .NET4.0C; .NET4.0E)"
192.168.9.114 - - [20/Dec/2017:15:48:23 +0800] "POST /archive/api/get HTTP/1.1" 200 1687 "-" "Mozilla/4.0 (compatible; MSIE 6.0; Windows NT 5.1;SV1)"
192.168.9.114 - - [20/Dec/2017:15:48:23 +0800] "POST /archive/api/archiveInfo HTTP/1.1" 200 114 "-" "Mozilla/4.0 (compatible; MSIE 6.0; Windows NT 5.1;SV1)"
192.168.9.114 - - [20/Dec/2017:15:48:23 +0800] "POST /archive/api/archiveInfo HTTP/1.1" 200 114 "-" "Mozilla/4.0 (compatible; MSIE 6.0; Windows NT 5.1;SV1)"
192.168.9.87 - - [20/Dec/2017:15:48:23 +0800] "POST /clinic/jky HTTP/1.1" 200 901 "-" "Mozilla/5.0 (Windows NT 6.1; WOW64) AppleWebKit/537.36 (KHTML, like Gecko) Chrome/39.0.2171.95 Safari/537.36"
10.17.216.5 - - [20/Dec/2017:15:48:23 +0800] "GET /cdc/clinic/facade/workstation?interfaceKey=wOz8H2ak2FvMTaGZheTT3g&clinicid=57cd6a78971e4ac9b16b518e69ee7483&param=6cMP_f9CeuAODuzmLWG9PKed5wXdEzC9BPrcFnnDZqq6akcdsm0O4ziCdWxr7tbRKXARSnsKvSuuXsK3sAvmBs0eNxEymT0A& HTTP/1.1" 200 37652 "-" "Mozilla/4.0 (compatible; MSIE 7.0; Windows NT 5.1; Trident/4.0; InfoPath.2; .NET CLR 2.0.50727; .NET CLR 3.0.04506.648; .NET CLR 3.5.21022)"
10.17.216.5 - - [20/Dec/2017:15:48:23 +0800] "GET /cdc/static/miniui/vtype.js?0.5055452917500538 HTTP/1.1" 200 14359 "http://192.168.1.18:9071/cdc/clinic/facade/workstation?interfaceKey=wOz8H2ak2FvMTaGZheTT3g&clinicid=57cd6a78971e4ac9b16b518e69ee7483&param=6cMP_f9CeuAODuzmLWG9PKed5wXdEzC9BPrcFnnDZqq6akcdsm0O4ziCdWxr7tbRKXARSnsKvSuuXsK3sAvmBs0eNxEymT0A&" "Mozilla/4.0 (compatible; MSIE 7.0; Windows NT 5.1; Trident/4.0; InfoPath.2; .NET CLR 2.0.50727; .NET CLR 3.0.04506.648; .NET CLR 3.5.21022)"
10.17.216.5 - - [20/Dec/2017:15:48:23 +0800] "GET /cdc/static/common/search.js?0.9817680710213371 HTTP/1.1" 200 2170 "http://192.168.1.18:9071/cdc/clinic/facade/workstation?interfaceKey=wOz8H2ak2FvMTaGZheTT3g&clinicid=57cd6a78971e4ac9b16b518e69ee7483&param=6cMP_f9CeuAODuzmLWG9PKed5wXdEzC9BPrcFnnDZqq6akcdsm0O4ziCdWxr7tbRKXARSnsKvSuuXsK3sAvmBs0eNxEymT0A&" "Mozilla/4.0 (compatible; MSIE 7.0; Windows NT 5.1; Trident/4.0; InfoPath.2; .NET CLR 2.0.50727; .NET CLR 3.0.04506.648; .NET CLR 3.5.21022)"
10.17.216.5 - - [20/Dec/2017:15:48:23 +0800] "GET /cdc/static/miniui/form.js?0.5294756135545572 HTTP/1.1" 200 23716 "http://192.168.1.18:9071/cdc/clinic/facade/workstation?interfaceKey=wOz8H2ak2FvMTaGZheTT3g&clinicid=57cd6a78971e4ac9b16b518e69ee7483&param=6cMP_f9CeuAODuzmLWG9PKed5wXdEzC9BPrcFnnDZqq6akcdsm0O4ziCdWxr7tbRKXARSnsKvSuuXsK3sAvmBs0eNxEymT0A&" "Mozilla/4.0 (compatible; MSIE 7.0; Windows NT 5.1; Trident/4.0; InfoPath.2; .NET CLR 2.0.50727; .NET CLR 3.0.04506.648; .NET CLR 3.5.21022)"
10.17.216.5 - - [20/Dec/2017:15:48:23 +0800] "GET /cdc/static/main/wd_js/inputSkip.js?0.43056172364453993 HTTP/1.1" 200 21551 "http://192.168.1.18:9071/cdc/clinic/facade/workstation?interfaceKey=wOz8H2ak2FvMTaGZheTT3g&clinicid=57cd6a78971e4ac9b16b518e69ee7483&param=6cMP_f9CeuAODuzmLWG9PKed5wXdEzC9BPrcFnnDZqq6akcdsm0O4ziCdWxr7tbRKXARSnsKvSuuXsK3sAvmBs0eNxEymT0A&" "Mozilla/4.0 (compatible; MSIE 7.0; Windows NT 5.1; Trident/4.0; InfoPath.2; .NET CLR 2.0.50727; .NET CLR 3.0.04506.648; .NET CLR 3.5.21022)"
192.168.9.87 - - [20/Dec/2017:15:48:23 +0800] "POST /clinic/jky HTTP/1.1" 200 1887 "-" "Mozilla/5.0 (Windows NT 6.1; WOW64) AppleWebKit/537.36 (KHTML, like Gecko) Chrome/39.0.2171.95 Safari/537.36"
192.168.9.114 - - [20/Dec/2017:15:48:23 +0800] "POST /archive/api/archiveInfo HTTP/1.1" 200 114 "-" "Mozilla/4.0 (compatible; MSIE 6.0; Windows NT 5.1;SV1)"
10.17.215.5 - - [20/Dec/2017:15:48:23 +0800] "POST /cdc/a/doctor/intervene/anomalyDetection HTTP/1.1" 200 12 "http://202.202.202.41:9071/cdc/a/doctor/index" "Mozilla/5.0 (Windows NT 6.1; WOW64) AppleWebKit/537.36 (KHTML, like Gecko) Chrome/50.0.2661.94 Safari/537.36"
192.168.9.87 - - [20/Dec/2017:15:48:23 +0800] "POST /clinic/jky HTTP/1.1" 200 1207 "-" "Mozilla/5.0 (Windows NT 6.1; WOW64) AppleWebKit/537.36 (KHTML, like Gecko) Chrome/39.0.2171.95 Safari/537.36"
192.168.9.114 - - [20/Dec/2017:15:48:23 +0800] "POST /archive/api/archiveInfo HTTP/1.1" 200 114 "-" "Mozilla/4.0 (compatible; MSIE 6.0; Windows NT 5.1;SV1)"
10.17.221.3 - - [20/Dec/2017:15:48:23 +0800] "GET /cas/login?service=http://192.168.0.10:9071/cdc/a/cas/login HTTP/1.1" 200 6748 "-" "Mozilla/5.0 (Windows NT 6.1; WOW64) AppleWebKit/537.36 (KHTML, like Gecko) Chrome/41.0.2272.89 Safari/537.36"
192.168.9.114 - - [20/Dec/2017:15:48:23 +0800] "POST /archive/api/archiveInfo HTTP/1.1" 200 114 "-" "Mozilla/4.0 (compatible; MSIE 6.0; Windows NT 5.1;SV1)"
192.168.9.114 - - [20/Dec/2017:15:48:23 +0800] "POST /archive/api/archiveInfo HTTP/1.1" 200 114 "-" "Mozilla/4.0 (compatible; MSIE 6.0; Windows NT 5.1;SV1)"
192.168.9.87 - - [20/Dec/2017:15:48:23 +0800] "POST /clinic/jky HTTP/1.1" 200 1250 "-" "Mozilla/5.0 (Windows NT 6.1; WOW64) AppleWebKit/537.36 (KHTML, like Gecko) Chrome/39.0.2171.95 Safari/537.36"
192.168.9.87 - - [20/Dec/2017:15:48:23 +0800] "POST /clinic/jky HTTP/1.1" 200 869 "-" "Mozilla/5.0 (Windows NT 6.1; WOW64) AppleWebKit/537.36 (KHTML, like Gecko) Chrome/39.0.2171.95 Safari/537.36"
192.168.9.114 - - [20/Dec/2017:15:48:23 +0800] "POST /archive/api/archiveInfo HTTP/1.1" 200 114 "-" "Mozilla/4.0 (compatible; MSIE 6.0; Windows NT 5.1;SV1)"
192.168.9.87 - - [20/Dec/2017:15:48:23 +0800] "POST /clinic/jky HTTP/1.1" 200 890 "-" "Mozilla/5.0 (Windows NT 6.1; WOW64) AppleWebKit/537.36 (KHTML, like Gecko) Chrome/39.0.2171.95 Safari/537.36"
192.168.9.114 - - [20/Dec/2017:15:48:23 +0800] "POST /archive/api/archiveInfo HTTP/1.1" 200 114 "-" "Mozilla/4.0 (compatible; MSIE 6.0; Windows NT 5.1;SV1)"
10.17.216.5 - - [20/Dec/2017:15:48:23 +0800] "GET /cdc/sys/dicArea/query?level=1&interfaceKey=wOz8H2ak2Fu_GX_apTfvuA&_=1513756012437 HTTP/1.1" 200 3364 "http://192.168.1.18:9071/cdc/clinic/facade/workstation?interfaceKey=wOz8H2ak2FvMTaGZheTT3g&clinicid=57cd6a78971e4ac9b16b518e69ee7483&param=6cMP_f9CeuAODuzmLWG9PKed5wXdEzC9BPrcFnnDZqq6akcdsm0O4ziCdWxr7tbRKXARSnsKvSuuXsK3sAvmBs0eNxEymT0A&" "Mozilla/4.0 (compatible; MSIE 7.0; Windows NT 5.1; Trident/4.0; InfoPath.2; .NET CLR 2.0.50727; .NET CLR 3.0.04506.648; .NET CLR 3.5.21022)"
192.168.9.87 - - [20/Dec/2017:15:48:23 +0800] "POST /clinic/jky HTTP/1.1" 200 858 "-" "Mozilla/5.0 (Windows NT 6.1; WOW64) AppleWebKit/537.36 (KHTML, like Gecko) Chrome/39.0.2171.95 Safari/537.36"
192.168.9.87 - - [20/Dec/2017:15:48:23 +0800] "POST /clinic/jky HTTP/1.1" 200 1314 "-" "Mozilla/5.0 (Windows NT 6.1; WOW64) AppleWebKit/537.36 (KHTML, like Gecko) Chrome/39.0.2171.95 Safari/537.36"
10.17.216.5 - - [20/Dec/2017:15:48:23 +0800] "GET /cdc/sys/dicArea/query?level=2&pid=310000000000&interfaceKey=wOz8H2ak2Fvds5wZBFRfjA&_=1513756012468 HTTP/1.1" 200 184 "http://192.168.1.18:9071/cdc/clinic/facade/workstation?interfaceKey=wOz8H2ak2FvMTaGZheTT3g&clinicid=57cd6a78971e4ac9b16b518e69ee7483&param=6cMP_f9CeuAODuzmLWG9PKed5wXdEzC9BPrcFnnDZqq6akcdsm0O4ziCdWxr7tbRKXARSnsKvSuuXsK3sAvmBs0eNxEymT0A&" "Mozilla/4.0 (compatible; MSIE 7.0; Windows NT 5.1; Trident/4.0; InfoPath.2; .NET CLR 2.0.50727; .NET CLR 3.0.04506.648; .NET CLR 3.5.21022)"
10.17.216.5 - - [20/Dec/2017:15:48:24 +0800] "GET /cdc/sys/dicArea/query?level=3&pid=310100000000&interfaceKey=wOz8H2ak2Fvds5wZBFRfjA&_=1513756012500 HTTP/1.1" 200 1415 "http://192.168.1.18:9071/cdc/clinic/facade/workstation?interfaceKey=wOz8H2ak2FvMTaGZheTT3g&clinicid=57cd6a78971e4ac9b16b518e69ee7483&param=6cMP_f9CeuAODuzmLWG9PKed5wXdEzC9BPrcFnnDZqq6akcdsm0O4ziCdWxr7tbRKXARSnsKvSuuXsK3sAvmBs0eNxEymT0A&" "Mozilla/4.0 (compatible; MSIE 7.0; Windows NT 5.1; Trident/4.0; InfoPath.2; .NET CLR 2.0.50727; .NET CLR 3.0.04506.648; .NET CLR 3.5.21022)"
10.17.216.5 - - [20/Dec/2017:15:48:24 +0800] "GET /cdc/sys/dicArea/query?level=4&pid=310106000000&interfaceKey=wOz8H2ak2Fvds5wZBFRfjA&_=1513756012515 HTTP/1.1" 200 1532 "http://192.168.1.18:9071/cdc/clinic/facade/workstation?interfaceKey=wOz8H2ak2FvMTaGZheTT3g&clinicid=57cd6a78971e4ac9b16b518e69ee7483&param=6cMP_f9CeuAODuzmLWG9PKed5wXdEzC9BPrcFnnDZqq6akcdsm0O4ziCdWxr7tbRKXARSnsKvSuuXsK3sAvmBs0eNxEymT0A&" "Mozilla/4.0 (compatible; MSIE 7.0; Windows NT 5.1; Trident/4.0; InfoPath.2; .NET CLR 2.0.50727; .NET CLR 3.0.04506.648; .NET CLR 3.5.21022)"
192.168.9.114 - - [20/Dec/2017:15:48:24 +0800] "POST /archive/api/archiveInfo HTTP/1.1" 200 114 "-" "Mozilla/4.0 (compatible; MSIE 6.0; Windows NT 5.1;SV1)"
10.17.216.5 - - [20/Dec/2017:15:48:24 +0800] "GET /cdc/sys/dicArea/query?level=5&pid=310108001000&interfaceKey=wOz8H2ak2Fvds5wZBFRfjA&_=1513756012546 HTTP/1.1" 200 1360 "http://192.168.1.18:9071/cdc/clinic/facade/workstation?interfaceKey=wOz8H2ak2FvMTaGZheTT3g&clinicid=57cd6a78971e4ac9b16b518e69ee7483&param=6cMP_f9CeuAODuzmLWG9PKed5wXdEzC9BPrcFnnDZqq6akcdsm0O4ziCdWxr7tbRKXARSnsKvSuuXsK3sAvmBs0eNxEymT0A&" "Mozilla/4.0 (compatible; MSIE 7.0; Windows NT 5.1; Trident/4.0; InfoPath.2; .NET CLR 2.0.50727; .NET CLR 3.0.04506.648; .NET CLR 3.5.21022)"
10.17.216.5 - - [20/Dec/2017:15:48:24 +0800] "GET /cdc/sys/dicArea/query?level=1&interfaceKey=wOz8H2ak2Ft5vZ2t44hVFQ&_=1513756012593 HTTP/1.1" 200 3364 "http://192.168.1.18:9071/cdc/clinic/facade/workstation?interfaceKey=wOz8H2ak2FvMTaGZheTT3g&clinicid=57cd6a78971e4ac9b16b518e69ee7483&param=6cMP_f9CeuAODuzmLWG9PKed5wXdEzC9BPrcFnnDZqq6akcdsm0O4ziCdWxr7tbRKXARSnsKvSuuXsK3sAvmBs0eNxEymT0A&" "Mozilla/4.0 (compatible; MSIE 7.0; Windows NT 5.1; Trident/4.0; InfoPath.2; .NET CLR 2.0.50727; .NET CLR 3.0.04506.648; .NET CLR 3.5.21022)"
10.17.216.5 - - [20/Dec/2017:15:48:24 +0800] "GET /cdc/sys/dicArea/query?level=2&pid=310000000000&interfaceKey=wOz8H2ak2Ft5vZ2t44hVFQ&_=1513756012625 HTTP/1.1" 200 184 "http://192.168.1.18:9071/cdc/clinic/facade/workstation?interfaceKey=wOz8H2ak2FvMTaGZheTT3g&clinicid=57cd6a78971e4ac9b16b518e69ee7483&param=6cMP_f9CeuAODuzmLWG9PKed5wXdEzC9BPrcFnnDZqq6akcdsm0O4ziCdWxr7tbRKXARSnsKvSuuXsK3sAvmBs0eNxEymT0A&" "Mozilla/4.0 (compatible; MSIE 7.0; Windows NT 5.1; Trident/4.0; InfoPath.2; .NET CLR 2.0.50727; .NET CLR 3.0.04506.648; .NET CLR 3.5.21022)"
10.17.216.5 - - [20/Dec/2017:15:48:24 +0800] "GET /cdc/sys/dicArea/query?level=3&pid=310100000000&interfaceKey=wOz8H2ak2Fs0O6zZ2rA0wQ&_=1513756012640 HTTP/1.1" 200 1415 "http://192.168.1.18:9071/cdc/clinic/facade/workstation?interfaceKey=wOz8H2ak2FvMTaGZheTT3g&clinicid=57cd6a78971e4ac9b16b518e69ee7483&param=6cMP_f9CeuAODuzmLWG9PKed5wXdEzC9BPrcFnnDZqq6akcdsm0O4ziCdWxr7tbRKXARSnsKvSuuXsK3sAvmBs0eNxEymT0A&" "Mozilla/4.0 (compatible; MSIE 7.0; Windows NT 5.1; Trident/4.0; InfoPath.2; .NET CLR 2.0.50727; .NET CLR 3.0.04506.648; .NET CLR 3.5.21022)"
10.17.216.5 - - [20/Dec/2017:15:48:24 +0800] "GET /cdc/sys/dicArea/query?level=4&pid=310106000000&interfaceKey=wOz8H2ak2Fs0O6zZ2rA0wQ&_=1513756012671 HTTP/1.1" 200 1532 "http://192.168.1.18:9071/cdc/clinic/facade/workstation?interfaceKey=wOz8H2ak2FvMTaGZheTT3g&clinicid=57cd6a78971e4ac9b16b518e69ee7483&param=6cMP_f9CeuAODuzmLWG9PKed5wXdEzC9BPrcFnnDZqq6akcdsm0O4ziCdWxr7tbRKXARSnsKvSuuXsK3sAvmBs0eNxEymT0A&" "Mozilla/4.0 (compatible; MSIE 7.0; Windows NT 5.1; Trident/4.0; InfoPath.2; .NET CLR 2.0.50727; .NET CLR 3.0.04506.648; .NET CLR 3.5.21022)"
12.113.50.117 - - [20/Dec/2017:15:48:24 +0800] "POST /clinic/jky HTTP/1.1" 200 890 "-" "Mozilla/5.0 (Windows NT 6.1; WOW64) AppleWebKit/537.36 (KHTML, like Gecko) Chrome/39.0.2171.95 Safari/537.36"
192.168.9.114 - - [20/Dec/2017:15:48:24 +0800] "POST /archive/api/archiveInfo HTTP/1.1" 200 114 "-" "Mozilla/4.0 (compatible; MSIE 6.0; Windows NT 5.1;SV1)"
192.168.9.114 - - [20/Dec/2017:15:48:24 +0800] "POST /archive/api/archiveInfo HTTP/1.1" 200 114 "-" "Mozilla/4.0 (compatible; MSIE 6.0; Windows NT 5.1;SV1)"
192.168.9.87 - - [20/Dec/2017:15:48:24 +0800] "POST /clinic/jky HTTP/1.1" 200 869 "-" "Mozilla/5.0 (Windows NT 6.1; WOW64) AppleWebKit/537.36 (KHTML, like Gecko) Chrome/39.0.2171.95 Safari/537.36"
192.168.9.87 - - [20/Dec/2017:15:48:24 +0800] "POST /clinic/jky HTTP/1.1" 200 890 "-" "Mozilla/5.0 (Windows NT 6.1; WOW64) AppleWebKit/537.36 (KHTML, like Gecko) Chrome/39.0.2171.95 Safari/537.36"
192.168.9.114 - - [20/Dec/2017:15:48:24 +0800] "POST /archive/api/archiveInfo HTTP/1.1" 200 114 "-" "Mozilla/4.0 (compatible; MSIE 6.0; Windows NT 5.1;SV1)"
192.168.9.87 - - [20/Dec/2017:15:48:24 +0800] "POST /clinic/jky HTTP/1.1" 200 1271 "-" "Mozilla/5.0 (Windows NT 6.1; WOW64) AppleWebKit/537.36 (KHTML, like Gecko) Chrome/39.0.2171.95 Safari/537.36"
192.168.9.114 - - [20/Dec/2017:15:48:24 +0800] "POST /archive/api/archiveInfo HTTP/1.1" 200 114 "-" "Mozilla/4.0 (compatible; MSIE 6.0; Windows NT 5.1;SV1)"
192.168.9.114 - - [20/Dec/2017:15:48:24 +0800] "POST /archive/api/archiveInfo HTTP/1.1" 200 114 "-" "Mozilla/4.0 (compatible; MSIE 6.0; Windows NT 5.1;SV1)"
192.168.9.87 - - [20/Dec/2017:15:48:24 +0800] "POST /clinic/jky HTTP/1.1" 200 56 "-" "Mozilla/5.0 (Windows NT 6.1; WOW64) AppleWebKit/537.36 (KHTML, like Gecko) Chrome/39.0.2171.95 Safari/537.36"
192.168.9.114 - - [20/Dec/2017:15:48:24 +0800] "POST /archive/api/archiveInfo HTTP/1.1" 200 114 "-" "Mozilla/4.0 (compatible; MSIE 6.0; Windows NT 5.1;SV1)"
10.17.216.5 - - [20/Dec/2017:15:48:24 +0800] "GET /cdc/napoplexy/facade/apoFollow/getHosIn?interfaceKey=wOz8H2ak2FszkG6pDj5xsg&hospitalId=79569710300&_=1513756013125 HTTP/1.1" 200 398 "http://192.168.1.18:9071/cdc/clinic/facade/workstation?interfaceKey=wOz8H2ak2FvMTaGZheTT3g&clinicid=57cd6a78971e4ac9b16b518e69ee7483&param=6cMP_f9CeuAODuzmLWG9PKed5wXdEzC9BPrcFnnDZqq6akcdsm0O4ziCdWxr7tbRKXARSnsKvSuuXsK3sAvmBs0eNxEymT0A&" "Mozilla/4.0 (compatible; MSIE 7.0; Windows NT 5.1; Trident/4.0; InfoPath.2; .NET CLR 2.0.50727; .NET CLR 3.0.04506.648; .NET CLR 3.5.21022)"
192.168.9.87 - - [20/Dec/2017:15:48:24 +0800] "POST /clinic/jky HTTP/1.1" 200 1876 "-" "Mozilla/5.0 (Windows NT 6.1; WOW64) AppleWebKit/537.36 (KHTML, like Gecko) Chrome/39.0.2171.95 Safari/537.36"
192.168.9.87 - - [20/Dec/2017:15:48:24 +0800] "POST /clinic/jky HTTP/1.1" 200 1887 "-" "Mozilla/5.0 (Windows NT 6.1; WOW64) AppleWebKit/537.36 (KHTML, like Gecko) Chrome/39.0.2171.95 Safari/537.36"
12.113.50.117 - - [20/Dec/2017:15:48:24 +0800] "POST /clinic/jky HTTP/1.1" 200 2098 "-" "Mozilla/5.0 (Windows NT 6.1; WOW64) AppleWebKit/537.36 (KHTML, like Gecko) Chrome/39.0.2171.95 Safari/537.36"
10.17.216.5 - - [20/Dec/2017:15:48:24 +0800] "GET /cdc/napoplexy/facade/apoFollow/queryUser?interfaceKey=wOz8H2ak2FuKpXrdMcKl1w&hospitalId=79569710300&_=1513756013296 HTTP/1.1" 200 10811 "http://192.168.1.18:9071/cdc/clinic/facade/workstation?interfaceKey=wOz8H2ak2FvMTaGZheTT3g&clinicid=57cd6a78971e4ac9b16b518e69ee7483&param=6cMP_f9CeuAODuzmLWG9PKed5wXdEzC9BPrcFnnDZqq6akcdsm0O4ziCdWxr7tbRKXARSnsKvSuuXsK3sAvmBs0eNxEymT0A&" "Mozilla/4.0 (compatible; MSIE 7.0; Windows NT 5.1; Trident/4.0; InfoPath.2; .NET CLR 2.0.50727; .NET CLR 3.0.04506.648; .NET CLR 3.5.21022)"
10.17.212.5 - - [20/Dec/2017:15:48:24 +0800] "GET /cdc/a/websocket/iframe.html HTTP/1.1" 200 490 "http://192.137.31.69:9071/cdc/a/doctor/archive/list" "Mozilla/4.0 (compatible; MSIE 8.0; Windows NT 5.1; Trident/4.0; InfoPath.2; .NET4.0C; .NET4.0E)"
192.168.9.114 - - [20/Dec/2017:15:48:25 +0800] "POST /archive/api/archiveInfo HTTP/1.1" 200 114 "-" "Mozilla/4.0 (compatible; MSIE 6.0; Windows NT 5.1;SV1)"
192.168.9.87 - - [20/Dec/2017:15:48:25 +0800] "POST /clinic/jky HTTP/1.1" 200 901 "-" "Mozilla/5.0 (Windows NT 6.1; WOW64) AppleWebKit/537.36 (KHTML, like Gecko) Chrome/39.0.2171.95 Safari/537.36"
192.168.9.114 - - [20/Dec/2017:15:48:25 +0800] "POST /archive/api/archiveInfo HTTP/1.1" 200 114 "-" "Mozilla/4.0 (compatible; MSIE 6.0; Windows NT 5.1;SV1)"
192.168.9.114 - - [20/Dec/2017:15:48:25 +0800] "POST /archive/api/archiveInfo HTTP/1.1" 200 114 "-" "Mozilla/4.0 (compatible; MSIE 6.0; Windows NT 5.1;SV1)"
12.113.50.117 - - [20/Dec/2017:15:48:25 +0800] "POST /clinic/jky HTTP/1.1" 200 1409 "-" "Mozilla/5.0 (Windows NT 6.1; WOW64) AppleWebKit/537.36 (KHTML, like Gecko) Chrome/39.0.2171.95 Safari/537.36"
192.168.9.114 - - [20/Dec/2017:15:48:25 +0800] "POST /archive/api/archiveInfo HTTP/1.1" 200 114 "-" "Mozilla/4.0 (compatible; MSIE 6.0; Windows NT 5.1;SV1)"
192.168.9.114 - - [20/Dec/2017:15:48:25 +0800] "POST /archive/api/archiveInfo HTTP/1.1" 200 114 "-" "Mozilla/4.0 (compatible; MSIE 6.0; Windows NT 5.1;SV1)"
192.168.9.87 - - [20/Dec/2017:15:48:25 +0800] "POST /clinic/jky HTTP/1.1" 200 890 "-" "Mozilla/5.0 (Windows NT 6.1; WOW64) AppleWebKit/537.36 (KHTML, like Gecko) Chrome/39.0.2171.95 Safari/537.36"
192.168.9.87 - - [20/Dec/2017:15:48:25 +0800] "POST /clinic/jky HTTP/1.1" 200 1790 "-" "Mozilla/5.0 (Windows NT 6.1; WOW64) AppleWebKit/537.36 (KHTML, like Gecko) Chrome/39.0.2171.95 Safari/537.36"
12.113.50.117 - - [20/Dec/2017:15:48:25 +0800] "POST /clinic/jky HTTP/1.1" 200 901 "-" "Mozilla/5.0 (Windows NT 6.1; WOW64) AppleWebKit/537.36 (KHTML, like Gecko) Chrome/39.0.2171.95 Safari/537.36"
10.17.221.3 - - [20/Dec/2017:15:48:25 +0800] "POST /cas/login/publickey HTTP/1.1" 200 337 "http://192.168.0.10:9071/cas/login?service=http://192.168.0.10:9071/cdc/a/cas/login" "Mozilla/5.0 (Windows NT 6.1; WOW64) AppleWebKit/537.36 (KHTML, like Gecko) Chrome/41.0.2272.89 Safari/537.36"
192.168.9.114 - - [20/Dec/2017:15:48:25 +0800] "POST /archive/api/archiveInfo HTTP/1.1" 200 114 "-" "Mozilla/4.0 (compatible; MSIE 6.0; Windows NT 5.1;SV1)"
10.17.216.5 - - [20/Dec/2017:15:48:25 +0800] "GET /cdc/sys/dicArea/query?interfaceKey=wOz8H2ak2FswYWovSr5AiA&level=2&pid=310000000000&_=1513756013859 HTTP/1.1" 200 184 "http://192.168.1.18:9071/cdc/clinic/facade/workstation?interfaceKey=wOz8H2ak2FvMTaGZheTT3g&clinicid=57cd6a78971e4ac9b16b518e69ee7483&param=6cMP_f9CeuAODuzmLWG9PKed5wXdEzC9BPrcFnnDZqq6akcdsm0O4ziCdWxr7tbRKXARSnsKvSuuXsK3sAvmBs0eNxEymT0A&" "Mozilla/4.0 (compatible; MSIE 7.0; Windows NT 5.1; Trident/4.0; InfoPath.2; .NET CLR 2.0.50727; .NET CLR 3.0.04506.648; .NET CLR 3.5.21022)"
192.168.9.87 - - [20/Dec/2017:15:48:25 +0800] "POST /clinic/jky HTTP/1.1" 200 1314 "-" "Mozilla/5.0 (Windows NT 6.1; WOW64) AppleWebKit/537.36 (KHTML, like Gecko) Chrome/39.0.2171.95 Safari/537.36"
10.17.216.5 - - [20/Dec/2017:15:48:25 +0800] "GET /cdc/sys/dicArea/query?interfaceKey=wOz8H2ak2FswYWovSr5AiA&level=3&pid=310100000000&_=1513756013875 HTTP/1.1" 200 1415 "http://192.168.1.18:9071/cdc/clinic/facade/workstation?interfaceKey=wOz8H2ak2FvMTaGZheTT3g&clinicid=57cd6a78971e4ac9b16b518e69ee7483&param=6cMP_f9CeuAODuzmLWG9PKed5wXdEzC9BPrcFnnDZqq6akcdsm0O4ziCdWxr7tbRKXARSnsKvSuuXsK3sAvmBs0eNxEymT0A&" "Mozilla/4.0 (compatible; MSIE 7.0; Windows NT 5.1; Trident/4.0; InfoPath.2; .NET CLR 2.0.50727; .NET CLR 3.0.04506.648; .NET CLR 3.5.21022)"
10.17.216.5 - - [20/Dec/2017:15:48:25 +0800] "GET /cdc/sys/dicArea/query?interfaceKey=wOz8H2ak2FswYWovSr5AiA&level=4&pid=310106000000&_=1513756013906 HTTP/1.1" 200 1532 "http://192.168.1.18:9071/cdc/clinic/facade/workstation?interfaceKey=wOz8H2ak2FvMTaGZheTT3g&clinicid=57cd6a78971e4ac9b16b518e69ee7483&param=6cMP_f9CeuAODuzmLWG9PKed5wXdEzC9BPrcFnnDZqq6akcdsm0O4ziCdWxr7tbRKXARSnsKvSuuXsK3sAvmBs0eNxEymT0A&" "Mozilla/4.0 (compatible; MSIE 7.0; Windows NT 5.1; Trident/4.0; InfoPath.2; .NET CLR 2.0.50727; .NET CLR 3.0.04506.648; .NET CLR 3.5.21022)"
10.17.221.3 - - [20/Dec/2017:15:48:25 +0800] "POST /cas/login?service=http://192.168.0.10:9071/cdc/a/cas/login HTTP/1.1" 302 0 "http://192.168.0.10:9071/cas/login?service=http://192.168.0.10:9071/cdc/a/cas/login" "Mozilla/5.0 (Windows NT 6.1; WOW64) AppleWebKit/537.36 (KHTML, like Gecko) Chrome/41.0.2272.89 Safari/537.36"
10.17.216.5 - - [20/Dec/2017:15:48:25 +0800] "GET /cdc/sys/dicArea/query?interfaceKey=wOz8H2ak2FswYWovSr5AiA&level=5&pid=310108001000&_=1513756013921 HTTP/1.1" 200 1360 "http://192.168.1.18:9071/cdc/clinic/facade/workstation?interfaceKey=wOz8H2ak2FvMTaGZheTT3g&clinicid=57cd6a78971e4ac9b16b518e69ee7483&param=6cMP_f9CeuAODuzmLWG9PKed5wXdEzC9BPrcFnnDZqq6akcdsm0O4ziCdWxr7tbRKXARSnsKvSuuXsK3sAvmBs0eNxEymT0A&" "Mozilla/4.0 (compatible; MSIE 7.0; Windows NT 5.1; Trident/4.0; InfoPath.2; .NET CLR 2.0.50727; .NET CLR 3.0.04506.648; .NET CLR 3.5.21022)"
192.168.9.114 - - [20/Dec/2017:15:48:25 +0800] "GET /cas/serviceValidate?ticket=ST-24758-Hr3FdfMaLNc7umJtRQdJ-wdjky&service=http%3A%2F%2F192.168.0.10%3A9071%2Fcdc%2Fa%2Fcas%2Flogin HTTP/1.1" 200 466 "-" "okhttp/3.9.1"
10.17.216.5 - - [20/Dec/2017:15:48:25 +0800] "GET /cdc/sys/dicArea/query?interfaceKey=wOz8H2ak2Fs0O6zZ2rA0wQ&level=2&pid=310000000000&_=1513756013953 HTTP/1.1" 200 184 "http://192.168.1.18:9071/cdc/clinic/facade/workstation?interfaceKey=wOz8H2ak2FvMTaGZheTT3g&clinicid=57cd6a78971e4ac9b16b518e69ee7483&param=6cMP_f9CeuAODuzmLWG9PKed5wXdEzC9BPrcFnnDZqq6akcdsm0O4ziCdWxr7tbRKXARSnsKvSuuXsK3sAvmBs0eNxEymT0A&" "Mozilla/4.0 (compatible; MSIE 7.0; Windows NT 5.1; Trident/4.0; InfoPath.2; .NET CLR 2.0.50727; .NET CLR 3.0.04506.648; .NET CLR 3.5.21022)"
10.17.216.5 - - [20/Dec/2017:15:48:25 +0800] "GET /cdc/sys/dicArea/query?interfaceKey=wOz8H2ak2Fs0O6zZ2rA0wQ&level=3&pid=310100000000&_=1513756013968 HTTP/1.1" 200 1415 "http://192.168.1.18:9071/cdc/clinic/facade/workstation?interfaceKey=wOz8H2ak2FvMTaGZheTT3g&clinicid=57cd6a78971e4ac9b16b518e69ee7483&param=6cMP_f9CeuAODuzmLWG9PKed5wXdEzC9BPrcFnnDZqq6akcdsm0O4ziCdWxr7tbRKXARSnsKvSuuXsK3sAvmBs0eNxEymT0A&" "Mozilla/4.0 (compatible; MSIE 7.0; Windows NT 5.1; Trident/4.0; InfoPath.2; .NET CLR 2.0.50727; .NET CLR 3.0.04506.648; .NET CLR 3.5.21022)"
10.17.221.3 - - [20/Dec/2017:15:48:25 +0800] "GET /cdc/a/cas/login?ticket=ST-24758-Hr3FdfMaLNc7umJtRQdJ-wdjky HTTP/1.1" 302 0 "http://192.168.0.10:9071/cas/login?service=http://192.168.0.10:9071/cdc/a/cas/login" "Mozilla/5.0 (Windows NT 6.1; WOW64) AppleWebKit/537.36 (KHTML, like Gecko) Chrome/41.0.2272.89 Safari/537.36"
10.17.216.5 - - [20/Dec/2017:15:48:25 +0800] "GET /cdc/sys/dicArea/query?interfaceKey=wOz8H2ak2FunT6sjL5h-Nw&level=4&pid=310106000000&_=1513756013984 HTTP/1.1" 200 1532 "http://192.168.1.18:9071/cdc/clinic/facade/workstation?interfaceKey=wOz8H2ak2FvMTaGZheTT3g&clinicid=57cd6a78971e4ac9b16b518e69ee7483&param=6cMP_f9CeuAODuzmLWG9PKed5wXdEzC9BPrcFnnDZqq6akcdsm0O4ziCdWxr7tbRKXARSnsKvSuuXsK3sAvmBs0eNxEymT0A&" "Mozilla/4.0 (compatible; MSIE 7.0; Windows NT 5.1; Trident/4.0; InfoPath.2; .NET CLR 2.0.50727; .NET CLR 3.0.04506.648; .NET CLR 3.5.21022)"
192.168.9.114 - - [20/Dec/2017:15:48:25 +0800] "POST /archive/api/archiveInfo HTTP/1.1" 200 114 "-" "Mozilla/4.0 (compatible; MSIE 6.0; Windows NT 5.1;SV1)"
192.168.9.87 - - [20/Dec/2017:15:48:25 +0800] "POST /clinic/jky HTTP/1.1" 200 1876 "-" "Mozilla/5.0 (Windows NT 6.1; WOW64) AppleWebKit/537.36 (KHTML, like Gecko) Chrome/39.0.2171.95 Safari/537.36"
10.17.221.3 - - [20/Dec/2017:15:48:25 +0800] "GET /cdc/a/select;JSESSIONID=0df5cee9748b4f1082d581aafe679661 HTTP/1.1" 200 3388 "http://192.168.0.10:9071/cas/login?service=http://192.168.0.10:9071/cdc/a/cas/login" "Mozilla/5.0 (Windows NT 6.1; WOW64) AppleWebKit/537.36 (KHTML, like Gecko) Chrome/41.0.2272.89 Safari/537.36"
12.113.94.11 - - [20/Dec/2017:15:48:25 +0800] "POST /cdc/a/doctor/archive/data HTTP/1.1" 200 6751 "http://10.17.157.63:9071/cdc/a/doctor/archive/list?kp=eyJjcmVhdGVSZWNvcmRPcmciOiIiLCJjcmVhdGVSZWNvcmREYXRlRnJvbSI6IiIsImNyZWF0ZVJlY29yZERhdGVFbmQiOiIiLCJjcmVhdGVSZWNvcmREb2NJZCI6IiIsInJlY29yZFN0YXR1cyI6IiIsInNpZ25TdGF0dXMiOiIiLCJpc1RocmVlU2lnbiI6IiIsImFkZHJlc3NDb3VudHkiOiIiLCJhZGRyZXNzVG93biI6IiIsImFkZHJlc3NDb21taXR0ZWUiOiIiLCJnZW5kZXIiOiIiLCJhZ2VGcm9tIjoiMCIsImFnZUVuZCI6IjEyMCIsImlzRGVhdGgiOiIiLCJpc0Rpc2FiaWxpdHkiOiIiLCJtYW5hZ2VyT3JnIjoiIiwiY3JlYXRlUmVjb3JkU3lzdGVtIjoiIiwicGVvcGxlVHlwZSI6IiIsImtleXdvcmQiOiLmnLHlrrbpup8iLCJwYWdlU2l6ZSI6MTAsInBhZ2VJbmRleCI6MCwic29ydEZpZWxkIjoiIiwic29ydE9yZGVyIjoiIn0=" "Mozilla/5.0 (Windows NT 6.1; WOW64) AppleWebKit/537.36 (KHTML, like Gecko) Chrome/55.0.2883.75 Safari/537.36"
10.17.216.5 - - [20/Dec/2017:15:48:25 +0800] "POST /cdc/napoplexy/facade/apoFollow/getSjys?interfaceKey=wOz8H2ak2Fv3rq5B1kdAMQ HTTP/1.1" 200 897 "http://192.168.1.18:9071/cdc/clinic/facade/workstation?interfaceKey=wOz8H2ak2FvMTaGZheTT3g&clinicid=57cd6a78971e4ac9b16b518e69ee7483&param=6cMP_f9CeuAODuzmLWG9PKed5wXdEzC9BPrcFnnDZqq6akcdsm0O4ziCdWxr7tbRKXARSnsKvSuuXsK3sAvmBs0eNxEymT0A&" "Mozilla/4.0 (compatible; MSIE 7.0; Windows NT 5.1; Trident/4.0; InfoPath.2; .NET CLR 2.0.50727; .NET CLR 3.0.04506.648; .NET CLR 3.5.21022)"
192.168.9.114 - - [20/Dec/2017:15:48:25 +0800] "POST /archive/api/archiveInfo HTTP/1.1" 200 114 "-" "Mozilla/4.0 (compatible; MSIE 6.0; Windows NT 5.1;SV1)"
192.168.9.87 - - [20/Dec/2017:15:48:25 +0800] "POST /clinic/jky HTTP/1.1" 200 1887 "-" "Mozilla/5.0 (Windows NT 6.1; WOW64) AppleWebKit/537.36 (KHTML, like Gecko) Chrome/39.0.2171.95 Safari/537.36"
10.17.215.5 - - [20/Dec/2017:15:48:25 +0800] "GET /diagnose/community/condition/info HTTP/1.1" 200 5047 "http://202.202.202.41:9071/diagnose/community/resource/info" "Mozilla/5.0 (Windows NT 5.2) AppleWebKit/537.11 (KHTML, like Gecko) Chrome/23.0.1271.95 Safari/537.11"
10.17.215.5 - - [20/Dec/2017:15:48:25 +0800] "POST /diagnose/community/condition/loadData HTTP/1.1" 200 31 "http://202.202.202.41:9071/diagnose/community/condition/info" "Mozilla/5.0 (Windows NT 5.2) AppleWebKit/537.11 (KHTML, like Gecko) Chrome/23.0.1271.95 Safari/537.11"
192.168.9.114 - - [20/Dec/2017:15:48:26 +0800] "POST /archive/api/archiveInfo HTTP/1.1" 200 114 "-" "Mozilla/4.0 (compatible; MSIE 6.0; Windows NT 5.1;SV1)"
192.168.9.87 - - [20/Dec/2017:15:48:26 +0800] "POST /clinic/jky HTTP/1.1" 200 1259 "-" "Mozilla/5.0 (Windows NT 6.1; WOW64) AppleWebKit/537.36 (KHTML, like Gecko) Chrome/39.0.2171.95 Safari/537.36"
192.168.9.114 - - [20/Dec/2017:15:48:26 +0800] "POST /archive/api/archiveInfo HTTP/1.1" 200 114 "-" "Mozilla/4.0 (compatible; MSIE 6.0; Windows NT 5.1;SV1)"
10.17.216.5 - - [20/Dec/2017:15:48:26 +0800] "POST /cdc/napoplexy/facade/apoRegcase/search?interfaceKey=wOz8H2ak2FsZLMit4zhHrQ HTTP/1.1" 200 37 "http://192.168.1.18:9071/cdc/clinic/facade/workstation?interfaceKey=wOz8H2ak2FvMTaGZheTT3g&clinicid=57cd6a78971e4ac9b16b518e69ee7483&param=6cMP_f9CeuAODuzmLWG9PKed5wXdEzC9BPrcFnnDZqq6akcdsm0O4ziCdWxr7tbRKXARSnsKvSuuXsK3sAvmBs0eNxEymT0A&" "Mozilla/4.0 (compatible; MSIE 7.0; Windows NT 5.1; Trident/4.0; InfoPath.2; .NET CLR 2.0.50727; .NET CLR 3.0.04506.648; .NET CLR 3.5.21022)"
192.168.9.114 - - [20/Dec/2017:15:48:26 +0800] "POST /archive/api/archiveInfo HTTP/1.1" 200 114 "-" "Mozilla/4.0 (compatible; MSIE 6.0; Windows NT 5.1;SV1)"
192.168.9.87 - - [20/Dec/2017:15:48:26 +0800] "POST /clinic/jky HTTP/1.1" 200 1887 "-" "Mozilla/5.0 (Windows NT 6.1; WOW64) AppleWebKit/537.36 (KHTML, like Gecko) Chrome/39.0.2171.95 Safari/537.36"
192.168.9.114 - - [20/Dec/2017:15:48:26 +0800] "POST /archive/api/archiveInfo HTTP/1.1" 200 114 "-" "Mozilla/4.0 (compatible; MSIE 6.0; Windows NT 5.1;SV1)"
12.113.50.117 - - [20/Dec/2017:15:48:26 +0800] "POST /clinic/jky HTTP/1.1" 200 1271 "-" "Mozilla/5.0 (Windows NT 6.1; WOW64) AppleWebKit/537.36 (KHTML, like Gecko) Chrome/39.0.2171.95 Safari/537.36"
192.168.9.114 - - [20/Dec/2017:15:48:26 +0800] "POST /archive/api/archiveInfo HTTP/1.1" 200 114 "-" "Mozilla/4.0 (compatible; MSIE 6.0; Windows NT 5.1;SV1)"
10.17.221.3 - - [20/Dec/2017:15:48:26 +0800] "GET /cdc/a/doctor/index?login=true HTTP/1.1" 200 12384 "http://192.168.0.10:9071/cdc/a/select;JSESSIONID=0df5cee9748b4f1082d581aafe679661" "Mozilla/5.0 (Windows NT 6.1; WOW64) AppleWebKit/537.36 (KHTML, like Gecko) Chrome/41.0.2272.89 Safari/537.36"
10.17.221.3 - - [20/Dec/2017:15:48:26 +0800] "GET /cdc/static/miniui/vtype.js?0.016252239229112786 HTTP/1.1" 200 14359 "http://192.168.0.10:9071/cdc/a/doctor/index?login=true" "Mozilla/5.0 (Windows NT 6.1; WOW64) AppleWebKit/537.36 (KHTML, like Gecko) Chrome/41.0.2272.89 Safari/537.36"
10.17.221.3 - - [20/Dec/2017:15:48:26 +0800] "GET /cdc/static/common/search.js?0.6712314020129826 HTTP/1.1" 200 2170 "http://192.168.0.10:9071/cdc/a/doctor/index?login=true" "Mozilla/5.0 (Windows NT 6.1; WOW64) AppleWebKit/537.36 (KHTML, like Gecko) Chrome/41.0.2272.89 Safari/537.36"
10.17.221.3 - - [20/Dec/2017:15:48:26 +0800] "GET /cdc/static/main/wd_js/inputSkip.js?0.299553854785345 HTTP/1.1" 200 21551 "http://192.168.0.10:9071/cdc/a/doctor/index?login=true" "Mozilla/5.0 (Windows NT 6.1; WOW64) AppleWebKit/537.36 (KHTML, like Gecko) Chrome/41.0.2272.89 Safari/537.36"
10.17.221.3 - - [20/Dec/2017:15:48:26 +0800] "GET /cdc/static/miniui/form.js?0.9049378129279659 HTTP/1.1" 200 23716 "http://192.168.0.10:9071/cdc/a/doctor/index?login=true" "Mozilla/5.0 (Windows NT 6.1; WOW64) AppleWebKit/537.36 (KHTML, like Gecko) Chrome/41.0.2272.89 Safari/537.36"
192.168.9.87 - - [20/Dec/2017:15:48:26 +0800] "POST /clinic/jky HTTP/1.1" 200 1250 "-" "Mozilla/5.0 (Windows NT 6.1; WOW64) AppleWebKit/537.36 (KHTML, like Gecko) Chrome/39.0.2171.95 Safari/537.36"
198.168.9.100 - - [20/Dec/2017:15:48:26 +0800] "POST /archive/api/archiveInfo HTTP/1.1" 200 114 "-" "Mozilla/4.0 (compatible; MSIE 6.0; Windows NT 5.1;SV1)"
192.168.9.114 - - [20/Dec/2017:15:48:26 +0800] "POST /archive/api/archiveInfo HTTP/1.1" 200 114 "-" "Mozilla/4.0 (compatible; MSIE 6.0; Windows NT 5.1;SV1)"
198.168.9.100 - - [20/Dec/2017:15:48:27 +0800] "POST /archive/api/get HTTP/1.1" 200 2175 "-" "Mozilla/4.0 (compatible; MSIE 6.0; Windows NT 5.1;SV1)"
12.113.50.117 - - [20/Dec/2017:15:48:27 +0800] "POST /clinic/jky HTTP/1.1" 200 901 "-" "Mozilla/5.0 (Windows NT 6.1; WOW64) AppleWebKit/537.36 (KHTML, like Gecko) Chrome/39.0.2171.95 Safari/537.36"
192.168.9.114 - - [20/Dec/2017:15:48:27 +0800] "POST /archive/api/archiveInfo HTTP/1.1" 200 114 "-" "Mozilla/4.0 (compatible; MSIE 6.0; Windows NT 5.1;SV1)"
192.168.9.87 - - [20/Dec/2017:15:48:27 +0800] "POST /clinic/jky HTTP/1.1" 200 1123 "-" "Mozilla/5.0 (Windows NT 6.1; WOW64) AppleWebKit/537.36 (KHTML, like Gecko) Chrome/39.0.2171.95 Safari/537.36"
192.168.9.114 - - [20/Dec/2017:15:48:27 +0800] "POST /archive/api/archiveInfo HTTP/1.1" 200 114 "-" "Mozilla/4.0 (compatible; MSIE 6.0; Windows NT 5.1;SV1)"
192.168.9.87 - - [20/Dec/2017:15:48:27 +0800] "POST /clinic/jky HTTP/1.1" 200 1153 "-" "Mozilla/5.0 (Windows NT 6.1; WOW64) AppleWebKit/537.36 (KHTML, like Gecko) Chrome/39.0.2171.95 Safari/537.36"
192.168.9.114 - - [20/Dec/2017:15:48:27 +0800] "POST /archive/api/archiveInfo HTTP/1.1" 200 114 "-" "Mozilla/4.0 (compatible; MSIE 6.0; Windows NT 5.1;SV1)"
12.113.50.117 - - [20/Dec/2017:15:48:27 +0800] "POST /clinic/jky HTTP/1.1" 200 1112 "-" "Mozilla/5.0 (Windows NT 6.1; WOW64) AppleWebKit/537.36 (KHTML, like Gecko) Chrome/39.0.2171.95 Safari/537.36"
192.168.9.114 - - [20/Dec/2017:15:48:27 +0800] "POST /archive/api/archiveInfo HTTP/1.1" 200 114 "-" "Mozilla/4.0 (compatible; MSIE 6.0; Windows NT 5.1;SV1)"
192.168.9.87 - - [20/Dec/2017:15:48:27 +0800] "POST /clinic/jky HTTP/1.1" 200 879 "-" "Mozilla/5.0 (Windows NT 6.1; WOW64) AppleWebKit/537.36 (KHTML, like Gecko) Chrome/39.0.2171.95 Safari/537.36"
