10.17.212.5 - - [20/Dec/2017:15:47:38 +0800] "POST /cdc/a/websocket/937/x3cta7o0/xhr HTTP/1.1" 200 25 "http://192.137.31.69:9071/cdc/a/doctor/index" "Mozilla/5.0 (Windows NT 6.1; WOW64) AppleWebKit/537.36 (KHTML, like Gecko) Chrome/59.0.3071.115 Safari/537.36"
192.168.9.114 - - [20/Dec/2017:15:47:38 +0800] "POST /archive/api/archiveInfo HTTP/1.1" 200 114 "-" "Mozilla/4.0 (compatible; MSIE 6.0; Windows NT 5.1;SV1)"
192.168.9.114 - - [20/Dec/2017:15:47:38 +0800] "POST /archive/api/archiveInfo HTTP/1.1" 200 114 "-" "Mozilla/4.0 (compatible; MSIE 6.0; Windows NT 5.1;SV1)"
12.113.50.117 - - [20/Dec/2017:15:47:38 +0800] "POST /clinic/jky HTTP/1.1" 200 1811 "-" "Mozilla/5.0 (Windows NT 6.1; WOW64) AppleWebKit/537.36 (KHTML, like Gecko) Chrome/39.0.2171.95 Safari/537.36"
12.113.50.117 - - [20/Dec/2017:15:47:38 +0800] "POST /clinic/jky HTTP/1.1" 200 901 "-" "Mozilla/5.0 (Windows NT 6.1; WOW64) AppleWebKit/537.36 (KHTML, like Gecko) Chrome/39.0.2171.95 Safari/537.36"
192.168.9.114 - - [20/Dec/2017:15:47:38 +0800] "POST /archive/api/archiveInfo HTTP/1.1" 200 114 "-" "Mozilla/4.0 (compatible; MSIE 6.0; Windows NT 5.1;SV1)"
192.168.9.114 - - [20/Dec/2017:15:47:38 +0800] "POST /archive/api/archiveInfo HTTP/1.1" 200 114 "-" "Mozilla/4.0 (compatible; MSIE 6.0; Windows NT 5.1;SV1)"
192.168.9.87 - - [20/Dec/2017:15:47:38 +0800] "POST /clinic/jky HTTP/1.1" 200 56 "-" "Mozilla/5.0 (Windows NT 6.1; WOW64) AppleWebKit/537.36 (KHTML, like Gecko) Chrome/39.0.2171.95 Safari/537.36"
192.168.9.87 - - [20/Dec/2017:15:47:38 +0800] "POST /clinic/jky HTTP/1.1" 200 901 "-" "Mozilla/5.0 (Windows NT 6.1; WOW64) AppleWebKit/537.36 (KHTML, like Gecko) Chrome/39.0.2171.95 Safari/537.36"
192.168.9.114 - - [20/Dec/2017:15:47:38 +0800] "POST /archive/api/archiveInfo HTTP/1.1" 200 114 "-" "Mozilla/4.0 (compatible; MSIE 6.0; Windows NT 5.1;SV1)"
192.168.9.87 - - [20/Dec/2017:15:47:38 +0800] "POST /clinic/jky HTTP/1.1" 200 1876 "-" "Mozilla/5.0 (Windows NT 6.1; WOW64) AppleWebKit/537.36 (KHTML, like Gecko) Chrome/39.0.2171.95 Safari/537.36"
12.113.50.117 - - [20/Dec/2017:15:47:38 +0800] "POST /clinic/jky HTTP/1.1" 200 901 "-" "Mozilla/5.0 (Windows NT 6.1; WOW64) AppleWebKit/537.36 (KHTML, like Gecko) Chrome/39.0.2171.95 Safari/537.36"
192.168.9.114 - - [20/Dec/2017:15:47:38 +0800] "POST /archive/api/archiveInfo HTTP/1.1" 200 114 "-" "Mozilla/4.0 (compatible; MSIE 6.0; Windows NT 5.1;SV1)"
192.168.9.114 - - [20/Dec/2017:15:47:38 +0800] "POST /archive/api/archiveInfo HTTP/1.1" 200 114 "-" "Mozilla/4.0 (compatible; MSIE 6.0; Windows NT 5.1;SV1)"
10.17.212.5 - - [20/Dec/2017:15:47:38 +0800] "POST /cdc/a/doctor/archive/data HTTP/1.1" 200 891 "http://192.137.31.69:9071/cdc/a/doctor/archive/list" "Mozilla/4.0 (compatible; MSIE 8.0; Windows NT 5.1; Trident/4.0; InfoPath.2; .NET4.0C; .NET4.0E)"
10.17.212.5 - - [20/Dec/2017:15:47:38 +0800] "GET /cdc/a/doctor/archive/system?_=1513756445687 HTTP/1.1" 200 1146 "http://192.137.31.69:9071/cdc/a/doctor/archive/list" "Mozilla/4.0 (compatible; MSIE 8.0; Windows NT 5.1; Trident/4.0; InfoPath.2; .NET4.0C; .NET4.0E)"
12.113.50.117 - - [20/Dec/2017:15:47:38 +0800] "POST /clinic/jky HTTP/1.1" 200 1185 "-" "Mozilla/5.0 (Windows NT 6.1; WOW64) AppleWebKit/537.36 (KHTML, like Gecko) Chrome/39.0.2171.95 Safari/537.36"
192.168.9.114 - - [20/Dec/2017:15:47:38 +0800] "POST /archive/api/archiveInfo HTTP/1.1" 200 114 "-" "Mozilla/4.0 (compatible; MSIE 6.0; Windows NT 5.1;SV1)"
10.17.212.5 - - [20/Dec/2017:15:47:38 +0800] "POST /cdc/a/doctor/initSignForChronic HTTP/1.1" 200 134 "http://192.137.31.69:9071/cdc/a/doctor/index" "Mozilla/5.0 (Windows NT 6.1; WOW64) AppleWebKit/537.36 (KHTML, like Gecko) Chrome/59.0.3071.115 Safari/537.36"
12.113.50.117 - - [20/Dec/2017:15:47:38 +0800] "POST /clinic/jky HTTP/1.1" 200 901 "-" "Mozilla/5.0 (Windows NT 6.1; WOW64) AppleWebKit/537.36 (KHTML, like Gecko) Chrome/39.0.2171.95 Safari/537.36"
12.113.50.117 - - [20/Dec/2017:15:47:38 +0800] "POST /clinic/jky HTTP/1.1" 200 901 "-" "Mozilla/5.0 (Windows NT 6.1; WOW64) AppleWebKit/537.36 (KHTML, like Gecko) Chrome/39.0.2171.95 Safari/537.36"
192.168.9.114 - - [20/Dec/2017:15:47:38 +0800] "POST /archive/api/archiveInfo HTTP/1.1" 200 114 "-" "Mozilla/4.0 (compatible; MSIE 6.0; Windows NT 5.1;SV1)"
12.113.50.117 - - [20/Dec/2017:15:47:38 +0800] "POST /clinic/jky HTTP/1.1" 200 1314 "-" "Mozilla/5.0 (Windows NT 6.1; WOW64) AppleWebKit/537.36 (KHTML, like Gecko) Chrome/39.0.2171.95 Safari/537.36"
192.168.9.114 - - [20/Dec/2017:15:47:39 +0800] "POST /archive/api/archiveInfo HTTP/1.1" 200 114 "-" "Mozilla/4.0 (compatible; MSIE 6.0; Windows NT 5.1;SV1)"
192.168.9.87 - - [20/Dec/2017:15:47:39 +0800] "POST /clinic/jky HTTP/1.1" 200 890 "-" "Mozilla/5.0 (Windows NT 6.1; WOW64) AppleWebKit/537.36 (KHTML, like Gecko) Chrome/39.0.2171.95 Safari/537.36"
192.168.9.114 - - [20/Dec/2017:15:47:39 +0800] "POST /archive/api/archiveInfo HTTP/1.1" 200 114 "-" "Mozilla/4.0 (compatible; MSIE 6.0; Windows NT 5.1;SV1)"
192.168.9.87 - - [20/Dec/2017:15:47:39 +0800] "POST /clinic/jky HTTP/1.1" 200 1250 "-" "Mozilla/5.0 (Windows NT 6.1; WOW64) AppleWebKit/537.36 (KHTML, like Gecko) Chrome/39.0.2171.95 Safari/537.36"
10.17.212.5 - - [20/Dec/2017:15:47:39 +0800] "POST /cdc/a/doctor/archive/data HTTP/1.1" 200 3940 "http://192.137.31.69:9071/cdc/a/doctor/archive/list" "Mozilla/4.0 (compatible; MSIE 8.0; Windows NT 5.1; Trident/4.0; InfoPath.2; .NET4.0C; .NET4.0E)"
192.168.9.114 - - [20/Dec/2017:15:47:39 +0800] "POST /archive/api/archiveInfo HTTP/1.1" 200 114 "-" "Mozilla/4.0 (compatible; MSIE 6.0; Windows NT 5.1;SV1)"
192.168.9.87 - - [20/Dec/2017:15:47:39 +0800] "POST /clinic/jky HTTP/1.1" 200 858 "-" "Mozilla/5.0 (Windows NT 6.1; WOW64) AppleWebKit/537.36 (KHTML, like Gecko) Chrome/39.0.2171.95 Safari/537.36"
192.168.9.114 - - [20/Dec/2017:15:47:39 +0800] "POST /archive/api/archiveInfo HTTP/1.1" 200 114 "-" "Mozilla/4.0 (compatible; MSIE 6.0; Windows NT 5.1;SV1)"
12.113.50.117 - - [20/Dec/2017:15:47:39 +0800] "POST /clinic/jky HTTP/1.1" 200 1887 "-" "Mozilla/5.0 (Windows NT 6.1; WOW64) AppleWebKit/537.36 (KHTML, like Gecko) Chrome/39.0.2171.95 Safari/537.36"
10.17.212.5 - - [20/Dec/2017:15:47:39 +0800] "POST /cdc/a/doctor/initSignNum HTTP/1.1" 200 115 "http://192.137.31.69:9071/cdc/a/doctor/index" "Mozilla/5.0 (Windows NT 6.1; WOW64) AppleWebKit/537.36 (KHTML, like Gecko) Chrome/59.0.3071.115 Safari/537.36"
192.168.9.114 - - [20/Dec/2017:15:47:39 +0800] "POST /archive/api/archiveInfo HTTP/1.1" 200 114 "-" "Mozilla/4.0 (compatible; MSIE 6.0; Windows NT 5.1;SV1)"
192.168.9.87 - - [20/Dec/2017:15:47:40 +0800] "POST /clinic/jky HTTP/1.1" 200 901 "-" "Mozilla/5.0 (Windows NT 6.1; WOW64) AppleWebKit/537.36 (KHTML, like Gecko) Chrome/39.0.2171.95 Safari/537.36"
192.168.9.114 - - [20/Dec/2017:15:47:40 +0800] "POST /archive/api/archiveInfo HTTP/1.1" 200 114 "-" "Mozilla/4.0 (compatible; MSIE 6.0; Windows NT 5.1;SV1)"
12.113.50.117 - - [20/Dec/2017:15:47:40 +0800] "POST /clinic/jky HTTP/1.1" 200 1887 "-" "Mozilla/5.0 (Windows NT 6.1; WOW64) AppleWebKit/537.36 (KHTML, like Gecko) Chrome/39.0.2171.95 Safari/537.36"
192.168.9.114 - - [20/Dec/2017:15:47:40 +0800] "POST /archive/api/archiveInfo HTTP/1.1" 200 114 "-" "Mozilla/4.0 (compatible; MSIE 6.0; Windows NT 5.1;SV1)"
192.168.9.114 - - [20/Dec/2017:15:47:40 +0800] "POST /archive/api/archiveInfo HTTP/1.1" 200 114 "-" "Mozilla/4.0 (compatible; MSIE 6.0; Windows NT 5.1;SV1)"
192.168.9.114 - - [20/Dec/2017:15:47:40 +0800] "POST /archive/api/archiveInfo HTTP/1.1" 200 114 "-" "Mozilla/4.0 (compatible; MSIE 6.0; Windows NT 5.1;SV1)"
192.168.9.87 - - [20/Dec/2017:15:47:40 +0800] "POST /clinic/jky HTTP/1.1" 200 858 "-" "Mozilla/5.0 (Windows NT 6.1; WOW64) AppleWebKit/537.36 (KHTML, like Gecko) Chrome/39.0.2171.95 Safari/537.36"
12.113.50.117 - - [20/Dec/2017:15:47:40 +0800] "POST /clinic/jky HTTP/1.1" 200 1887 "-" "Mozilla/5.0 (Windows NT 6.1; WOW64) AppleWebKit/537.36 (KHTML, like Gecko) Chrome/39.0.2171.95 Safari/537.36"
192.168.9.114 - - [20/Dec/2017:15:47:40 +0800] "POST /archive/api/archiveInfo HTTP/1.1" 200 114 "-" "Mozilla/4.0 (compatible; MSIE 6.0; Windows NT 5.1;SV1)"
192.168.9.114 - - [20/Dec/2017:15:47:40 +0800] "POST /archive/api/get HTTP/1.1" 200 2169 "-" "Mozilla/4.0 (compatible; MSIE 6.0; Windows NT 5.1;SV1)"
192.168.9.114 - - [20/Dec/2017:15:47:40 +0800] "POST /archive/api/archiveInfo HTTP/1.1" 200 114 "-" "Mozilla/4.0 (compatible; MSIE 6.0; Windows NT 5.1;SV1)"
12.113.50.117 - - [20/Dec/2017:15:47:40 +0800] "POST /clinic/jky HTTP/1.1" 200 1887 "-" "Mozilla/5.0 (Windows NT 6.1; WOW64) AppleWebKit/537.36 (KHTML, like Gecko) Chrome/39.0.2171.95 Safari/537.36"
192.168.9.87 - - [20/Dec/2017:15:47:40 +0800] "POST /clinic/jky HTTP/1.1" 200 858 "-" "Mozilla/5.0 (Windows NT 6.1; WOW64) AppleWebKit/537.36 (KHTML, like Gecko) Chrome/39.0.2171.95 Safari/537.36"
192.168.9.114 - - [20/Dec/2017:15:47:40 +0800] "POST /archive/api/archiveInfo HTTP/1.1" 200 114 "-" "Mozilla/4.0 (compatible; MSIE 6.0; Windows NT 5.1;SV1)"
12.113.50.117 - - [20/Dec/2017:15:47:40 +0800] "POST /clinic/jky HTTP/1.1" 200 1174 "-" "Mozilla/5.0 (Windows NT 6.1; WOW64) AppleWebKit/537.36 (KHTML, like Gecko) Chrome/39.0.2171.95 Safari/537.36"
12.113.50.117 - - [20/Dec/2017:15:47:40 +0800] "POST /clinic/jky HTTP/1.1" 200 1887 "-" "Mozilla/5.0 (Windows NT 6.1; WOW64) AppleWebKit/537.36 (KHTML, like Gecko) Chrome/39.0.2171.95 Safari/537.36"
10.17.212.5 - - [20/Dec/2017:15:47:40 +0800] "GET /cdc/a/doctor/archive/detail?personcard=310108195906074439&kp=eyJjcmVhdGVSZWNvcmRPcmciOiI0MjUwODEyODAwMCIsImNyZWF0ZVJlY29yZERhdGVGcm9tIjoiIiwiY3JlYXRlUmVjb3JkRGF0ZUVuZCI6IiIsImNyZWF0ZVJlY29yZERvY0lkIjoiIiwicmVjb3JkU3RhdHVzIjoiIiwic2lnblN0YXR1cyI6IiIsImlzVGhyZWVTaWduIjoiIiwiYWRkcmVzc0NvdW50eSI6IiIsImFkZHJlc3NUb3duIjoiIiwiYWRkcmVzc0NvbW1pdHRlZSI6IiIsImdlbmRlciI6IiIsImFnZUZyb20iOiIwIiwiYWdlRW5kIjoiMTIwIiwiaXNEZWF0aCI6IiIsImlzRGlzYWJpbGl0eSI6IiIsIm1hbmFnZXJPcmciOiIiLCJjcmVhdGVSZWNvcmRTeXN0ZW0iOiIiLCJwZW9wbGVUeXBlIjoiIiwia2V5d29yZCI6IjMxMDEwODE5NTkwNjA3NDQzOSIsInBhZ2VTaXplIjoxMCwicGFnZUluZGV4IjowLCJzb3J0RmllbGQiOiIiLCJzb3J0T3JkZXIiOiIifQ%3D%3D HTTP/1.1" 200 24843 "-" "Mozilla/4.0 (compatible; MSIE 8.0; Windows NT 5.1; Trident/4.0; InfoPath.2; .NET4.0C; .NET4.0E)"
10.17.212.5 - - [20/Dec/2017:15:47:40 +0800] "GET /cdc/static/miniui/vtype.js?0.9786418804892182 HTTP/1.1" 200 14359 "http://192.137.31.69:9071/cdc/a/doctor/archive/detail?personcard=310108195906074439&kp=eyJjcmVhdGVSZWNvcmRPcmciOiI0MjUwODEyODAwMCIsImNyZWF0ZVJlY29yZERhdGVGcm9tIjoiIiwiY3JlYXRlUmVjb3JkRGF0ZUVuZCI6IiIsImNyZWF0ZVJlY29yZERvY0lkIjoiIiwicmVjb3JkU3RhdHVzIjoiIiwic2lnblN0YXR1cyI6IiIsImlzVGhyZWVTaWduIjoiIiwiYWRkcmVzc0NvdW50eSI6IiIsImFkZHJlc3NUb3duIjoiIiwiYWRkcmVzc0NvbW1pdHRlZSI6IiIsImdlbmRlciI6IiIsImFnZUZyb20iOiIwIiwiYWdlRW5kIjoiMTIwIiwiaXNEZWF0aCI6IiIsImlzRGlzYWJpbGl0eSI6IiIsIm1hbmFnZXJPcmciOiIiLCJjcmVhdGVSZWNvcmRTeXN0ZW0iOiIiLCJwZW9wbGVUeXBlIjoiIiwia2V5d29yZCI6IjMxMDEwODE5NTkwNjA3NDQzOSIsInBhZ2VTaXplIjoxMCwicGFnZUluZGV4IjowLCJzb3J0RmllbGQiOiIiLCJzb3J0T3JkZXIiOiIifQ%3D%3D" "Mozilla/4.0 (compatible; MSIE 8.0; Windows NT 5.1; Trident/4.0; InfoPath.2; .NET4.0C; .NET4.0E)"
10.17.212.5 - - [20/Dec/2017:15:47:40 +0800] "GET /cdc/static/main/wd_js/inputSkip.js?0.8746154013088716 HTTP/1.1" 200 21551 "http://192.137.31.69:9071/cdc/a/doctor/archive/detail?personcard=310108195906074439&kp=eyJjcmVhdGVSZWNvcmRPcmciOiI0MjUwODEyODAwMCIsImNyZWF0ZVJlY29yZERhdGVGcm9tIjoiIiwiY3JlYXRlUmVjb3JkRGF0ZUVuZCI6IiIsImNyZWF0ZVJlY29yZERvY0lkIjoiIiwicmVjb3JkU3RhdHVzIjoiIiwic2lnblN0YXR1cyI6IiIsImlzVGhyZWVTaWduIjoiIiwiYWRkcmVzc0NvdW50eSI6IiIsImFkZHJlc3NUb3duIjoiIiwiYWRkcmVzc0NvbW1pdHRlZSI6IiIsImdlbmRlciI6IiIsImFnZUZyb20iOiIwIiwiYWdlRW5kIjoiMTIwIiwiaXNEZWF0aCI6IiIsImlzRGlzYWJpbGl0eSI6IiIsIm1hbmFnZXJPcmciOiIiLCJjcmVhdGVSZWNvcmRTeXN0ZW0iOiIiLCJwZW9wbGVUeXBlIjoiIiwia2V5d29yZCI6IjMxMDEwODE5NTkwNjA3NDQzOSIsInBhZ2VTaXplIjoxMCwicGFnZUluZGV4IjowLCJzb3J0RmllbGQiOiIiLCJzb3J0T3JkZXIiOiIifQ%3D%3D" "Mozilla/4.0 (compatible; MSIE 8.0; Windows NT 5.1; Trident/4.0; InfoPath.2; .NET4.0C; .NET4.0E)"
10.17.212.5 - - [20/Dec/2017:15:47:40 +0800] "GET /cdc/static/common/search.js?0.23044782516293583 HTTP/1.1" 200 2170 "http://192.137.31.69:9071/cdc/a/doctor/archive/detail?personcard=310108195906074439&kp=eyJjcmVhdGVSZWNvcmRPcmciOiI0MjUwODEyODAwMCIsImNyZWF0ZVJlY29yZERhdGVGcm9tIjoiIiwiY3JlYXRlUmVjb3JkRGF0ZUVuZCI6IiIsImNyZWF0ZVJlY29yZERvY0lkIjoiIiwicmVjb3JkU3RhdHVzIjoiIiwic2lnblN0YXR1cyI6IiIsImlzVGhyZWVTaWduIjoiIiwiYWRkcmVzc0NvdW50eSI6IiIsImFkZHJlc3NUb3duIjoiIiwiYWRkcmVzc0NvbW1pdHRlZSI6IiIsImdlbmRlciI6IiIsImFnZUZyb20iOiIwIiwiYWdlRW5kIjoiMTIwIiwiaXNEZWF0aCI6IiIsImlzRGlzYWJpbGl0eSI6IiIsIm1hbmFnZXJPcmciOiIiLCJjcmVhdGVSZWNvcmRTeXN0ZW0iOiIiLCJwZW9wbGVUeXBlIjoiIiwia2V5d29yZCI6IjMxMDEwODE5NTkwNjA3NDQzOSIsInBhZ2VTaXplIjoxMCwicGFnZUluZGV4IjowLCJzb3J0RmllbGQiOiIiLCJzb3J0T3JkZXIiOiIifQ%3D%3D" "Mozilla/4.0 (compatible; MSIE 8.0; Windows NT 5.1; Trident/4.0; InfoPath.2; .NET4.0C; .NET4.0E)"
10.17.212.5 - - [20/Dec/2017:15:47:40 +0800] "GET /cdc/static/miniui/form.js?0.20594347342517594 HTTP/1.1" 200 23716 "http://192.137.31.69:9071/cdc/a/doctor/archive/detail?personcard=310108195906074439&kp=eyJjcmVhdGVSZWNvcmRPcmciOiI0MjUwODEyODAwMCIsImNyZWF0ZVJlY29yZERhdGVGcm9tIjoiIiwiY3JlYXRlUmVjb3JkRGF0ZUVuZCI6IiIsImNyZWF0ZVJlY29yZERvY0lkIjoiIiwicmVjb3JkU3RhdHVzIjoiIiwic2lnblN0YXR1cyI6IiIsImlzVGhyZWVTaWduIjoiIiwiYWRkcmVzc0NvdW50eSI6IiIsImFkZHJlc3NUb3duIjoiIiwiYWRkcmVzc0NvbW1pdHRlZSI6IiIsImdlbmRlciI6IiIsImFnZUZyb20iOiIwIiwiYWdlRW5kIjoiMTIwIiwiaXNEZWF0aCI6IiIsImlzRGlzYWJpbGl0eSI6IiIsIm1hbmFnZXJPcmciOiIiLCJjcmVhdGVSZWNvcmRTeXN0ZW0iOiIiLCJwZW9wbGVUeXBlIjoiIiwia2V5d29yZCI6IjMxMDEwODE5NTkwNjA3NDQzOSIsInBhZ2VTaXplIjoxMCwicGFnZUluZGV4IjowLCJzb3J0RmllbGQiOiIiLCJzb3J0T3JkZXIiOiIifQ%3D%3D" "Mozilla/4.0 (compatible; MSIE 8.0; Windows NT 5.1; Trident/4.0; InfoPath.2; .NET4.0C; .NET4.0E)"
10.17.212.5 - - [20/Dec/2017:15:47:40 +0800] "POST /cdc/a/doctor/initSignForSexAndAge HTTP/1.1" 200 318 "http://192.137.31.69:9071/cdc/a/doctor/index" "Mozilla/5.0 (Windows NT 6.1; WOW64) AppleWebKit/537.36 (KHTML, like Gecko) Chrome/59.0.3071.115 Safari/537.36"
192.168.9.114 - - [20/Dec/2017:15:47:40 +0800] "POST /archive/api/archiveInfo HTTP/1.1" 200 114 "-" "Mozilla/4.0 (compatible; MSIE 6.0; Windows NT 5.1;SV1)"
10.17.212.5 - - [20/Dec/2017:15:47:40 +0800] "GET /cdc/sys/dicArea/query?level=1&interfaceKey=oJDeECLhns0_CygSmOqVjA&_=1513756447718 HTTP/1.1" 200 3364 "http://192.137.31.69:9071/cdc/a/doctor/archive/detail?personcard=310108195906074439&kp=eyJjcmVhdGVSZWNvcmRPcmciOiI0MjUwODEyODAwMCIsImNyZWF0ZVJlY29yZERhdGVGcm9tIjoiIiwiY3JlYXRlUmVjb3JkRGF0ZUVuZCI6IiIsImNyZWF0ZVJlY29yZERvY0lkIjoiIiwicmVjb3JkU3RhdHVzIjoiIiwic2lnblN0YXR1cyI6IiIsImlzVGhyZWVTaWduIjoiIiwiYWRkcmVzc0NvdW50eSI6IiIsImFkZHJlc3NUb3duIjoiIiwiYWRkcmVzc0NvbW1pdHRlZSI6IiIsImdlbmRlciI6IiIsImFnZUZyb20iOiIwIiwiYWdlRW5kIjoiMTIwIiwiaXNEZWF0aCI6IiIsImlzRGlzYWJpbGl0eSI6IiIsIm1hbmFnZXJPcmciOiIiLCJjcmVhdGVSZWNvcmRTeXN0ZW0iOiIiLCJwZW9wbGVUeXBlIjoiIiwia2V5d29yZCI6IjMxMDEwODE5NTkwNjA3NDQzOSIsInBhZ2VTaXplIjoxMCwicGFnZUluZGV4IjowLCJzb3J0RmllbGQiOiIiLCJzb3J0T3JkZXIiOiIifQ%3D%3D" "Mozilla/4.0 (compatible; MSIE 8.0; Windows NT 5.1; Trident/4.0; InfoPath.2; .NET4.0C; .NET4.0E)"
10.17.212.5 - - [20/Dec/2017:15:47:40 +0800] "GET /cdc/sys/dicArea/query?level=1&interfaceKey=oJDeECLhns3-MthG9GC4fw&_=1513756447796 HTTP/1.1" 200 3364 "http://192.137.31.69:9071/cdc/a/doctor/archive/detail?personcard=310108195906074439&kp=eyJjcmVhdGVSZWNvcmRPcmciOiI0MjUwODEyODAwMCIsImNyZWF0ZVJlY29yZERhdGVGcm9tIjoiIiwiY3JlYXRlUmVjb3JkRGF0ZUVuZCI6IiIsImNyZWF0ZVJlY29yZERvY0lkIjoiIiwicmVjb3JkU3RhdHVzIjoiIiwic2lnblN0YXR1cyI6IiIsImlzVGhyZWVTaWduIjoiIiwiYWRkcmVzc0NvdW50eSI6IiIsImFkZHJlc3NUb3duIjoiIiwiYWRkcmVzc0NvbW1pdHRlZSI6IiIsImdlbmRlciI6IiIsImFnZUZyb20iOiIwIiwiYWdlRW5kIjoiMTIwIiwiaXNEZWF0aCI6IiIsImlzRGlzYWJpbGl0eSI6IiIsIm1hbmFnZXJPcmciOiIiLCJjcmVhdGVSZWNvcmRTeXN0ZW0iOiIiLCJwZW9wbGVUeXBlIjoiIiwia2V5d29yZCI6IjMxMDEwODE5NTkwNjA3NDQzOSIsInBhZ2VTaXplIjoxMCwicGFnZUluZGV4IjowLCJzb3J0RmllbGQiOiIiLCJzb3J0T3JkZXIiOiIifQ%3D%3D" "Mozilla/4.0 (compatible; MSIE 8.0; Windows NT 5.1; Trident/4.0; InfoPath.2; .NET4.0C; .NET4.0E)"
192.168.9.87 - - [20/Dec/2017:15:47:40 +0800] "POST /clinic/jky HTTP/1.1" 200 1207 "-" "Mozilla/5.0 (Windows NT 6.1; WOW64) AppleWebKit/537.36 (KHTML, like Gecko) Chrome/39.0.2171.95 Safari/537.36"
192.168.9.114 - - [20/Dec/2017:15:47:40 +0800] "POST /archive/api/archiveInfo HTTP/1.1" 200 114 "-" "Mozilla/4.0 (compatible; MSIE 6.0; Windows NT 5.1;SV1)"
12.113.50.117 - - [20/Dec/2017:15:47:41 +0800] "POST /clinic/jky HTTP/1.1" 200 901 "-" "Mozilla/5.0 (Windows NT 6.1; WOW64) AppleWebKit/537.36 (KHTML, like Gecko) Chrome/39.0.2171.95 Safari/537.36"
10.17.212.5 - - [20/Dec/2017:15:47:41 +0800] "GET /cdc/sys/dicArea/query?level=2&interfaceKey=oJDeECLhns3sv8i5BY8s4w&pid=310000000000&_=1513756448375 HTTP/1.1" 200 184 "http://192.137.31.69:9071/cdc/a/doctor/archive/detail?personcard=310108195906074439&kp=eyJjcmVhdGVSZWNvcmRPcmciOiI0MjUwODEyODAwMCIsImNyZWF0ZVJlY29yZERhdGVGcm9tIjoiIiwiY3JlYXRlUmVjb3JkRGF0ZUVuZCI6IiIsImNyZWF0ZVJlY29yZERvY0lkIjoiIiwicmVjb3JkU3RhdHVzIjoiIiwic2lnblN0YXR1cyI6IiIsImlzVGhyZWVTaWduIjoiIiwiYWRkcmVzc0NvdW50eSI6IiIsImFkZHJlc3NUb3duIjoiIiwiYWRkcmVzc0NvbW1pdHRlZSI6IiIsImdlbmRlciI6IiIsImFnZUZyb20iOiIwIiwiYWdlRW5kIjoiMTIwIiwiaXNEZWF0aCI6IiIsImlzRGlzYWJpbGl0eSI6IiIsIm1hbmFnZXJPcmciOiIiLCJjcmVhdGVSZWNvcmRTeXN0ZW0iOiIiLCJwZW9wbGVUeXBlIjoiIiwia2V5d29yZCI6IjMxMDEwODE5NTkwNjA3NDQzOSIsInBhZ2VTaXplIjoxMCwicGFnZUluZGV4IjowLCJzb3J0RmllbGQiOiIiLCJzb3J0T3JkZXIiOiIifQ%3D%3D" "Mozilla/4.0 (compatible; MSIE 8.0; Windows NT 5.1; Trident/4.0; InfoPath.2; .NET4.0C; .NET4.0E)"
192.168.9.114 - - [20/Dec/2017:15:47:41 +0800] "POST /archive/api/archiveInfo HTTP/1.1" 200 114 "-" "Mozilla/4.0 (compatible; MSIE 6.0; Windows NT 5.1;SV1)"
192.168.9.114 - - [20/Dec/2017:15:47:41 +0800] "POST /archive/api/archiveInfo HTTP/1.1" 200 114 "-" "Mozilla/4.0 (compatible; MSIE 6.0; Windows NT 5.1;SV1)"
12.113.50.117 - - [20/Dec/2017:15:47:41 +0800] "POST /clinic/jky HTTP/1.1" 200 1430 "-" "Mozilla/5.0 (Windows NT 6.1; WOW64) AppleWebKit/537.36 (KHTML, like Gecko) Chrome/39.0.2171.95 Safari/537.36"
10.17.212.5 - - [20/Dec/2017:15:47:41 +0800] "GET /cdc/sys/dicArea/query?level=3&interfaceKey=oJDeECLhns3sv8i5BY8s4w&pid=310100000000&_=1513756448484 HTTP/1.1" 200 1415 "http://192.137.31.69:9071/cdc/a/doctor/archive/detail?personcard=310108195906074439&kp=eyJjcmVhdGVSZWNvcmRPcmciOiI0MjUwODEyODAwMCIsImNyZWF0ZVJlY29yZERhdGVGcm9tIjoiIiwiY3JlYXRlUmVjb3JkRGF0ZUVuZCI6IiIsImNyZWF0ZVJlY29yZERvY0lkIjoiIiwicmVjb3JkU3RhdHVzIjoiIiwic2lnblN0YXR1cyI6IiIsImlzVGhyZWVTaWduIjoiIiwiYWRkcmVzc0NvdW50eSI6IiIsImFkZHJlc3NUb3duIjoiIiwiYWRkcmVzc0NvbW1pdHRlZSI6IiIsImdlbmRlciI6IiIsImFnZUZyb20iOiIwIiwiYWdlRW5kIjoiMTIwIiwiaXNEZWF0aCI6IiIsImlzRGlzYWJpbGl0eSI6IiIsIm1hbmFnZXJPcmciOiIiLCJjcmVhdGVSZWNvcmRTeXN0ZW0iOiIiLCJwZW9wbGVUeXBlIjoiIiwia2V5d29yZCI6IjMxMDEwODE5NTkwNjA3NDQzOSIsInBhZ2VTaXplIjoxMCwicGFnZUluZGV4IjowLCJzb3J0RmllbGQiOiIiLCJzb3J0T3JkZXIiOiIifQ%3D%3D" "Mozilla/4.0 (compatible; MSIE 8.0; Windows NT 5.1; Trident/4.0; InfoPath.2; .NET4.0C; .NET4.0E)"
10.17.212.5 - - [20/Dec/2017:15:47:41 +0800] "GET /cdc/sys/dicArea/query?level=4&interfaceKey=oJDeECLhns3sv8i5BY8s4w&pid=310106000000&_=1513756448562 HTTP/1.1" 200 1532 "http://192.137.31.69:9071/cdc/a/doctor/archive/detail?personcard=310108195906074439&kp=eyJjcmVhdGVSZWNvcmRPcmciOiI0MjUwODEyODAwMCIsImNyZWF0ZVJlY29yZERhdGVGcm9tIjoiIiwiY3JlYXRlUmVjb3JkRGF0ZUVuZCI6IiIsImNyZWF0ZVJlY29yZERvY0lkIjoiIiwicmVjb3JkU3RhdHVzIjoiIiwic2lnblN0YXR1cyI6IiIsImlzVGhyZWVTaWduIjoiIiwiYWRkcmVzc0NvdW50eSI6IiIsImFkZHJlc3NUb3duIjoiIiwiYWRkcmVzc0NvbW1pdHRlZSI6IiIsImdlbmRlciI6IiIsImFnZUZyb20iOiIwIiwiYWdlRW5kIjoiMTIwIiwiaXNEZWF0aCI6IiIsImlzRGlzYWJpbGl0eSI6IiIsIm1hbmFnZXJPcmciOiIiLCJjcmVhdGVSZWNvcmRTeXN0ZW0iOiIiLCJwZW9wbGVUeXBlIjoiIiwia2V5d29yZCI6IjMxMDEwODE5NTkwNjA3NDQzOSIsInBhZ2VTaXplIjoxMCwicGFnZUluZGV4IjowLCJzb3J0RmllbGQiOiIiLCJzb3J0T3JkZXIiOiIifQ%3D%3D" "Mozilla/4.0 (compatible; MSIE 8.0; Windows NT 5.1; Trident/4.0; InfoPath.2; .NET4.0C; .NET4.0E)"
192.168.9.87 - - [20/Dec/2017:15:47:41 +0800] "POST /clinic/jky HTTP/1.1" 200 1887 "-" "Mozilla/5.0 (Windows NT 6.1; WOW64) AppleWebKit/537.36 (KHTML, like Gecko) Chrome/39.0.2171.95 Safari/537.36"
10.17.212.5 - - [20/Dec/2017:15:47:41 +0800] "GET /cdc/sys/dicArea/query?level=5&interfaceKey=oJDeECLhns3sv8i5BY8s4w&pid=310108012000&_=1513756448609 HTTP/1.1" 200 2712 "http://192.137.31.69:9071/cdc/a/doctor/archive/detail?personcard=310108195906074439&kp=eyJjcmVhdGVSZWNvcmRPcmciOiI0MjUwODEyODAwMCIsImNyZWF0ZVJlY29yZERhdGVGcm9tIjoiIiwiY3JlYXRlUmVjb3JkRGF0ZUVuZCI6IiIsImNyZWF0ZVJlY29yZERvY0lkIjoiIiwicmVjb3JkU3RhdHVzIjoiIiwic2lnblN0YXR1cyI6IiIsImlzVGhyZWVTaWduIjoiIiwiYWRkcmVzc0NvdW50eSI6IiIsImFkZHJlc3NUb3duIjoiIiwiYWRkcmVzc0NvbW1pdHRlZSI6IiIsImdlbmRlciI6IiIsImFnZUZyb20iOiIwIiwiYWdlRW5kIjoiMTIwIiwiaXNEZWF0aCI6IiIsImlzRGlzYWJpbGl0eSI6IiIsIm1hbmFnZXJPcmciOiIiLCJjcmVhdGVSZWNvcmRTeXN0ZW0iOiIiLCJwZW9wbGVUeXBlIjoiIiwia2V5d29yZCI6IjMxMDEwODE5NTkwNjA3NDQzOSIsInBhZ2VTaXplIjoxMCwicGFnZUluZGV4IjowLCJzb3J0RmllbGQiOiIiLCJzb3J0T3JkZXIiOiIifQ%3D%3D" "Mozilla/4.0 (compatible; MSIE 8.0; Windows NT 5.1; Trident/4.0; InfoPath.2; .NET4.0C; .NET4.0E)"
192.168.9.114 - - [20/Dec/2017:15:47:41 +0800] "POST /archive/api/archiveInfo HTTP/1.1" 200 114 "-" "Mozilla/4.0 (compatible; MSIE 6.0; Windows NT 5.1;SV1)"
10.17.212.5 - - [20/Dec/2017:15:47:41 +0800] "GET /cdc/sys/dicArea/query?level=2&interfaceKey=oJDeECLhns1yuj6guceMYA&pid=310000000000&_=1513756448781 HTTP/1.1" 200 184 "http://192.137.31.69:9071/cdc/a/doctor/archive/detail?personcard=310108195906074439&kp=eyJjcmVhdGVSZWNvcmRPcmciOiI0MjUwODEyODAwMCIsImNyZWF0ZVJlY29yZERhdGVGcm9tIjoiIiwiY3JlYXRlUmVjb3JkRGF0ZUVuZCI6IiIsImNyZWF0ZVJlY29yZERvY0lkIjoiIiwicmVjb3JkU3RhdHVzIjoiIiwic2lnblN0YXR1cyI6IiIsImlzVGhyZWVTaWduIjoiIiwiYWRkcmVzc0NvdW50eSI6IiIsImFkZHJlc3NUb3duIjoiIiwiYWRkcmVzc0NvbW1pdHRlZSI6IiIsImdlbmRlciI6IiIsImFnZUZyb20iOiIwIiwiYWdlRW5kIjoiMTIwIiwiaXNEZWF0aCI6IiIsImlzRGlzYWJpbGl0eSI6IiIsIm1hbmFnZXJPcmciOiIiLCJjcmVhdGVSZWNvcmRTeXN0ZW0iOiIiLCJwZW9wbGVUeXBlIjoiIiwia2V5d29yZCI6IjMxMDEwODE5NTkwNjA3NDQzOSIsInBhZ2VTaXplIjoxMCwicGFnZUluZGV4IjowLCJzb3J0RmllbGQiOiIiLCJzb3J0T3JkZXIiOiIifQ%3D%3D" "Mozilla/4.0 (compatible; MSIE 8.0; Windows NT 5.1; Trident/4.0; InfoPath.2; .NET4.0C; .NET4.0E)"
192.168.9.87 - - [20/Dec/2017:15:47:41 +0800] "POST /clinic/jky HTTP/1.1" 200 847 "-" "Mozilla/5.0 (Windows NT 6.1; WOW64) AppleWebKit/537.36 (KHTML, like Gecko) Chrome/39.0.2171.95 Safari/537.36"
10.17.212.5 - - [20/Dec/2017:15:47:41 +0800] "GET /cdc/sys/dicArea/query?level=3&interfaceKey=oJDeECLhns1yuj6guceMYA&pid=310100000000&_=1513756448859 HTTP/1.1" 200 1415 "http://192.137.31.69:9071/cdc/a/doctor/archive/detail?personcard=310108195906074439&kp=eyJjcmVhdGVSZWNvcmRPcmciOiI0MjUwODEyODAwMCIsImNyZWF0ZVJlY29yZERhdGVGcm9tIjoiIiwiY3JlYXRlUmVjb3JkRGF0ZUVuZCI6IiIsImNyZWF0ZVJlY29yZERvY0lkIjoiIiwicmVjb3JkU3RhdHVzIjoiIiwic2lnblN0YXR1cyI6IiIsImlzVGhyZWVTaWduIjoiIiwiYWRkcmVzc0NvdW50eSI6IiIsImFkZHJlc3NUb3duIjoiIiwiYWRkcmVzc0NvbW1pdHRlZSI6IiIsImdlbmRlciI6IiIsImFnZUZyb20iOiIwIiwiYWdlRW5kIjoiMTIwIiwiaXNEZWF0aCI6IiIsImlzRGlzYWJpbGl0eSI6IiIsIm1hbmFnZXJPcmciOiIiLCJjcmVhdGVSZWNvcmRTeXN0ZW0iOiIiLCJwZW9wbGVUeXBlIjoiIiwia2V5d29yZCI6IjMxMDEwODE5NTkwNjA3NDQzOSIsInBhZ2VTaXplIjoxMCwicGFnZUluZGV4IjowLCJzb3J0RmllbGQiOiIiLCJzb3J0T3JkZXIiOiIifQ%3D%3D" "Mozilla/4.0 (compatible; MSIE 8.0; Windows NT 5.1; Trident/4.0; InfoPath.2; .NET4.0C; .NET4.0E)"
10.17.212.5 - - [20/Dec/2017:15:47:41 +0800] "GET /cdc/sys/dicArea/query?level=4&interfaceKey=oJDeECLhns1yuj6guceMYA&pid=310106000000&_=1513756448875 HTTP/1.1" 200 1532 "http://192.137.31.69:9071/cdc/a/doctor/archive/detail?personcard=310108195906074439&kp=eyJjcmVhdGVSZWNvcmRPcmciOiI0MjUwODEyODAwMCIsImNyZWF0ZVJlY29yZERhdGVGcm9tIjoiIiwiY3JlYXRlUmVjb3JkRGF0ZUVuZCI6IiIsImNyZWF0ZVJlY29yZERvY0lkIjoiIiwicmVjb3JkU3RhdHVzIjoiIiwic2lnblN0YXR1cyI6IiIsImlzVGhyZWVTaWduIjoiIiwiYWRkcmVzc0NvdW50eSI6IiIsImFkZHJlc3NUb3duIjoiIiwiYWRkcmVzc0NvbW1pdHRlZSI6IiIsImdlbmRlciI6IiIsImFnZUZyb20iOiIwIiwiYWdlRW5kIjoiMTIwIiwiaXNEZWF0aCI6IiIsImlzRGlzYWJpbGl0eSI6IiIsIm1hbmFnZXJPcmciOiIiLCJjcmVhdGVSZWNvcmRTeXN0ZW0iOiIiLCJwZW9wbGVUeXBlIjoiIiwia2V5d29yZCI6IjMxMDEwODE5NTkwNjA3NDQzOSIsInBhZ2VTaXplIjoxMCwicGFnZUluZGV4IjowLCJzb3J0RmllbGQiOiIiLCJzb3J0T3JkZXIiOiIifQ%3D%3D" "Mozilla/4.0 (compatible; MSIE 8.0; Windows NT 5.1; Trident/4.0; InfoPath.2; .NET4.0C; .NET4.0E)"
10.17.212.5 - - [20/Dec/2017:15:47:41 +0800] "GET /cdc/sys/dicArea/query?level=5&interfaceKey=oJDeECLhns1yuj6guceMYA&pid=310108012000&_=1513756448906 HTTP/1.1" 200 2712 "http://192.137.31.69:9071/cdc/a/doctor/archive/detail?personcard=310108195906074439&kp=eyJjcmVhdGVSZWNvcmRPcmciOiI0MjUwODEyODAwMCIsImNyZWF0ZVJlY29yZERhdGVGcm9tIjoiIiwiY3JlYXRlUmVjb3JkRGF0ZUVuZCI6IiIsImNyZWF0ZVJlY29yZERvY0lkIjoiIiwicmVjb3JkU3RhdHVzIjoiIiwic2lnblN0YXR1cyI6IiIsImlzVGhyZWVTaWduIjoiIiwiYWRkcmVzc0NvdW50eSI6IiIsImFkZHJlc3NUb3duIjoiIiwiYWRkcmVzc0NvbW1pdHRlZSI6IiIsImdlbmRlciI6IiIsImFnZUZyb20iOiIwIiwiYWdlRW5kIjoiMTIwIiwiaXNEZWF0aCI6IiIsImlzRGlzYWJpbGl0eSI6IiIsIm1hbmFnZXJPcmciOiIiLCJjcmVhdGVSZWNvcmRTeXN0ZW0iOiIiLCJwZW9wbGVUeXBlIjoiIiwia2V5d29yZCI6IjMxMDEwODE5NTkwNjA3NDQzOSIsInBhZ2VTaXplIjoxMCwicGFnZUluZGV4IjowLCJzb3J0RmllbGQiOiIiLCJzb3J0T3JkZXIiOiIifQ%3D%3D" "Mozilla/4.0 (compatible; MSIE 8.0; Windows NT 5.1; Trident/4.0; InfoPath.2; .NET4.0C; .NET4.0E)"
192.168.9.114 - - [20/Dec/2017:15:47:42 +0800] "POST /archive/api/archiveInfo HTTP/1.1" 200 114 "-" "Mozilla/4.0 (compatible; MSIE 6.0; Windows NT 5.1;SV1)"
10.17.212.5 - - [20/Dec/2017:15:47:42 +0800] "GET /cdc/a/websocket/info?t=1513756449015 HTTP/1.1" 200 76 "http://192.137.31.69:9071/cdc/a/doctor/archive/detail?personcard=310108195906074439&kp=eyJjcmVhdGVSZWNvcmRPcmciOiI0MjUwODEyODAwMCIsImNyZWF0ZVJlY29yZERhdGVGcm9tIjoiIiwiY3JlYXRlUmVjb3JkRGF0ZUVuZCI6IiIsImNyZWF0ZVJlY29yZERvY0lkIjoiIiwicmVjb3JkU3RhdHVzIjoiIiwic2lnblN0YXR1cyI6IiIsImlzVGhyZWVTaWduIjoiIiwiYWRkcmVzc0NvdW50eSI6IiIsImFkZHJlc3NUb3duIjoiIiwiYWRkcmVzc0NvbW1pdHRlZSI6IiIsImdlbmRlciI6IiIsImFnZUZyb20iOiIwIiwiYWdlRW5kIjoiMTIwIiwiaXNEZWF0aCI6IiIsImlzRGlzYWJpbGl0eSI6IiIsIm1hbmFnZXJPcmciOiIiLCJjcmVhdGVSZWNvcmRTeXN0ZW0iOiIiLCJwZW9wbGVUeXBlIjoiIiwia2V5d29yZCI6IjMxMDEwODE5NTkwNjA3NDQzOSIsInBhZ2VTaXplIjoxMCwicGFnZUluZGV4IjowLCJzb3J0RmllbGQiOiIiLCJzb3J0T3JkZXIiOiIifQ%3D%3D" "Mozilla/4.0 (compatible; MSIE 8.0; Windows NT 5.1; Trident/4.0; InfoPath.2; .NET4.0C; .NET4.0E)"
192.168.9.114 - - [20/Dec/2017:15:47:42 +0800] "POST /archive/api/archiveInfo HTTP/1.1" 200 114 "-" "Mozilla/4.0 (compatible; MSIE 6.0; Windows NT 5.1;SV1)"
10.17.212.5 - - [20/Dec/2017:15:47:42 +0800] "GET /cdc/a/websocket/iframe.html HTTP/1.1" 200 490 "http://192.137.31.69:9071/cdc/a/doctor/archive/detail?personcard=310108195906074439&kp=eyJjcmVhdGVSZWNvcmRPcmciOiI0MjUwODEyODAwMCIsImNyZWF0ZVJlY29yZERhdGVGcm9tIjoiIiwiY3JlYXRlUmVjb3JkRGF0ZUVuZCI6IiIsImNyZWF0ZVJlY29yZERvY0lkIjoiIiwicmVjb3JkU3RhdHVzIjoiIiwic2lnblN0YXR1cyI6IiIsImlzVGhyZWVTaWduIjoiIiwiYWRkcmVzc0NvdW50eSI6IiIsImFkZHJlc3NUb3duIjoiIiwiYWRkcmVzc0NvbW1pdHRlZSI6IiIsImdlbmRlciI6IiIsImFnZUZyb20iOiIwIiwiYWdlRW5kIjoiMTIwIiwiaXNEZWF0aCI6IiIsImlzRGlzYWJpbGl0eSI6IiIsIm1hbmFnZXJPcmciOiIiLCJjcmVhdGVSZWNvcmRTeXN0ZW0iOiIiLCJwZW9wbGVUeXBlIjoiIiwia2V5d29yZCI6IjMxMDEwODE5NTkwNjA3NDQzOSIsInBhZ2VTaXplIjoxMCwicGFnZUluZGV4IjowLCJzb3J0RmllbGQiOiIiLCJzb3J0T3JkZXIiOiIifQ%3D%3D" "Mozilla/4.0 (compatible; MSIE 8.0; Windows NT 5.1; Trident/4.0; InfoPath.2; .NET4.0C; .NET4.0E)"
192.168.9.114 - - [20/Dec/2017:15:47:42 +0800] "POST /archive/api/archiveInfo HTTP/1.1" 200 114 "-" "Mozilla/4.0 (compatible; MSIE 6.0; Windows NT 5.1;SV1)"
192.168.9.114 - - [20/Dec/2017:15:47:42 +0800] "POST /archive/api/archiveInfo HTTP/1.1" 200 114 "-" "Mozilla/4.0 (compatible; MSIE 6.0; Windows NT 5.1;SV1)"
192.168.9.87 - - [20/Dec/2017:15:47:42 +0800] "POST /clinic/jky HTTP/1.1" 200 847 "-" "Mozilla/5.0 (Windows NT 6.1; WOW64) AppleWebKit/537.36 (KHTML, like Gecko) Chrome/39.0.2171.95 Safari/537.36"
192.168.9.114 - - [20/Dec/2017:15:47:42 +0800] "POST /archive/api/archiveInfo HTTP/1.1" 200 114 "-" "Mozilla/4.0 (compatible; MSIE 6.0; Windows NT 5.1;SV1)"
192.168.9.114 - - [20/Dec/2017:15:47:42 +0800] "POST /archive/api/archiveInfo HTTP/1.1" 200 114 "-" "Mozilla/4.0 (compatible; MSIE 6.0; Windows NT 5.1;SV1)"
12.113.50.117 - - [20/Dec/2017:15:47:42 +0800] "POST /clinic/jky HTTP/1.1" 200 901 "-" "Mozilla/5.0 (Windows NT 6.1; WOW64) AppleWebKit/537.36 (KHTML, like Gecko) Chrome/39.0.2171.95 Safari/537.36"
192.168.9.87 - - [20/Dec/2017:15:47:42 +0800] "POST /clinic/jky HTTP/1.1" 200 901 "-" "Mozilla/5.0 (Windows NT 6.1; WOW64) AppleWebKit/537.36 (KHTML, like Gecko) Chrome/39.0.2171.95 Safari/537.36"
12.113.50.117 - - [20/Dec/2017:15:47:42 +0800] "POST /clinic/jky HTTP/1.1" 200 1474 "-" "Mozilla/5.0 (Windows NT 6.1; WOW64) AppleWebKit/537.36 (KHTML, like Gecko) Chrome/39.0.2171.95 Safari/537.36"
192.168.9.114 - - [20/Dec/2017:15:47:42 +0800] "POST /archive/api/archiveInfo HTTP/1.1" 200 114 "-" "Mozilla/4.0 (compatible; MSIE 6.0; Windows NT 5.1;SV1)"
192.168.9.114 - - [20/Dec/2017:15:47:42 +0800] "POST /archive/api/archiveInfo HTTP/1.1" 200 114 "-" "Mozilla/4.0 (compatible; MSIE 6.0; Windows NT 5.1;SV1)"
192.168.9.87 - - [20/Dec/2017:15:47:42 +0800] "POST /clinic/jky HTTP/1.1" 200 1887 "-" "Mozilla/5.0 (Windows NT 6.1; WOW64) AppleWebKit/537.36 (KHTML, like Gecko) Chrome/39.0.2171.95 Safari/537.36"
12.113.50.117 - - [20/Dec/2017:15:47:42 +0800] "POST /clinic/jky HTTP/1.1" 200 901 "-" "Mozilla/5.0 (Windows NT 6.1; WOW64) AppleWebKit/537.36 (KHTML, like Gecko) Chrome/39.0.2171.95 Safari/537.36"
192.168.9.114 - - [20/Dec/2017:15:47:42 +0800] "POST /archive/api/archiveInfo HTTP/1.1" 200 114 "-" "Mozilla/4.0 (compatible; MSIE 6.0; Windows NT 5.1;SV1)"
12.113.50.117 - - [20/Dec/2017:15:47:42 +0800] "POST /clinic/jky HTTP/1.1" 200 858 "-" "Mozilla/5.0 (Windows NT 6.1; WOW64) AppleWebKit/537.36 (KHTML, like Gecko) Chrome/39.0.2171.95 Safari/537.36"
12.113.50.117 - - [20/Dec/2017:15:47:42 +0800] "POST /clinic/jky HTTP/1.1" 200 901 "-" "Mozilla/5.0 (Windows NT 6.1; WOW64) AppleWebKit/537.36 (KHTML, like Gecko) Chrome/39.0.2171.95 Safari/537.36"
192.168.9.114 - - [20/Dec/2017:15:47:42 +0800] "POST /archive/api/archiveInfo HTTP/1.1" 200 114 "-" "Mozilla/4.0 (compatible; MSIE 6.0; Windows NT 5.1;SV1)"
12.113.50.117 - - [20/Dec/2017:15:47:42 +0800] "POST /clinic/jky HTTP/1.1" 200 858 "-" "Mozilla/5.0 (Windows NT 6.1; WOW64) AppleWebKit/537.36 (KHTML, like Gecko) Chrome/39.0.2171.95 Safari/537.36"
192.168.9.87 - - [20/Dec/2017:15:47:42 +0800] "POST /clinic/jky HTTP/1.1" 200 1418 "-" "Mozilla/5.0 (Windows NT 6.1; WOW64) AppleWebKit/537.36 (KHTML, like Gecko) Chrome/39.0.2171.95 Safari/537.36"
12.113.50.117 - - [20/Dec/2017:15:47:42 +0800] "POST /clinic/jky HTTP/1.1" 200 56 "-" "Mozilla/5.0 (Windows NT 6.1; WOW64) AppleWebKit/537.36 (KHTML, like Gecko) Chrome/39.0.2171.95 Safari/537.36"
192.168.9.114 - - [20/Dec/2017:15:47:42 +0800] "POST /archive/api/archiveInfo HTTP/1.1" 200 114 "-" "Mozilla/4.0 (compatible; MSIE 6.0; Windows NT 5.1;SV1)"
192.168.9.114 - - [20/Dec/2017:15:47:42 +0800] "POST /archive/api/archiveInfo HTTP/1.1" 200 114 "-" "Mozilla/4.0 (compatible; MSIE 6.0; Windows NT 5.1;SV1)"
192.168.9.87 - - [20/Dec/2017:15:47:42 +0800] "POST /clinic/jky HTTP/1.1" 200 1854 "-" "Mozilla/5.0 (Windows NT 6.1; WOW64) AppleWebKit/537.36 (KHTML, like Gecko) Chrome/39.0.2171.95 Safari/537.36"
192.168.9.114 - - [20/Dec/2017:15:47:42 +0800] "POST /archive/api/archiveInfo HTTP/1.1" 200 114 "-" "Mozilla/4.0 (compatible; MSIE 6.0; Windows NT 5.1;SV1)"
192.168.9.114 - - [20/Dec/2017:15:47:42 +0800] "POST /archive/api/archiveInfo HTTP/1.1" 200 114 "-" "Mozilla/4.0 (compatible; MSIE 6.0; Windows NT 5.1;SV1)"
12.113.50.117 - - [20/Dec/2017:15:47:42 +0800] "POST /clinic/jky HTTP/1.1" 200 815 "-" "Mozilla/5.0 (Windows NT 6.1; WOW64) AppleWebKit/537.36 (KHTML, like Gecko) Chrome/39.0.2171.95 Safari/537.36"
192.168.9.87 - - [20/Dec/2017:15:47:42 +0800] "POST /clinic/jky HTTP/1.1" 200 1821 "-" "Mozilla/5.0 (Windows NT 6.1; WOW64) AppleWebKit/537.36 (KHTML, like Gecko) Chrome/39.0.2171.95 Safari/537.36"
192.168.9.114 - - [20/Dec/2017:15:47:42 +0800] "POST /archive/api/archiveInfo HTTP/1.1" 200 114 "-" "Mozilla/4.0 (compatible; MSIE 6.0; Windows NT 5.1;SV1)"
192.168.9.114 - - [20/Dec/2017:15:47:42 +0800] "POST /archive/api/archiveInfo HTTP/1.1" 200 114 "-" "Mozilla/4.0 (compatible; MSIE 6.0; Windows NT 5.1;SV1)"
12.113.50.117 - - [20/Dec/2017:15:47:42 +0800] "POST /clinic/jky HTTP/1.1" 200 869 "-" "Mozilla/5.0 (Windows NT 6.1; WOW64) AppleWebKit/537.36 (KHTML, like Gecko) Chrome/39.0.2171.95 Safari/537.36"
192.168.9.114 - - [20/Dec/2017:15:47:42 +0800] "POST /archive/api/archiveInfo HTTP/1.1" 200 114 "-" "Mozilla/4.0 (compatible; MSIE 6.0; Windows NT 5.1;SV1)"
10.17.212.5 - - [20/Dec/2017:15:47:42 +0800] "GET /cdc/a/websocket/iframe.html HTTP/1.1" 200 490 "http://192.137.31.69:9071/cdc/a/doctor/archive/detail?personcard=310108195906074439&kp=eyJjcmVhdGVSZWNvcmRPcmciOiI0MjUwODEyODAwMCIsImNyZWF0ZVJlY29yZERhdGVGcm9tIjoiIiwiY3JlYXRlUmVjb3JkRGF0ZUVuZCI6IiIsImNyZWF0ZVJlY29yZERvY0lkIjoiIiwicmVjb3JkU3RhdHVzIjoiIiwic2lnblN0YXR1cyI6IiIsImlzVGhyZWVTaWduIjoiIiwiYWRkcmVzc0NvdW50eSI6IiIsImFkZHJlc3NUb3duIjoiIiwiYWRkcmVzc0NvbW1pdHRlZSI6IiIsImdlbmRlciI6IiIsImFnZUZyb20iOiIwIiwiYWdlRW5kIjoiMTIwIiwiaXNEZWF0aCI6IiIsImlzRGlzYWJpbGl0eSI6IiIsIm1hbmFnZXJPcmciOiIiLCJjcmVhdGVSZWNvcmRTeXN0ZW0iOiIiLCJwZW9wbGVUeXBlIjoiIiwia2V5d29yZCI6IjMxMDEwODE5NTkwNjA3NDQzOSIsInBhZ2VTaXplIjoxMCwicGFnZUluZGV4IjowLCJzb3J0RmllbGQiOiIiLCJzb3J0T3JkZXIiOiIifQ%3D%3D" "Mozilla/4.0 (compatible; MSIE 8.0; Windows NT 5.1; Trident/4.0; InfoPath.2; .NET4.0C; .NET4.0E)"
192.168.9.87 - - [20/Dec/2017:15:47:42 +0800] "POST /clinic/jky HTTP/1.1" 200 890 "-" "Mozilla/5.0 (Windows NT 6.1; WOW64) AppleWebKit/537.36 (KHTML, like Gecko) Chrome/39.0.2171.95 Safari/537.36"
192.168.9.87 - - [20/Dec/2017:15:47:42 +0800] "POST /clinic/jky HTTP/1.1" 200 858 "-" "Mozilla/5.0 (Windows NT 6.1; WOW64) AppleWebKit/537.36 (KHTML, like Gecko) Chrome/39.0.2171.95 Safari/537.36"
12.113.50.117 - - [20/Dec/2017:15:47:42 +0800] "POST /clinic/jky HTTP/1.1" 200 1811 "-" "Mozilla/5.0 (Windows NT 6.1; WOW64) AppleWebKit/537.36 (KHTML, like Gecko) Chrome/39.0.2171.95 Safari/537.36"
192.168.9.114 - - [20/Dec/2017:15:47:43 +0800] "POST /archive/api/archiveInfo HTTP/1.1" 200 114 "-" "Mozilla/4.0 (compatible; MSIE 6.0; Windows NT 5.1;SV1)"
192.168.9.114 - - [20/Dec/2017:15:47:43 +0800] "POST /archive/api/archiveInfo HTTP/1.1" 200 114 "-" "Mozilla/4.0 (compatible; MSIE 6.0; Windows NT 5.1;SV1)"
192.168.9.114 - - [20/Dec/2017:15:47:43 +0800] "POST /archive/api/archiveInfo HTTP/1.1" 200 114 "-" "Mozilla/4.0 (compatible; MSIE 6.0; Windows NT 5.1;SV1)"
192.168.9.114 - - [20/Dec/2017:15:47:43 +0800] "POST /archive/api/archiveInfo HTTP/1.1" 200 114 "-" "Mozilla/4.0 (compatible; MSIE 6.0; Windows NT 5.1;SV1)"
12.113.50.117 - - [20/Dec/2017:15:47:43 +0800] "POST /clinic/jky HTTP/1.1" 200 901 "-" "Mozilla/5.0 (Windows NT 6.1; WOW64) AppleWebKit/537.36 (KHTML, like Gecko) Chrome/39.0.2171.95 Safari/537.36"
12.113.50.117 - - [20/Dec/2017:15:47:43 +0800] "POST /clinic/jky HTTP/1.1" 200 901 "-" "Mozilla/5.0 (Windows NT 6.1; WOW64) AppleWebKit/537.36 (KHTML, like Gecko) Chrome/39.0.2171.95 Safari/537.36"
12.113.50.117 - - [20/Dec/2017:15:47:43 +0800] "POST /clinic/jky HTTP/1.1" 200 901 "-" "Mozilla/5.0 (Windows NT 6.1; WOW64) AppleWebKit/537.36 (KHTML, like Gecko) Chrome/39.0.2171.95 Safari/537.36"
192.168.9.87 - - [20/Dec/2017:15:47:43 +0800] "POST /clinic/jky HTTP/1.1" 200 890 "-" "Mozilla/5.0 (Windows NT 6.1; WOW64) AppleWebKit/537.36 (KHTML, like Gecko) Chrome/39.0.2171.95 Safari/537.36"
192.168.9.114 - - [20/Dec/2017:15:47:43 +0800] "POST /archive/api/archiveInfo HTTP/1.1" 200 114 "-" "Mozilla/4.0 (compatible; MSIE 6.0; Windows NT 5.1;SV1)"
12.113.50.117 - - [20/Dec/2017:15:47:43 +0800] "POST /clinic/jky HTTP/1.1" 200 901 "-" "Mozilla/5.0 (Windows NT 6.1; WOW64) AppleWebKit/537.36 (KHTML, like Gecko) Chrome/39.0.2171.95 Safari/537.36"
192.168.9.114 - - [20/Dec/2017:15:47:43 +0800] "POST /archive/api/archiveInfo HTTP/1.1" 200 114 "-" "Mozilla/4.0 (compatible; MSIE 6.0; Windows NT 5.1;SV1)"
12.113.50.117 - - [20/Dec/2017:15:47:43 +0800] "POST /clinic/jky HTTP/1.1" 200 1887 "-" "Mozilla/5.0 (Windows NT 6.1; WOW64) AppleWebKit/537.36 (KHTML, like Gecko) Chrome/39.0.2171.95 Safari/537.36"
192.168.9.114 - - [20/Dec/2017:15:47:43 +0800] "POST /archive/api/archiveInfo HTTP/1.1" 200 114 "-" "Mozilla/4.0 (compatible; MSIE 6.0; Windows NT 5.1;SV1)"
192.168.9.87 - - [20/Dec/2017:15:47:43 +0800] "POST /clinic/jky HTTP/1.1" 200 901 "-" "Mozilla/5.0 (Windows NT 6.1; WOW64) AppleWebKit/537.36 (KHTML, like Gecko) Chrome/39.0.2171.95 Safari/537.36"
192.168.9.114 - - [20/Dec/2017:15:47:44 +0800] "POST /archive/api/submit HTTP/1.1" 200 44 "-" "Mozilla/4.0 (compatible; MSIE 6.0; Windows NT 5.1;SV1)"
10.17.209.3 - - [20/Dec/2017:15:47:44 +0800] "POST /cdc/a/doctor/signmanage/saveFamSign HTTP/1.1" 200 53 "http://192.168.0.25:9071/cdc/a/doctor/signmanage/addNew?personcard=310113201305223610" "Mozilla/5.0 (Windows NT 5.1; rv:52.0) Gecko/20100101 Firefox/52.0"
192.168.9.114 - - [20/Dec/2017:15:47:44 +0800] "POST /archive/api/archiveInfo HTTP/1.1" 200 114 "-" "Mozilla/4.0 (compatible; MSIE 6.0; Windows NT 5.1;SV1)"
192.168.9.84 - - [20/Dec/2017:15:47:44 +0800] "POST /archive/api/submit HTTP/1.1" 200 93 "-" "Mozilla/4.0 (compatible; MSIE 6.0; Windows NT 5.1;SV1)"
192.168.9.114 - - [20/Dec/2017:15:47:44 +0800] "POST /archive/api/archiveInfo HTTP/1.1" 200 114 "-" "Mozilla/4.0 (compatible; MSIE 6.0; Windows NT 5.1;SV1)"
192.168.9.114 - - [20/Dec/2017:15:47:44 +0800] "POST /archive/api/archiveInfo HTTP/1.1" 200 114 "-" "Mozilla/4.0 (compatible; MSIE 6.0; Windows NT 5.1;SV1)"
12.113.50.117 - - [20/Dec/2017:15:47:44 +0800] "POST /clinic/jky HTTP/1.1" 200 1854 "-" "Mozilla/5.0 (Windows NT 6.1; WOW64) AppleWebKit/537.36 (KHTML, like Gecko) Chrome/39.0.2171.95 Safari/537.36"
192.168.9.114 - - [20/Dec/2017:15:47:44 +0800] "POST /archive/api/archiveInfo HTTP/1.1" 200 114 "-" "Mozilla/4.0 (compatible; MSIE 6.0; Windows NT 5.1;SV1)"
192.168.9.87 - - [20/Dec/2017:15:47:44 +0800] "POST /clinic/jky HTTP/1.1" 200 1618 "-" "Mozilla/5.0 (Windows NT 6.1; WOW64) AppleWebKit/537.36 (KHTML, like Gecko) Chrome/39.0.2171.95 Safari/537.36"
12.113.50.117 - - [20/Dec/2017:15:47:44 +0800] "POST /clinic/jky HTTP/1.1" 200 1854 "-" "Mozilla/5.0 (Windows NT 6.1; WOW64) AppleWebKit/537.36 (KHTML, like Gecko) Chrome/39.0.2171.95 Safari/537.36"
12.113.50.117 - - [20/Dec/2017:15:47:44 +0800] "POST /clinic/jky HTTP/1.1" 200 1854 "-" "Mozilla/5.0 (Windows NT 6.1; WOW64) AppleWebKit/537.36 (KHTML, like Gecko) Chrome/39.0.2171.95 Safari/537.36"
192.168.9.114 - - [20/Dec/2017:15:47:44 +0800] "POST /archive/api/archiveInfo HTTP/1.1" 200 114 "-" "Mozilla/4.0 (compatible; MSIE 6.0; Windows NT 5.1;SV1)"
192.168.9.87 - - [20/Dec/2017:15:47:44 +0800] "POST /clinic/jky HTTP/1.1" 200 1153 "-" "Mozilla/5.0 (Windows NT 6.1; WOW64) AppleWebKit/537.36 (KHTML, like Gecko) Chrome/39.0.2171.95 Safari/537.36"
192.168.9.114 - - [20/Dec/2017:15:47:44 +0800] "POST /archive/api/archiveInfo HTTP/1.1" 200 114 "-" "Mozilla/4.0 (compatible; MSIE 6.0; Windows NT 5.1;SV1)"
192.168.9.114 - - [20/Dec/2017:15:47:44 +0800] "POST /archive/api/archiveInfo HTTP/1.1" 200 114 "-" "Mozilla/4.0 (compatible; MSIE 6.0; Windows NT 5.1;SV1)"
192.168.9.114 - - [20/Dec/2017:15:47:45 +0800] "POST /archive/api/archiveInfo HTTP/1.1" 200 114 "-" "Mozilla/4.0 (compatible; MSIE 6.0; Windows NT 5.1;SV1)"
12.113.50.117 - - [20/Dec/2017:15:47:45 +0800] "POST /clinic/jky HTTP/1.1" 200 1314 "-" "Mozilla/5.0 (Windows NT 6.1; WOW64) AppleWebKit/537.36 (KHTML, like Gecko) Chrome/39.0.2171.95 Safari/537.36"
192.168.9.87 - - [20/Dec/2017:15:47:45 +0800] "POST /clinic/jky HTTP/1.1" 200 869 "-" "Mozilla/5.0 (Windows NT 6.1; WOW64) AppleWebKit/537.36 (KHTML, like Gecko) Chrome/39.0.2171.95 Safari/537.36"
192.168.9.87 - - [20/Dec/2017:15:47:45 +0800] "POST /clinic/jky HTTP/1.1" 200 869 "-" "Mozilla/5.0 (Windows NT 6.1; WOW64) AppleWebKit/537.36 (KHTML, like Gecko) Chrome/39.0.2171.95 Safari/537.36"
192.168.9.114 - - [20/Dec/2017:15:47:45 +0800] "POST /archive/api/archiveInfo HTTP/1.1" 200 114 "-" "Mozilla/4.0 (compatible; MSIE 6.0; Windows NT 5.1;SV1)"
192.168.9.87 - - [20/Dec/2017:15:47:45 +0800] "POST /clinic/jky HTTP/1.1" 200 858 "-" "Mozilla/5.0 (Windows NT 6.1; WOW64) AppleWebKit/537.36 (KHTML, like Gecko) Chrome/39.0.2171.95 Safari/537.36"
192.168.9.114 - - [20/Dec/2017:15:47:45 +0800] "POST /archive/api/archiveInfo HTTP/1.1" 200 114 "-" "Mozilla/4.0 (compatible; MSIE 6.0; Windows NT 5.1;SV1)"
12.113.50.117 - - [20/Dec/2017:15:47:45 +0800] "POST /clinic/jky HTTP/1.1" 200 890 "-" "Mozilla/5.0 (Windows NT 6.1; WOW64) AppleWebKit/537.36 (KHTML, like Gecko) Chrome/39.0.2171.95 Safari/537.36"
10.17.212.5 - - [20/Dec/2017:15:47:45 +0800] "POST /cdc/doctor/signfacade/workstation/checkIdcard HTTP/1.1" 302 0 "http://192.137.31.69:9071/cdc/doctor/signfacade/workstation/add" "Mozilla/4.0 (compatible; MSIE 7.0; Windows NT 5.1; Trident/4.0; .NET CLR 2.0.50727; .NET CLR 3.0.4506.2152; .NET CLR 3.5.30729)"
10.17.208.5 - - [20/Dec/2017:15:47:45 +0800] "GET /cdc/doctor/signfacade/workstation/list HTTP/1.1" 200 3897 "http://192.1.1.186:9071/cdc/clinic/facade/workstation?interfaceKey=sNb4uMdGByuXODpLAflcDA&clinicid=1341ae3e058f459d81a2d73e4be7ab0b&param=I-jB-bGj8f5hQPQ_Xys1TpUha2yA0aTVv1UZ2gt-TwkErRBa6H5JDXBCVRKw214DIC-y9xFQRZZ6ut521Fp4GF6Ywc6jjpAptB4J18jzNtQJk_wkaJzwg16Ywc6jjpAptB4J18jzNtT-mhlTjc6DF197GGzX1ppW3I1vdUnNGmWpXvCryppsq83-4d__aYXfeesOMOhi_YyNiGbKsQ8SRv9ufYSDHFwEZZFbV2QpRG_rSGPQ1ThI6naxKswV1nOLRhXljYnuByVs7nZsjAR1cE915eW5SeOL4D2HcvVoxRAoA96pBLId67Ax-t4Gf4CvjbBK8DeQACO4Pw5-SZW7OjpA8klNWM9_yIcsXZjE-o0Q-5HR772f_g&" "Mozilla/4.0 (compatible; MSIE 8.0; Windows NT 6.1; WOW64; Trident/4.0; SLCC2; .NET CLR 2.0.50727; .NET CLR 3.5.30729; .NET CLR 3.0.30729; Media Center PC 6.0; InfoPath.2; .NET4.0C; .NET4.0E)"
10.17.208.5 - - [20/Dec/2017:15:47:45 +0800] "GET /cdc/static/workstation/css/reset.css HTTP/1.1" 200 698 "http://192.1.1.186:9071/cdc/doctor/signfacade/workstation/list" "Mozilla/4.0 (compatible; MSIE 8.0; Windows NT 6.1; WOW64; Trident/4.0; SLCC2; .NET CLR 2.0.50727; .NET CLR 3.5.30729; .NET CLR 3.0.30729; Media Center PC 6.0; InfoPath.2; .NET4.0C; .NET4.0E)"
10.17.208.5 - - [20/Dec/2017:15:47:45 +0800] "GET /cdc/static/workstation/css/grids.css HTTP/1.1" 200 661 "http://192.1.1.186:9071/cdc/doctor/signfacade/workstation/list" "Mozilla/4.0 (compatible; MSIE 8.0; Windows NT 6.1; WOW64; Trident/4.0; SLCC2; .NET CLR 2.0.50727; .NET CLR 3.5.30729; .NET CLR 3.0.30729; Media Center PC 6.0; InfoPath.2; .NET4.0C; .NET4.0E)"
10.17.208.5 - - [20/Dec/2017:15:47:45 +0800] "GET /cdc/static/workstation/css/dialog_style.css HTTP/1.1" 200 740 "http://192.1.1.186:9071/cdc/doctor/signfacade/workstation/list" "Mozilla/4.0 (compatible; MSIE 8.0; Windows NT 6.1; WOW64; Trident/4.0; SLCC2; .NET CLR 2.0.50727; .NET CLR 3.5.30729; .NET CLR 3.0.30729; Media Center PC 6.0; InfoPath.2; .NET4.0C; .NET4.0E)"
10.17.208.5 - - [20/Dec/2017:15:47:45 +0800] "GET /cdc/static/workstation/css/tool.css HTTP/1.1" 200 916 "http://192.1.1.186:9071/cdc/doctor/signfacade/workstation/list" "Mozilla/4.0 (compatible; MSIE 8.0; Windows NT 6.1; WOW64; Trident/4.0; SLCC2; .NET CLR 2.0.50727; .NET CLR 3.5.30729; .NET CLR 3.0.30729; Media Center PC 6.0; InfoPath.2; .NET4.0C; .NET4.0E)"
10.17.208.5 - - [20/Dec/2017:15:47:45 +0800] "GET /cdc/static/workstation/css/head.css HTTP/1.1" 200 498 "http://192.1.1.186:9071/cdc/doctor/signfacade/workstation/list" "Mozilla/4.0 (compatible; MSIE 8.0; Windows NT 6.1; WOW64; Trident/4.0; SLCC2; .NET CLR 2.0.50727; .NET CLR 3.5.30729; .NET CLR 3.0.30729; Media Center PC 6.0; InfoPath.2; .NET4.0C; .NET4.0E)"
10.17.208.5 - - [20/Dec/2017:15:47:45 +0800] "GET /cdc/static/workstation/css/style.css HTTP/1.1" 200 1348 "http://192.1.1.186:9071/cdc/doctor/signfacade/workstation/list" "Mozilla/4.0 (compatible; MSIE 8.0; Windows NT 6.1; WOW64; Trident/4.0; SLCC2; .NET CLR 2.0.50727; .NET CLR 3.5.30729; .NET CLR 3.0.30729; Media Center PC 6.0; InfoPath.2; .NET4.0C; .NET4.0E)"
10.17.208.5 - - [20/Dec/2017:15:47:45 +0800] "GET /cdc/static/miniui/vtype.js HTTP/1.1" 200 14359 "http://192.1.1.186:9071/cdc/doctor/signfacade/workstation/list" "Mozilla/4.0 (compatible; MSIE 8.0; Windows NT 6.1; WOW64; Trident/4.0; SLCC2; .NET CLR 2.0.50727; .NET CLR 3.5.30729; .NET CLR 3.0.30729; Media Center PC 6.0; InfoPath.2; .NET4.0C; .NET4.0E)"
10.17.208.5 - - [20/Dec/2017:15:47:45 +0800] "GET /cdc/static/workstation/css/page.css HTTP/1.1" 200 8116 "http://192.1.1.186:9071/cdc/doctor/signfacade/workstation/list" "Mozilla/4.0 (compatible; MSIE 8.0; Windows NT 6.1; WOW64; Trident/4.0; SLCC2; .NET CLR 2.0.50727; .NET CLR 3.5.30729; .NET CLR 3.0.30729; Media Center PC 6.0; InfoPath.2; .NET4.0C; .NET4.0E)"
10.17.208.5 - - [20/Dec/2017:15:47:45 +0800] "GET /cdc/static/miniui/form.js HTTP/1.1" 200 23716 "http://192.1.1.186:9071/cdc/doctor/signfacade/workstation/list" "Mozilla/4.0 (compatible; MSIE 8.0; Windows NT 6.1; WOW64; Trident/4.0; SLCC2; .NET CLR 2.0.50727; .NET CLR 3.5.30729; .NET CLR 3.0.30729; Media Center PC 6.0; InfoPath.2; .NET4.0C; .NET4.0E)"
10.17.208.5 - - [20/Dec/2017:15:47:45 +0800] "GET /cdc/static/main/wd_js/inputSkip.js HTTP/1.1" 200 21551 "http://192.1.1.186:9071/cdc/doctor/signfacade/workstation/list" "Mozilla/4.0 (compatible; MSIE 8.0; Windows NT 6.1; WOW64; Trident/4.0; SLCC2; .NET CLR 2.0.50727; .NET CLR 3.5.30729; .NET CLR 3.0.30729; Media Center PC 6.0; InfoPath.2; .NET4.0C; .NET4.0E)"
10.17.208.5 - - [20/Dec/2017:15:47:45 +0800] "GET /cdc/static/common/search.js HTTP/1.1" 200 2170 "http://192.1.1.186:9071/cdc/doctor/signfacade/workstation/list" "Mozilla/4.0 (compatible; MSIE 8.0; Windows NT 6.1; WOW64; Trident/4.0; SLCC2; .NET CLR 2.0.50727; .NET CLR 3.5.30729; .NET CLR 3.0.30729; Media Center PC 6.0; InfoPath.2; .NET4.0C; .NET4.0E)"
192.168.9.114 - - [20/Dec/2017:15:47:45 +0800] "POST /archive/api/archiveInfo HTTP/1.1" 200 114 "-" "Mozilla/4.0 (compatible; MSIE 6.0; Windows NT 5.1;SV1)"
12.113.50.117 - - [20/Dec/2017:15:47:45 +0800] "POST /clinic/jky HTTP/1.1" 200 858 "-" "Mozilla/5.0 (Windows NT 6.1; WOW64) AppleWebKit/537.36 (KHTML, like Gecko) Chrome/39.0.2171.95 Safari/537.36"
192.168.9.114 - - [20/Dec/2017:15:47:45 +0800] "POST /archive/api/archiveInfo HTTP/1.1" 200 114 "-" "Mozilla/4.0 (compatible; MSIE 6.0; Windows NT 5.1;SV1)"
192.168.9.87 - - [20/Dec/2017:15:47:45 +0800] "POST /clinic/jky HTTP/1.1" 200 890 "-" "Mozilla/5.0 (Windows NT 6.1; WOW64) AppleWebKit/537.36 (KHTML, like Gecko) Chrome/39.0.2171.95 Safari/537.36"
192.168.9.114 - - [20/Dec/2017:15:47:46 +0800] "POST /archive/api/archiveInfo HTTP/1.1" 200 114 "-" "Mozilla/4.0 (compatible; MSIE 6.0; Windows NT 5.1;SV1)"
12.113.50.117 - - [20/Dec/2017:15:47:46 +0800] "POST /clinic/jky HTTP/1.1" 200 1271 "-" "Mozilla/5.0 (Windows NT 6.1; WOW64) AppleWebKit/537.36 (KHTML, like Gecko) Chrome/39.0.2171.95 Safari/537.36"
192.168.9.114 - - [20/Dec/2017:15:47:46 +0800] "POST /archive/api/archiveInfo HTTP/1.1" 200 114 "-" "Mozilla/4.0 (compatible; MSIE 6.0; Windows NT 5.1;SV1)"
192.168.9.87 - - [20/Dec/2017:15:47:46 +0800] "POST /clinic/jky HTTP/1.1" 200 847 "-" "Mozilla/5.0 (Windows NT 6.1; WOW64) AppleWebKit/537.36 (KHTML, like Gecko) Chrome/39.0.2171.95 Safari/537.36"
10.17.212.5 - - [20/Dec/2017:15:47:46 +0800] "GET /cdc/doctor/signfacade/workstation/form?yljg=42508128000&gpmc=%E8%83%A1%E6%99%93%E5%BA%86&gpid=163&czrybm=163&czryxm=%E8%83%A1%E6%99%93%E5%BA%86&gpdh=null&yszyzh=null&idcard=310108194712104420&sfzh=310108194712104420 HTTP/1.1" 200 20443 "http://192.137.31.69:9071/cdc/doctor/signfacade/workstation/add" "Mozilla/4.0 (compatible; MSIE 7.0; Windows NT 5.1; Trident/4.0; .NET CLR 2.0.50727; .NET CLR 3.0.4506.2152; .NET CLR 3.5.30729)"
10.17.208.5 - - [20/Dec/2017:15:47:46 +0800] "GET /cdc/static/workstation/images/icon-search-white.png HTTP/1.1" 200 3005 "http://192.1.1.186:9071/cdc/doctor/signfacade/workstation/list" "Mozilla/4.0 (compatible; MSIE 8.0; Windows NT 6.1; WOW64; Trident/4.0; SLCC2; .NET CLR 2.0.50727; .NET CLR 3.5.30729; .NET CLR 3.0.30729; Media Center PC 6.0; InfoPath.2; .NET4.0C; .NET4.0E)"
10.17.208.5 - - [20/Dec/2017:15:47:46 +0800] "GET /cdc/static/miniui/themes/wanda/images/grid/footer.png HTTP/1.1" 200 217 "http://192.1.1.186:9071/cdc/doctor/signfacade/workstation/list" "Mozilla/4.0 (compatible; MSIE 8.0; Windows NT 6.1; WOW64; Trident/4.0; SLCC2; .NET CLR 2.0.50727; .NET CLR 3.5.30729; .NET CLR 3.0.30729; Media Center PC 6.0; InfoPath.2; .NET4.0C; .NET4.0E)"
10.17.209.3 - - [20/Dec/2017:15:47:46 +0800] "GET /cdc/a/doctor/resident/list HTTP/1.1" 200 11094 "http://192.168.0.25:9071/cdc/a/doctor/signmanage/addNew?personcard=310113201305223610" "Mozilla/5.0 (Windows NT 5.1; rv:52.0) Gecko/20100101 Firefox/52.0"
10.17.208.5 - - [20/Dec/2017:15:47:46 +0800] "GET /cdc/static/miniui/themes/wanda/images/pager/prev.png HTTP/1.1" 200 1178 "http://192.1.1.186:9071/cdc/doctor/signfacade/workstation/list" "Mozilla/4.0 (compatible; MSIE 8.0; Windows NT 6.1; WOW64; Trident/4.0; SLCC2; .NET CLR 2.0.50727; .NET CLR 3.5.30729; .NET CLR 3.0.30729; Media Center PC 6.0; InfoPath.2; .NET4.0C; .NET4.0E)"
10.17.208.5 - - [20/Dec/2017:15:47:46 +0800] "GET /cdc/static/miniui/themes/wanda/images/pager/first.png HTTP/1.1" 200 1255 "http://192.1.1.186:9071/cdc/doctor/signfacade/workstation/list" "Mozilla/4.0 (compatible; MSIE 8.0; Windows NT 6.1; WOW64; Trident/4.0; SLCC2; .NET CLR 2.0.50727; .NET CLR 3.5.30729; .NET CLR 3.0.30729; Media Center PC 6.0; InfoPath.2; .NET4.0C; .NET4.0E)"
192.168.9.114 - - [20/Dec/2017:15:47:46 +0800] "POST /archive/api/archiveInfo HTTP/1.1" 200 114 "-" "Mozilla/4.0 (compatible; MSIE 6.0; Windows NT 5.1;SV1)"
10.17.208.5 - - [20/Dec/2017:15:47:46 +0800] "GET /cdc/static/miniui/themes/wanda/images/pager/last.png HTTP/1.1" 200 1245 "http://192.1.1.186:9071/cdc/doctor/signfacade/workstation/list" "Mozilla/4.0 (compatible; MSIE 8.0; Windows NT 6.1; WOW64; Trident/4.0; SLCC2; .NET CLR 2.0.50727; .NET CLR 3.5.30729; .NET CLR 3.0.30729; Media Center PC 6.0; InfoPath.2; .NET4.0C; .NET4.0E)"
